
Hexadecimal

Area                               Addr   Size   Decimal Bytes (Attributes)
--------------------------------   ----   ----   ------- ----- ------------
.  .ABS.                           0000   0000 =      0. bytes (ABS,OVR)

      Value  Global
   --------  --------------------------------
     0000    l_GSINIT
     0000    l_GSINIT1
     0000    l_GSINIT5
     0000    l_HOME
     0000    l_ISEG
     0000    l_OSEG
     0000    l_PSEG
     0000    l_REG_BANK_1
     0000    l_REG_BANK_2
     0000    l_REG_BANK_3
     0000    l_RSEG
     0000    l__CODE
     0000    s_BSEG
     0000    s_CSEG
     0000    s_DSEG
     0000    s_PSEG
     0000    s_REG_BANK_0
     0000    s_XSEG
     0000    s__CODE
     0001    l_BSEG_BYTES
     0002    l_BSEG
     0003    l_GSFINAL
     0003    l_GSINIT0
     0008    l_REG_BANK_0
     0008    s_REG_BANK_1
     000A    l_GSINIT2
     0010    l_XINIT
     0010    l_XISEG
     0010    s_REG_BANK_2
     0018    s_REG_BANK_3
     0020    s_BSEG_BYTES
     0021    s_SSEG
     0022    l_GSINIT3
     002A    l_GSINIT4
     0056    l_XSEG
     0056    s_XISEG
     0075    l_DSEG
     0080    G$P0$0$0
     0080    G$P0_0$0$0
     0080    _P0
     0080    _P0_0
     0080    s_ISEG
     0080    s_OSEG
     0081    G$P0_1$0$0
     0081    G$SP$0$0
     0081    _P0_1
     0081    _SP
     0082    G$DPL$0$0
     0082    G$P0_2$0$0
     0082    _DPL
     0082    _P0_2
     0083    G$DPH$0$0
     0083    G$P0_3$0$0
     0083    _DPH
     0083    _P0_3
     0084    G$P0_4$0$0
     0084    _P0_4
     0085    G$P0_5$0$0
     0085    _P0_5
     0086    G$P0_6$0$0
     0086    _P0_6
     0087    G$P0_7$0$0
     0087    G$PCON$0$0
     0087    _P0_7
     0087    _PCON
     0088    G$IT0$0$0
     0088    G$TCON$0$0
     0088    _IT0
     0088    _TCON
     0089    G$IE0$0$0
     0089    G$TMOD$0$0
     0089    _IE0
     0089    _TMOD
     008A    G$IT1$0$0
     008A    G$TL0$0$0
     008A    _IT1
     008A    _TL0
     008B    G$IE1$0$0
     008B    G$TL1$0$0
     008B    _IE1
     008B    _TL1
     008C    G$TH0$0$0
     008C    G$TR0$0$0
     008C    _TH0
     008C    _TR0
     008D    G$TF0$0$0
     008D    G$TH1$0$0
     008D    _TF0
     008D    _TH1
     008E    G$TR1$0$0
     008E    _TR1
     008F    G$TF1$0$0
     008F    _TF1
     0090    G$P1$0$0
     0090    G$P1_0$0$0
     0090    G$T2$0$0
     0090    _P1
     0090    _P1_0
     0090    _T2
     0091    G$P1_1$0$0
     0091    G$T2EX$0$0
     0091    _P1_1
     0091    _T2EX
     0092    G$P1_2$0$0
     0092    _P1_2
     0093    G$P1_3$0$0
     0093    _P1_3
     0094    G$P1_4$0$0
     0094    _P1_4
     0095    G$P1_5$0$0
     0095    _P1_5
     0096    G$P1_6$0$0
     0096    _P1_6
     0097    G$P1_7$0$0
     0097    _P1_7
     0098    G$RI$0$0
     0098    G$SCON$0$0
     0098    _RI
     0098    _SCON
     0099    G$SBUF$0$0
     0099    G$TI$0$0
     0099    _SBUF
     0099    _TI
     009A    G$RB8$0$0
     009A    _RB8
     009B    G$TB8$0$0
     009B    _TB8
     009C    G$REN$0$0
     009C    _REN
     009D    G$SM2$0$0
     009D    _SM2
     009E    G$SM1$0$0
     009E    _SM1
     009F    G$SM0$0$0
     009F    _SM0
     00A0    G$P2$0$0
     00A0    G$P2_0$0$0
     00A0    _P2
     00A0    _P2_0
     00A0    __XPAGE
     00A1    G$P2_1$0$0
     00A1    _P2_1
     00A2    G$P2_2$0$0
     00A2    _P2_2
     00A3    G$P2_3$0$0
     00A3    _P2_3
     00A4    G$P2_4$0$0
     00A4    _P2_4
     00A5    G$P2_5$0$0
     00A5    _P2_5
     00A6    G$P2_6$0$0
     00A6    _P2_6
     00A7    G$P2_7$0$0
     00A7    _P2_7
     00A8    G$EX0$0$0
     00A8    G$IE$0$0
     00A8    _EX0
     00A8    _IE
     00A9    G$ET0$0$0
     00A9    _ET0
     00AA    G$EX1$0$0
     00AA    _EX1
     00AB    G$ET1$0$0
     00AB    _ET1
     00AC    G$ES$0$0
     00AC    _ES
     00AD    G$ET2$0$0
     00AD    _ET2
     00AF    G$EA$0$0
     00AF    _EA
     00B0    G$P3$0$0
     00B0    G$P3_0$0$0
     00B0    G$RXD$0$0
     00B0    _P3
     00B0    _P3_0
     00B0    _RXD
     00B1    G$P3_1$0$0
     00B1    G$TXD$0$0
     00B1    _P3_1
     00B1    _TXD
     00B2    G$INT0$0$0
     00B2    G$P3_2$0$0
     00B2    _INT0
     00B2    _P3_2
     00B3    G$INT1$0$0
     00B3    G$P3_3$0$0
     00B3    _INT1
     00B3    _P3_3
     00B4    G$P3_4$0$0
     00B4    G$T0$0$0
     00B4    _P3_4
     00B4    _T0
     00B5    G$P3_5$0$0
     00B5    G$T1$0$0
     00B5    _P3_5
     00B5    _T1
     00B6    G$P3_6$0$0
     00B6    G$WR$0$0
     00B6    _P3_6
     00B6    _WR
     00B7    G$P3_7$0$0
     00B7    G$RD$0$0
     00B7    _P3_7
     00B7    _RD
     00B8    G$IP$0$0
     00B8    G$PX0$0$0
     00B8    _IP
     00B8    _PX0
     00B9    G$PT0$0$0
     00B9    _PT0
     00BA    G$PX1$0$0
     00BA    _PX1
     00BB    G$PT1$0$0
     00BB    _PT1
     00BC    G$PS$0$0
     00BC    _PS
     00BD    G$PT2$0$0
     00BD    _PT2
     00C8    G$CP_RL2$0$0
     00C8    G$T2CON$0$0
     00C8    G$T2CON_0$0$0
     00C8    _CP_RL2
     00C8    _T2CON
     00C8    _T2CON_0
     00C9    G$C_T2$0$0
     00C9    G$T2CON_1$0$0
     00C9    G$T2MOD$0$0
     00C9    _C_T2
     00C9    _T2CON_1
     00C9    _T2MOD
     00CA    G$RCAP2L$0$0
     00CA    G$T2CON_2$0$0
     00CA    G$TR2$0$0
     00CA    _RCAP2L
     00CA    _T2CON_2
     00CA    _TR2
     00CB    G$EXEN2$0$0
     00CB    G$RCAP2H$0$0
     00CB    G$T2CON_3$0$0
     00CB    _EXEN2
     00CB    _RCAP2H
     00CB    _T2CON_3
     00CC    G$T2CON_4$0$0
     00CC    G$TCLK$0$0
     00CC    G$TL2$0$0
     00CC    _T2CON_4
     00CC    _TCLK
     00CC    _TL2
     00CD    G$RCLK$0$0
     00CD    G$T2CON_5$0$0
     00CD    G$TH2$0$0
     00CD    _RCLK
     00CD    _T2CON_5
     00CD    _TH2
     00CE    G$EXF2$0$0
     00CE    G$T2CON_6$0$0
     00CE    _EXF2
     00CE    _T2CON_6
     00CF    G$T2CON_7$0$0
     00CF    G$TF2$0$0
     00CF    _T2CON_7
     00CF    _TF2
     00D0    G$P$0$0
     00D0    G$PSW$0$0
     00D0    _P
     00D0    _PSW
     00D1    G$FL$0$0
     00D1    _FL
     00D2    G$OV$0$0
     00D2    _OV
     00D3    G$RS0$0$0
     00D3    _RS0
     00D4    G$RS1$0$0
     00D4    _RS1
     00D5    G$F0$0$0
     00D5    _F0
     00D6    G$AC$0$0
     00D6    _AC
     00D7    G$CY$0$0
     00D7    _CY
     00DF    l_SSEG
     00E0    G$A$0$0
     00E0    G$ACC$0$0
     00E0    _A
     00E0    _ACC
     00F0    G$B$0$0
     00F0    _B
     0100    l_IRAM
     0100    s_RSEG
     1B0E    l_CSEG
     1B0E    s_GSINIT0
     1B11    s_GSINIT1
     1B11    s_GSINIT2
     1B1B    s_GSINIT3
     1B3D    s_GSINIT4
     1B67    s_GSFINAL
     1B67    s_GSINIT
     1B67    s_GSINIT5
     1B6A    s_HOME
     1B6A    s_XINIT

Hexadecimal

Area                               Addr   Size   Decimal Bytes (Attributes)
--------------------------------   ----   ----   ------- ----- ------------
_CODE                              0000   0000 =      0. bytes (REL,CON)

Hexadecimal

Area                               Addr   Size   Decimal Bytes (Attributes)
--------------------------------   ----   ----   ------- ----- ------------
REG_BANK_0                         0000   0008 =      8. bytes (REL,OVR)

Hexadecimal

Area                               Addr   Size   Decimal Bytes (Attributes)
--------------------------------   ----   ----   ------- ----- ------------
REG_BANK_1                         0008   0000 =      0. bytes (REL,OVR)

Hexadecimal

Area                               Addr   Size   Decimal Bytes (Attributes)
--------------------------------   ----   ----   ------- ----- ------------
REG_BANK_2                         0010   0000 =      0. bytes (REL,OVR)

Hexadecimal

Area                               Addr   Size   Decimal Bytes (Attributes)
--------------------------------   ----   ----   ------- ----- ------------
REG_BANK_3                         0018   0000 =      0. bytes (REL,OVR)

Hexadecimal

Area                               Addr   Size   Decimal Bits  (Attributes)
--------------------------------   ----   ----   ------- ----- ------------
BSEG                               0000   0002 =      2. bits  (REL,CON,BIT)

      Value  Global
   --------  --------------------------------
  0B:0000    _sincosf_sign_1_1
  0B:0001    __divuint_c_1_1

Hexadecimal

Area                               Addr   Size   Decimal Bytes (Attributes)
--------------------------------   ----   ----   ------- ----- ------------
BSEG_BYTES                         0020   0001 =      1. bytes (REL,CON)

Hexadecimal

Area                               Addr   Size   Decimal Bytes (Attributes)
--------------------------------   ----   ----   ------- ----- ------------
DSEG                               0000   0075 =    117. bytes (REL,CON)

      Value  Global
   --------  --------------------------------
     0008    Lmain$sloc0$1$0
     0008    _main_sloc0_1_0
     000C    _sincosf_sloc0_1_0
     0010    _sincosf_sloc1_1_0
     0014    _bp

Hexadecimal

Area                               Addr   Size   Decimal Bytes (Attributes)
--------------------------------   ----   ----   ------- ----- ------------
OSEG                               0080   0000 =      0. bytes (REL,OVR)

Hexadecimal

Area                               Addr   Size   Decimal Bytes (Attributes)
--------------------------------   ----   ----   ------- ----- ------------
ISEG                               0080   0000 =      0. bytes (REL,CON)

Hexadecimal

Area                               Addr   Size   Decimal Bytes (Attributes)
--------------------------------   ----   ----   ------- ----- ------------
SSEG                               0021   00DF =    223. bytes (REL,OVR)

      Value  Global
   --------  --------------------------------
     0021    __start__stack

Hexadecimal

Area                               Addr   Size   Decimal Bytes (Attributes)
--------------------------------   ----   ----   ------- ----- ------------
RSEG                               0100   0000 =      0. bytes (REL,CON)

Hexadecimal

Area                               Addr   Size   Decimal Bytes (Attributes)
--------------------------------   ----   ----   ------- ----- ------------
PSEG                               0000   0000 =      0. bytes (REL,CON,PAG,XDATA)

Hexadecimal

Area                               Addr   Size   Decimal Bytes (Attributes)
--------------------------------   ----   ----   ------- ----- ------------
XSEG                               0000   0056 =     86. bytes (REL,CON,XDATA)

      Value  Global
   --------  --------------------------------
  0D:0000    Lmain$SX$1$1
  0D:0000    _main_SX_1_1
  0D:0004    LdurationToCm$timeInMicro$1$1
  0D:0004    _durationToCm_timeInMicro_1_1
  0D:0008    Ldelay$x$1$1
  0D:0008    _delay_x_1_1
  0D:000A    LWriteData$inputData$1$1
  0D:000A    _WriteData_inputData_1_1
  0D:000B    LReadData$temp$1$1
  0D:000B    _ReadData_temp_1_1
  0D:000C    LWriteCommand$commandD$1$1
  0D:000C    _WriteCommand_commandD_1_1
  0D:000D    LCheckStatus$temp$1$1
  0D:000D    _CheckStatus_temp_1_1
  0D:000E    LWriteDisplayData$x$1$1
  0D:000E    _WriteDisplayData_x_1_1
  0D:000F    LSetAddressPointer$address$1$1
  0D:000F    _SetAddressPointer_address_1_1
  0D:0011    LSetLCDPixelAXIS$y$1$1
  0D:0011    _SetLCDPixelAXIS_PARM_2
  0D:0015    LSetLCDPixelAXIS$x$1$1
  0D:0015    _SetLCDPixelAXIS_x_1_1
  0D:0019    LClearLCDPixelAXIS$y$1$1
  0D:0019    _ClearLCDPixelAXIS_PARM_2
  0D:001D    LClearLCDPixelAXIS$x$1$1
  0D:001D    _ClearLCDPixelAXIS_x_1_1
  0D:0021    LsetLCDPixel$y$1$1
  0D:0021    _setLCDPixel_PARM_2
  0D:0023    LsetLCDPixel$line$1$1
  0D:0023    _setLCDPixel_PARM_3
  0D:0025    LsetLCDPixel$x$1$1
  0D:0025    _setLCDPixel_x_1_1
  0D:0027    LsetLCDPixel$tmp$1$1
  0D:0027    _setLCDPixel_tmp_1_1
  0D:0028    LbitMap$y$1$1
  0D:0028    _bitMap_PARM_2
  0D:002A    LbitMap$tmp$1$1
  0D:002A    _bitMap_PARM_3
  0D:002B    LbitMap$x$1$1
  0D:002B    _bitMap_x_1_1
  0D:002D    _sincosf_PARM_2
  0D:002F    _sincosf_x_1_1
  0D:0033    _sincosf_y_1_1
  0D:0037    _sincosf_f_1_1
  0D:003B    _sincosf_XN_1_1
  0D:003F    __mulint_PARM_2
  0D:0041    __modsint_PARM_2
  0D:0043    __modsint_a_1_1
  0D:0045    __moduint_PARM_2
  0D:0047    __moduint_a_1_1
  0D:0049    __moduint_count_1_1
  0D:004A    __divsint_PARM_2
  0D:004C    __divsint_a_1_1
  0D:004E    __divuint_PARM_2
  0D:0050    __divuint_a_1_1
  0D:0052    __divuint_reste_1_1
  0D:0054    _errno

Hexadecimal

Area                               Addr   Size   Decimal Bytes (Attributes)
--------------------------------   ----   ----   ------- ----- ------------
XISEG                              0056   0010 =     16. bytes (REL,CON,XDATA)

      Value  Global
   --------  --------------------------------
  0D:0056    G$duration$0$0
  0D:0056    _duration
  0D:005A    G$distances$0$0
  0D:005A    _distances
  0D:005E    G$angle$0$0
  0D:005E    _angle
  0D:0062    G$counter$0$0
  0D:0062    _counter
  0D:0064    G$numberOfScans$0$0
  0D:0064    _numberOfScans

Hexadecimal

Area                               Addr   Size   Decimal Bytes (Attributes)
--------------------------------   ----   ----   ------- ----- ------------
CSEG                               0000   1B0E =   6926. bytes (REL,CON,CODE)

      Value  Global
   --------  --------------------------------
  0C:0000    A$main$549
  0C:0003    A$main$550
  0C:000B    A$main$552
  0C:000E    A$main$578
  0C:000E    __sdcc_program_startup
  0C:0011    A$main$580
  0C:0013    A$main$600
  0C:0013    C$main.c$9$0$0
  0C:0013    G$t0$0$0
  0C:0013    _t0
  0C:0015    A$main$601
  0C:0017    A$main$602
  0C:0019    A$main$603
  0C:001B    A$main$604
  0C:001D    A$main$605
  0C:001F    A$main$606
  0C:0022    A$main$610
  0C:0022    C$main.c$10$1$1
  0C:0025    A$main$611
  0C:0026    A$main$612
  0C:0027    A$main$613
  0C:0028    A$main$614
  0C:0029    A$main$615
  0C:002A    A$main$617
  0C:002D    A$main$619
  0C:002F    A$main$621
  0C:0030    A$main$622
  0C:0031    A$main$624
  0C:0032    A$main$626
  0C:0033    A$main$627
  0C:0034    A$main$628
  0C:0035    A$main$632
  0C:0035    C$main.c$11$1$1
  0C:0037    A$main$634
  0C:0039    A$main$635
  0C:003B    A$main$636
  0C:003D    A$main$637
  0C:003F    A$main$638
  0C:0041    A$main$639
  0C:0043    A$main$642
  0C:0043    C$main.c$13$1$1
  0C:0043    XG$t0$0$0
  0C:0044    A$main$661
  0C:0044    C$main.c$14$1$1
  0C:0044    C$main.c$17$1$1
  0C:0044    G$main$0$0
  0C:0044    _main
  0C:0047    A$main$666
  0C:0047    C$main.c$18$1$1
  0C:004A    A$main$667
  0C:004D    A$main$671
  0C:004D    C$main.c$19$1$1
  0C:0050    A$main$675
  0C:0050    C$main.c$20$1$1
  0C:0053    A$main$679
  0C:0053    C$main.c$21$1$1
  0C:0056    A$main$683
  0C:0056    C$main.c$22$1$1
  0C:0058    A$main$687
  0C:0058    C$main.c$23$1$1
  0C:005A    A$main$691
  0C:005A    C$main.c$24$1$1
  0C:005D    A$main$695
  0C:005D    C$main.c$26$1$1
  0C:005F    A$main$699
  0C:005F    C$main.c$27$1$1
  0C:0061    A$main$703
  0C:0061    C$main.c$28$1$1
  0C:0063    A$main$704
  0C:0065    A$main$706
  0C:0067    A$main$707
  0C:0069    A$main$711
  0C:0069    C$main.c$30$1$1
  0C:006C    A$main$715
  0C:006C    C$main.c$31$1$1
  0C:006F    A$main$720
  0C:006F    C$main.c$32$1$1
  0C:0072    A$main$721
  0C:0075    A$main$725
  0C:0075    C$main.c$33$1$1
  0C:0078    A$main$729
  0C:0078    C$main.c$34$1$1
  0C:007B    A$main$733
  0C:007B    C$main.c$35$1$1
  0C:007D    A$main$738
  0C:007D    C$main.c$36$1$1
  0C:0080    A$main$739
  0C:0083    A$main$744
  0C:0083    C$main.c$37$1$1
  0C:0086    A$main$745
  0C:0087    A$main$746
  0C:0088    A$main$747
  0C:0089    A$main$748
  0C:008A    A$main$749
  0C:008B    A$main$752
  0C:008C    A$main$753
  0C:008D    A$main$754
  0C:008F    A$main$755
  0C:0090    A$main$756
  0C:0092    A$main$757
  0C:0094    A$main$759
  0C:0096    A$main$760
  0C:0099    A$main$765
  0C:0099    C$main.c$38$2$2
  0C:009C    A$main$766
  0C:009D    A$main$767
  0C:009E    A$main$768
  0C:009F    A$main$769
  0C:00A0    A$main$773
  0C:00A0    C$main.c$39$2$2
  0C:00A3    A$main$777
  0C:00A3    C$main.c$40$2$2
  0C:00A6    A$main$781
  0C:00A6    C$main.c$41$2$2
  0C:00A8    A$main$786
  0C:00A8    C$main.c$44$2$2
  0C:00AB    A$main$787
  0C:00AE    A$main$791
  0C:00AE    C$main.c$45$2$2
  0C:00B1    A$main$798
  0C:00B1    C$main.c$46$2$2
  0C:00B4    A$main$806
  0C:00B4    C$main.c$47$2$2
  0C:00B7    A$main$811
  0C:00B7    C$main.c$48$2$2
  0C:00B9    A$main$816
  0C:00BB    A$main$817
  0C:00BD    A$main$819
  0C:00BF    A$main$820
  0C:00C1    A$main$822
  0C:00C2    A$main$823
  0C:00C4    A$main$824
  0C:00C5    A$main$825
  0C:00C7    A$main$827
  0C:00CA    A$main$828
  0C:00CB    A$main$829
  0C:00CC    A$main$830
  0C:00CD    A$main$831
  0C:00CE    A$main$832
  0C:00CF    A$main$834
  0C:00D1    A$main$839
  0C:00D3    A$main$840
  0C:00D5    A$main$843
  0C:00D6    A$main$844
  0C:00D7    A$main$845
  0C:00D8    A$main$846
  0C:00D9    A$main$847
  0C:00DA    A$main$848
  0C:00DC    A$main$849
  0C:00DD    A$main$850
  0C:00DE    A$main$852
  0C:00DF    A$main$853
  0C:00E1    A$main$854
  0C:00E2    A$main$855
  0C:00E4    A$main$856
  0C:00E5    A$main$857
  0C:00E7    A$main$858
  0C:00E8    A$main$859
  0C:00EA    A$main$861
  0C:00ED    A$main$862
  0C:00EE    A$main$863
  0C:00EF    A$main$864
  0C:00F0    A$main$865
  0C:00F1    A$main$866
  0C:00F2    A$main$867
  0C:00F3    A$main$868
  0C:00F4    A$main$869
  0C:00F5    A$main$870
  0C:00F6    A$main$875
  0C:00F6    C$main.c$49$2$2
  0C:00F7    A$main$876
  0C:00F8    A$main$877
  0C:00FA    A$main$878
  0C:00FC    A$main$879
  0C:00FE    A$main$880
  0C:0101    A$main$881
  0C:0103    A$main$882
  0C:0105    A$main$883
  0C:0107    A$main$884
  0C:0108    A$main$889
  0C:0108    C$main.c$50$1$1
  0C:0109    A$main$890
  0C:010B    A$main$892
  0C:010C    A$main$893
  0C:010E    A$main$895
  0C:010F    A$main$896
  0C:0111    A$main$897
  0C:0113    A$main$898
  0C:0115    A$main$902
  0C:0115    C$main.c$51$1$1
  0C:0117    A$main$903
  0C:0119    A$main$904
  0C:011B    A$main$905
  0C:011C    A$main$906
  0C:011F    A$main$907
  0C:0121    A$main$908
  0C:0123    A$main$909
  0C:0125    A$main$910
  0C:0126    A$main$911
  0C:0128    A$main$912
  0C:012A    A$main$913
  0C:012C    A$main$916
  0C:012D    A$main$917
  0C:012F    A$main$919
  0C:0130    A$main$920
  0C:0132    A$main$921
  0C:0134    A$main$922
  0C:0136    A$main$923
  0C:0138    A$main$924
  0C:013A    A$main$926
  0C:013C    A$main$927
  0C:013E    A$main$928
  0C:0140    A$main$929
  0C:0141    A$main$930
  0C:0144    A$main$931
  0C:0146    A$main$932
  0C:0148    A$main$933
  0C:014A    A$main$934
  0C:014B    A$main$935
  0C:014D    A$main$936
  0C:014F    A$main$937
  0C:0151    A$main$939
  0C:0154    A$main$940
  0C:0155    A$main$941
  0C:0156    A$main$942
  0C:0157    A$main$943
  0C:0158    A$main$944
  0C:0159    A$main$945
  0C:015A    A$main$946
  0C:015B    A$main$947
  0C:015C    A$main$948
  0C:015D    A$main$949
  0C:015E    A$main$950
  0C:015F    A$main$954
  0C:015F    C$main.c$52$2$2
  0C:0162    A$main$955
  0C:0163    A$main$956
  0C:0164    A$main$957
  0C:0165    A$main$958
  0C:0166    A$main$959
  0C:0167    A$main$960
  0C:0168    A$main$961
  0C:0169    A$main$962
  0C:016A    A$main$963
  0C:016B    A$main$964
  0C:016C    A$main$965
  0C:016D    A$main$967
  0C:016F    A$main$968
  0C:0171    A$main$969
  0C:0173    A$main$970
  0C:0175    A$main$971
  0C:0177    A$main$972
  0C:0179    A$main$973
  0C:017B    A$main$974
  0C:017D    A$main$976
  0C:017F    A$main$977
  0C:0181    A$main$978
  0C:0183    A$main$979
  0C:0184    A$main$980
  0C:0187    A$main$981
  0C:0189    A$main$982
  0C:018B    A$main$983
  0C:018D    A$main$984
  0C:018E    A$main$985
  0C:0190    A$main$986
  0C:0192    A$main$987
  0C:0194    A$main$990
  0C:0195    A$main$991
  0C:0197    A$main$993
  0C:0198    A$main$994
  0C:019A    A$main$995
  0C:019C    A$main$996
  0C:019E    A$main$997
  0C:01A0    A$main$998
  0C:01A2    A$main$1000
  0C:01A4    A$main$1001
  0C:01A6    A$main$1002
  0C:01A8    A$main$1003
  0C:01A9    A$main$1004
  0C:01AC    A$main$1005
  0C:01AE    A$main$1006
  0C:01B0    A$main$1007
  0C:01B2    A$main$1008
  0C:01B3    A$main$1009
  0C:01B5    A$main$1010
  0C:01B7    A$main$1011
  0C:01B9    A$main$1013
  0C:01BB    A$main$1014
  0C:01BD    A$main$1015
  0C:01BF    A$main$1016
  0C:01C0    A$main$1017
  0C:01C3    A$main$1018
  0C:01C5    A$main$1019
  0C:01C7    A$main$1020
  0C:01C9    A$main$1021
  0C:01CA    A$main$1023
  0C:01CD    A$main$1024
  0C:01CE    A$main$1025
  0C:01CF    A$main$1026
  0C:01D0    A$main$1027
  0C:01D1    A$main$1028
  0C:01D2    A$main$1029
  0C:01D3    A$main$1030
  0C:01D4    A$main$1031
  0C:01D5    A$main$1032
  0C:01D6    A$main$1033
  0C:01D7    A$main$1034
  0C:01D8    A$main$1036
  0C:01DA    A$main$1037
  0C:01DC    A$main$1038
  0C:01DE    A$main$1039
  0C:01E0    A$main$1041
  0C:01E2    A$main$1042
  0C:01E4    A$main$1043
  0C:01E6    A$main$1044
  0C:01E7    A$main$1045
  0C:01EA    A$main$1046
  0C:01EC    A$main$1047
  0C:01EE    A$main$1048
  0C:01F0    A$main$1049
  0C:01F1    A$main$1050
  0C:01F3    A$main$1051
  0C:01F5    A$main$1052
  0C:01F7    A$main$1054
  0C:01FA    A$main$1055
  0C:01FB    A$main$1056
  0C:01FC    A$main$1057
  0C:01FD    A$main$1058
  0C:01FE    A$main$1059
  0C:01FF    A$main$1060
  0C:0200    A$main$1061
  0C:0201    A$main$1062
  0C:0202    A$main$1063
  0C:0203    A$main$1064
  0C:0204    A$main$1065
  0C:0205    A$main$1069
  0C:0205    C$main.c$53$2$2
  0C:0208    A$main$1070
  0C:0209    A$main$1071
  0C:020A    A$main$1072
  0C:020B    A$main$1073
  0C:020C    A$main$1074
  0C:020D    A$main$1075
  0C:020E    A$main$1076
  0C:020F    A$main$1077
  0C:0210    A$main$1078
  0C:0211    A$main$1079
  0C:0212    A$main$1080
  0C:0213    A$main$1082
  0C:0215    A$main$1083
  0C:0217    A$main$1084
  0C:0219    A$main$1085
  0C:021B    A$main$1086
  0C:021D    A$main$1087
  0C:021F    A$main$1088
  0C:0221    A$main$1089
  0C:0223    A$main$1091
  0C:0225    A$main$1092
  0C:0227    A$main$1093
  0C:0229    A$main$1094
  0C:022A    A$main$1095
  0C:022D    A$main$1096
  0C:022F    A$main$1097
  0C:0231    A$main$1098
  0C:0233    A$main$1099
  0C:0234    A$main$1100
  0C:0236    A$main$1101
  0C:0238    A$main$1102
  0C:023A    A$main$1105
  0C:023B    A$main$1106
  0C:023D    A$main$1108
  0C:023E    A$main$1109
  0C:0240    A$main$1110
  0C:0242    A$main$1111
  0C:0244    A$main$1112
  0C:0246    A$main$1113
  0C:0248    A$main$1115
  0C:024A    A$main$1116
  0C:024C    A$main$1117
  0C:024E    A$main$1118
  0C:024F    A$main$1119
  0C:0252    A$main$1120
  0C:0254    A$main$1121
  0C:0256    A$main$1122
  0C:0258    A$main$1123
  0C:0259    A$main$1124
  0C:025B    A$main$1125
  0C:025D    A$main$1126
  0C:025F    A$main$1128
  0C:0261    A$main$1129
  0C:0263    A$main$1130
  0C:0265    A$main$1131
  0C:0266    A$main$1132
  0C:0269    A$main$1133
  0C:026B    A$main$1134
  0C:026D    A$main$1135
  0C:026F    A$main$1136
  0C:0270    A$main$1138
  0C:0273    A$main$1139
  0C:0274    A$main$1140
  0C:0275    A$main$1141
  0C:0276    A$main$1142
  0C:0277    A$main$1143
  0C:0278    A$main$1144
  0C:0279    A$main$1145
  0C:027A    A$main$1146
  0C:027B    A$main$1147
  0C:027C    A$main$1148
  0C:027D    A$main$1149
  0C:027E    A$main$1151
  0C:0280    A$main$1152
  0C:0282    A$main$1153
  0C:0284    A$main$1154
  0C:0286    A$main$1158
  0C:0286    C$main.c$54$1$1
  0C:0288    A$main$1159
  0C:028A    A$main$1160
  0C:028C    A$main$1161
  0C:028D    A$main$1162
  0C:0290    A$main$1163
  0C:0292    A$main$1164
  0C:0294    A$main$1165
  0C:0296    A$main$1166
  0C:0297    A$main$1167
  0C:0299    A$main$1168
  0C:029B    A$main$1169
  0C:029D    A$main$1171
  0C:02A0    A$main$1172
  0C:02A1    A$main$1173
  0C:02A3    A$main$1174
  0C:02A4    A$main$1175
  0C:02A5    A$main$1176
  0C:02A7    A$main$1177
  0C:02A8    A$main$1178
  0C:02A9    A$main$1179
  0C:02AB    A$main$1180
  0C:02AC    A$main$1181
  0C:02AD    A$main$1182
  0C:02AF    A$main$1184
  0C:02B1    A$main$1185
  0C:02B3    A$main$1186
  0C:02B5    A$main$1187
  0C:02B7    A$main$1189
  0C:02B8    A$main$1190
  0C:02BA    A$main$1192
  0C:02BB    A$main$1193
  0C:02BD    A$main$1195
  0C:02BE    A$main$1196
  0C:02C0    A$main$1198
  0C:02C1    A$main$1199
  0C:02C3    A$main$1201
  0C:02C6    A$main$1202
  0C:02C9    A$main$1203
  0C:02CC    A$main$1204
  0C:02CE    A$main$1205
  0C:02D1    A$main$1206
  0C:02D3    A$main$1207
  0C:02D5    A$main$1208
  0C:02D7    A$main$1209
  0C:02D9    A$main$1210
  0C:02DB    A$main$1211
  0C:02DD    A$main$1212
  0C:02DF    A$main$1213
  0C:02E1    A$main$1215
  0C:02E2    A$main$1217
  0C:02E4    A$main$1218
  0C:02E7    A$main$1221
  0C:02E9    A$main$1222
  0C:02EB    A$main$1223
  0C:02ED    A$main$1224
  0C:02EF    A$main$1226
  0C:02F0    A$main$1227
  0C:02F2    A$main$1229
  0C:02F3    A$main$1230
  0C:02F5    A$main$1231
  0C:02F7    A$main$1232
  0C:02F9    A$main$1233
  0C:02FB    A$main$1234
  0C:02FD    A$main$1236
  0C:0300    A$main$1237
  0C:0303    A$main$1238
  0C:0306    A$main$1239
  0C:0308    A$main$1240
  0C:030B    A$main$1241
  0C:030D    A$main$1242
  0C:030F    A$main$1243
  0C:0311    A$main$1244
  0C:0313    A$main$1245
  0C:0315    A$main$1246
  0C:0317    A$main$1247
  0C:0319    A$main$1248
  0C:031B    A$main$1250
  0C:031C    A$main$1252
  0C:031E    A$main$1253
  0C:0321    A$main$1256
  0C:0323    A$main$1257
  0C:0325    A$main$1258
  0C:0327    A$main$1259
  0C:0329    A$main$1261
  0C:032A    A$main$1262
  0C:032C    A$main$1264
  0C:032D    A$main$1265
  0C:032F    A$main$1266
  0C:0331    A$main$1267
  0C:0333    A$main$1268
  0C:0335    A$main$1269
  0C:0337    A$main$1271
  0C:0339    A$main$1272
  0C:033B    A$main$1273
  0C:033D    A$main$1274
  0C:033E    A$main$1275
  0C:0341    A$main$1276
  0C:0343    A$main$1277
  0C:0345    A$main$1278
  0C:0347    A$main$1279
  0C:0349    A$main$1280
  0C:034B    A$main$1281
  0C:034D    A$main$1282
  0C:034F    A$main$1283
  0C:0351    A$main$1285
  0C:0352    A$main$1288
  0C:0354    A$main$1291
  0C:0356    A$main$1292
  0C:0358    A$main$1293
  0C:035A    A$main$1294
  0C:035C    A$main$1296
  0C:035D    A$main$1297
  0C:035F    A$main$1299
  0C:0360    A$main$1300
  0C:0362    A$main$1301
  0C:0364    A$main$1302
  0C:0366    A$main$1303
  0C:0368    A$main$1304
  0C:036A    A$main$1306
  0C:036C    A$main$1307
  0C:036E    A$main$1308
  0C:0370    A$main$1309
  0C:0371    A$main$1310
  0C:0374    A$main$1311
  0C:0376    A$main$1312
  0C:0378    A$main$1313
  0C:037A    A$main$1314
  0C:037C    A$main$1315
  0C:037E    A$main$1316
  0C:0380    A$main$1317
  0C:0382    A$main$1318
  0C:0384    A$main$1320
  0C:0385    A$main$1323
  0C:0387    A$main$1328
  0C:0387    C$main.c$55$2$2
  0C:038A    A$main$1329
  0C:038B    A$main$1330
  0C:038C    A$main$1331
  0C:038D    A$main$1332
  0C:038E    A$main$1333
  0C:038F    A$main$1334
  0C:0390    A$main$1335
  0C:0391    A$main$1336
  0C:0392    A$main$1337
  0C:0393    A$main$1338
  0C:0394    A$main$1339
  0C:0395    A$main$1341
  0C:0398    A$main$1342
  0C:039B    A$main$1343
  0C:039E    A$main$1344
  0C:03A0    A$main$1345
  0C:03A3    A$main$1350
  0C:03A3    C$main.c$56$2$2
  0C:03A6    A$main$1351
  0C:03A9    A$main$1356
  0C:03A9    C$main.c$58$1$1
  0C:03AC    A$main$1360
  0C:03AC    C$main.c$60$1$1
  0C:03AF    A$main$1361
  0C:03B0    A$main$1362
  0C:03B1    A$main$1363
  0C:03B2    A$main$1364
  0C:03B3    A$main$1366
  0C:03B6    A$main$1367
  0C:03B8    A$main$1368
  0C:03B9    A$main$1371
  0C:03BC    A$main$1372
  0C:03BF    A$main$1376
  0C:03BF    C$main.c$61$1$1
  0C:03C2    A$main$1377
  0C:03C4    A$main$1378
  0C:03C5    A$main$1379
  0C:03C6    A$main$1380
  0C:03C7    A$main$1381
  0C:03C8    A$main$1383
  0C:03CB    A$main$1384
  0C:03CD    A$main$1385
  0C:03CE    A$main$1388
  0C:03D1    A$main$1389
  0C:03D4    A$main$1393
  0C:03D4    C$main.c$62$1$1
  0C:03D7    A$main$1394
  0C:03D9    A$main$1395
  0C:03DA    A$main$1396
  0C:03DB    A$main$1397
  0C:03DC    A$main$1398
  0C:03DD    A$main$1400
  0C:03E0    A$main$1401
  0C:03E2    A$main$1402
  0C:03E3    A$main$1405
  0C:03E6    A$main$1406
  0C:03E9    A$main$1410
  0C:03E9    C$main.c$63$1$1
  0C:03EC    A$main$1411
  0C:03EE    A$main$1412
  0C:03EF    A$main$1413
  0C:03F0    A$main$1414
  0C:03F1    A$main$1415
  0C:03F2    A$main$1417
  0C:03F5    A$main$1418
  0C:03F7    A$main$1419
  0C:03F8    A$main$1422
  0C:03FB    A$main$1423
  0C:03FE    A$main$1427
  0C:03FE    C$main.c$64$1$1
  0C:0401    A$main$1428
  0C:0403    A$main$1429
  0C:0404    A$main$1430
  0C:0405    A$main$1431
  0C:0406    A$main$1432
  0C:0407    A$main$1434
  0C:040A    A$main$1435
  0C:040C    A$main$1436
  0C:040D    A$main$1439
  0C:0410    A$main$1440
  0C:0413    A$main$1444
  0C:0413    C$main.c$65$1$1
  0C:0416    A$main$1445
  0C:0418    A$main$1446
  0C:0419    A$main$1447
  0C:041A    A$main$1448
  0C:041B    A$main$1449
  0C:041C    A$main$1451
  0C:041F    A$main$1452
  0C:0421    A$main$1453
  0C:0422    A$main$1456
  0C:0425    A$main$1457
  0C:0428    A$main$1461
  0C:0428    C$main.c$66$1$1
  0C:042B    A$main$1462
  0C:042D    A$main$1463
  0C:042E    A$main$1464
  0C:042F    A$main$1465
  0C:0430    A$main$1466
  0C:0431    A$main$1468
  0C:0434    A$main$1469
  0C:0436    A$main$1470
  0C:0437    A$main$1473
  0C:043A    A$main$1474
  0C:043D    A$main$1478
  0C:043D    C$main.c$67$1$1
  0C:0440    A$main$1479
  0C:0442    A$main$1480
  0C:0443    A$main$1481
  0C:0444    A$main$1482
  0C:0445    A$main$1483
  0C:0446    A$main$1485
  0C:0449    A$main$1486
  0C:044B    A$main$1487
  0C:044C    A$main$1490
  0C:044F    A$main$1491
  0C:0452    A$main$1498
  0C:0452    C$main.c$68$1$1
  0C:0452    C$main.c$69$2$3
  0C:0454    A$main$1499
  0C:0456    A$main$1501
  0C:0458    A$main$1505
  0C:0458    C$main.c$72$1$1
  0C:0458    XG$main$0$0
  0C:0459    A$main$1520
  0C:0459    C$main.c$73$1$1
  0C:0459    C$main.c$74$1$1
  0C:0459    G$clockMotor$0$0
  0C:0459    _clockMotor
  0C:045B    A$main$1525
  0C:045B    C$main.c$75$1$1
  0C:045E    A$main$1526
  0C:0461    A$main$1530
  0C:0461    C$main.c$76$1$1
  0C:0463    A$main$1535
  0C:0463    C$main.c$77$1$1
  0C:0466    A$main$1536
  0C:0469    A$main$1540
  0C:0469    C$main.c$78$1$1
  0C:046B    A$main$1544
  0C:046E    A$main$1549
  0C:046E    C$main.c$80$1$1
  0C:0471    A$main$1550
  0C:0472    A$main$1551
  0C:0473    A$main$1552
  0C:0474    A$main$1553
  0C:0475    A$main$1554
  0C:0476    A$main$1555
  0C:0477    A$main$1556
  0C:0478    A$main$1557
  0C:0479    A$main$1558
  0C:047A    A$main$1559
  0C:047B    A$main$1560
  0C:047C    A$main$1562
  0C:047E    A$main$1563
  0C:0480    A$main$1564
  0C:0482    A$main$1565
  0C:0484    A$main$1566
  0C:0486    A$main$1567
  0C:0488    A$main$1568
  0C:048A    A$main$1569
  0C:048C    A$main$1571
  0C:048E    A$main$1572
  0C:0490    A$main$1573
  0C:0492    A$main$1574
  0C:0493    A$main$1575
  0C:0496    A$main$1576
  0C:0498    A$main$1577
  0C:049A    A$main$1578
  0C:049C    A$main$1579
  0C:049D    A$main$1580
  0C:049F    A$main$1581
  0C:04A1    A$main$1582
  0C:04A3    A$main$1584
  0C:04A6    A$main$1585
  0C:04A7    A$main$1586
  0C:04A8    A$main$1587
  0C:04A9    A$main$1588
  0C:04AA    A$main$1589
  0C:04AB    A$main$1590
  0C:04AC    A$main$1591
  0C:04AD    A$main$1592
  0C:04AE    A$main$1593
  0C:04AF    A$main$1594
  0C:04B0    A$main$1595
  0C:04B1    A$main$1597
  0C:04B3    A$main$1602
  0C:04B3    C$main.c$82$1$1
  0C:04B6    A$main$1603
  0C:04B7    A$main$1604
  0C:04B8    A$main$1605
  0C:04B9    A$main$1606
  0C:04BA    A$main$1607
  0C:04BB    A$main$1608
  0C:04BC    A$main$1609
  0C:04BD    A$main$1610
  0C:04BE    A$main$1611
  0C:04BF    A$main$1612
  0C:04C0    A$main$1613
  0C:04C1    A$main$1615
  0C:04C3    A$main$1616
  0C:04C5    A$main$1617
  0C:04C7    A$main$1618
  0C:04C9    A$main$1619
  0C:04CB    A$main$1620
  0C:04CD    A$main$1621
  0C:04CF    A$main$1622
  0C:04D1    A$main$1624
  0C:04D3    A$main$1625
  0C:04D5    A$main$1626
  0C:04D7    A$main$1627
  0C:04D8    A$main$1628
  0C:04DB    A$main$1629
  0C:04DD    A$main$1630
  0C:04DF    A$main$1631
  0C:04E1    A$main$1632
  0C:04E2    A$main$1633
  0C:04E4    A$main$1634
  0C:04E6    A$main$1635
  0C:04E8    A$main$1637
  0C:04EB    A$main$1638
  0C:04EC    A$main$1639
  0C:04ED    A$main$1640
  0C:04EE    A$main$1641
  0C:04EF    A$main$1642
  0C:04F0    A$main$1643
  0C:04F1    A$main$1644
  0C:04F2    A$main$1645
  0C:04F3    A$main$1646
  0C:04F4    A$main$1647
  0C:04F5    A$main$1648
  0C:04F6    A$main$1653
  0C:04F6    C$main.c$84$1$1
  0C:04F9    A$main$1654
  0C:04FA    A$main$1655
  0C:04FB    A$main$1656
  0C:04FC    A$main$1657
  0C:04FD    A$main$1658
  0C:04FE    A$main$1659
  0C:04FF    A$main$1660
  0C:0500    A$main$1661
  0C:0501    A$main$1662
  0C:0502    A$main$1663
  0C:0503    A$main$1664
  0C:0504    A$main$1667
  0C:0505    A$main$1668
  0C:0507    A$main$1670
  0C:0508    A$main$1671
  0C:050A    A$main$1672
  0C:050C    A$main$1673
  0C:050E    A$main$1674
  0C:0510    A$main$1675
  0C:0512    A$main$1677
  0C:0514    A$main$1678
  0C:0516    A$main$1679
  0C:0518    A$main$1680
  0C:0519    A$main$1681
  0C:051C    A$main$1682
  0C:051E    A$main$1683
  0C:0520    A$main$1684
  0C:0522    A$main$1685
  0C:0524    A$main$1687
  0C:0525    A$main$1690
  0C:0527    A$main$1693
  0C:0529    A$main$1694
  0C:052A    A$main$1695
  0C:052B    A$main$1696
  0C:052C    A$main$1699
  0C:052D    A$main$1702
  0C:052F    A$main$1707
  0C:052F    C$main.c$85$2$2
  0C:0531    A$main$1711
  0C:0531    C$main.c$86$2$2
  0C:0534    A$main$1712
  0C:0535    A$main$1713
  0C:0536    A$main$1714
  0C:0537    A$main$1715
  0C:0538    A$main$1716
  0C:0539    A$main$1718
  0C:053C    A$main$1720
  0C:053E    A$main$1722
  0C:053F    A$main$1723
  0C:0540    A$main$1725
  0C:0541    A$main$1727
  0C:0542    A$main$1728
  0C:0543    A$main$1729
  0C:0544    A$main$1732
  0C:0545    A$main$1737
  0C:0545    C$main.c$88$1$1
  0C:0548    A$main$1738
  0C:0549    A$main$1739
  0C:054A    A$main$1740
  0C:054B    A$main$1741
  0C:054C    A$main$1742
  0C:054D    A$main$1743
  0C:054E    A$main$1744
  0C:054F    A$main$1745
  0C:0550    A$main$1746
  0C:0551    A$main$1747
  0C:0552    A$main$1748
  0C:0553    A$main$1751
  0C:0554    A$main$1752
  0C:0556    A$main$1754
  0C:0557    A$main$1755
  0C:0559    A$main$1757
  0C:055A    A$main$1758
  0C:055C    A$main$1760
  0C:055D    A$main$1761
  0C:055F    A$main$1763
  0C:0561    A$main$1764
  0C:0563    A$main$1765
  0C:0565    A$main$1766
  0C:0566    A$main$1767
  0C:0569    A$main$1768
  0C:056B    A$main$1769
  0C:056D    A$main$1770
  0C:056F    A$main$1771
  0C:0571    A$main$1773
  0C:0572    A$main$1776
  0C:0574    A$main$1785
  0C:0574    C$main.c$89$2$3
  0C:0577    A$main$1787
  0C:0578    A$main$1792
  0C:0578    C$main.c$90$2$3
  0C:057B    A$main$1793
  0C:057C    A$main$1794
  0C:057D    A$main$1795
  0C:057E    A$main$1796
  0C:057F    A$main$1797
  0C:0580    A$main$1799
  0C:0583    A$main$1801
  0C:0585    A$main$1803
  0C:0586    A$main$1804
  0C:0587    A$main$1806
  0C:0588    A$main$1808
  0C:0589    A$main$1809
  0C:058A    A$main$1810
  0C:058B    A$main$1814
  0C:058B    C$main.c$93$2$1
  0C:058B    XG$clockMotor$0$0
  0C:058C    A$main$1829
  0C:058C    C$main.c$94$2$1
  0C:058C    C$main.c$95$1$1
  0C:058C    G$InitLCD$0$0
  0C:058C    _InitLCD
  0C:058F    A$main$1834
  0C:058F    C$main.c$96$1$1
  0C:0592    A$main$1835
  0C:0595    A$main$1839
  0C:0595    C$main.c$97$1$1
  0C:0598    A$main$1844
  0C:0598    C$main.c$98$1$1
  0C:059B    A$main$1845
  0C:059E    A$main$1849
  0C:059E    C$main.c$99$1$1
  0C:05A1    A$main$1854
  0C:05A1    C$main.c$100$1$1
  0C:05A4    A$main$1855
  0C:05A7    A$main$1860
  0C:05A7    C$main.c$101$1$1
  0C:05A9    A$main$1864
  0C:05A9    C$main.c$103$1$1
  0C:05AC    A$main$1865
  0C:05AF    A$main$1870
  0C:05AF    C$main.c$104$1$1
  0C:05B1    A$main$1874
  0C:05B1    C$main.c$105$1$1
  0C:05B4    A$main$1875
  0C:05B7    A$main$1880
  0C:05B7    C$main.c$106$1$1
  0C:05B9    A$main$1884
  0C:05B9    C$main.c$107$1$1
  0C:05BC    A$main$1885
  0C:05BF    A$main$1890
  0C:05BF    C$main.c$108$1$1
  0C:05C1    A$main$1894
  0C:05C1    C$main.c$110$1$1
  0C:05C4    A$main$1895
  0C:05C7    A$main$1900
  0C:05C7    C$main.c$111$1$1
  0C:05C9    A$main$1904
  0C:05C9    C$main.c$112$1$1
  0C:05CC    A$main$1905
  0C:05CF    A$main$1910
  0C:05CF    C$main.c$113$1$1
  0C:05D1    A$main$1914
  0C:05D1    C$main.c$114$1$1
  0C:05D4    A$main$1915
  0C:05D7    A$main$1920
  0C:05D7    C$main.c$115$1$1
  0C:05D9    A$main$1924
  0C:05D9    C$main.c$117$1$1
  0C:05DC    A$main$1925
  0C:05DF    A$main$1930
  0C:05DF    C$main.c$118$1$1
  0C:05E1    A$main$1934
  0C:05E1    C$main.c$119$1$1
  0C:05E4    A$main$1935
  0C:05E7    A$main$1940
  0C:05E7    C$main.c$120$1$1
  0C:05E9    A$main$1944
  0C:05E9    C$main.c$121$1$1
  0C:05EC    A$main$1945
  0C:05EF    A$main$1949
  0C:05EF    C$main.c$123$1$1
  0C:05F2    A$main$1950
  0C:05F5    A$main$1955
  0C:05F5    C$main.c$124$1$1
  0C:05F7    A$main$1959
  0C:05F7    C$main.c$125$1$1
  0C:05FA    A$main$1960
  0C:05FD    A$main$1965
  0C:05FD    C$main.c$126$1$1
  0C:05FF    A$main$1969
  0C:05FF    C$main.c$127$1$1
  0C:0602    A$main$1970
  0C:0605    A$main$1974
  0C:0605    C$main.c$129$1$1
  0C:0608    A$main$1975
  0C:060B    A$main$1980
  0C:060B    C$main.c$130$1$1
  0C:060D    A$main$1984
  0C:060D    C$main.c$132$1$1
  0C:0610    A$main$1985
  0C:0613    A$main$1990
  0C:0613    C$main.c$133$1$1
  0C:0615    A$main$1994
  0C:0615    C$main.c$138$1$1
  0C:0615    XG$InitLCD$0$0
  0C:0616    A$main$2008
  0C:0616    C$main.c$139$1$1
  0C:0616    G$durationToCm$0$0
  0C:0616    _durationToCm
  0C:0618    A$main$2009
  0C:061A    A$main$2010
  0C:061C    A$main$2011
  0C:061D    A$main$2012
  0C:0620    A$main$2013
  0C:0621    A$main$2014
  0C:0622    A$main$2015
  0C:0623    A$main$2016
  0C:0624    A$main$2017
  0C:0625    A$main$2018
  0C:0626    A$main$2019
  0C:0627    A$main$2020
  0C:0628    A$main$2021
  0C:0629    A$main$2022
  0C:062A    A$main$2023
  0C:062B    A$main$2027
  0C:062B    C$main.c$140$1$1
  0C:062E    A$main$2028
  0C:062F    A$main$2029
  0C:0630    A$main$2030
  0C:0631    A$main$2031
  0C:0632    A$main$2032
  0C:0633    A$main$2033
  0C:0634    A$main$2034
  0C:0635    A$main$2035
  0C:0636    A$main$2036
  0C:0637    A$main$2037
  0C:0638    A$main$2040
  0C:0639    A$main$2041
  0C:063B    A$main$2042
  0C:063D    A$main$2043
  0C:063F    A$main$2044
  0C:0642    A$main$2045
  0C:0644    A$main$2046
  0C:0646    A$main$2047
  0C:0648    A$main$2048
  0C:0649    A$main$2050
  0C:064B    A$main$2051
  0C:064D    A$main$2052
  0C:064F    A$main$2053
  0C:0651    A$main$2054
  0C:0653    A$main$2055
  0C:0655    A$main$2056
  0C:0657    A$main$2057
  0C:0659    A$main$2059
  0C:065B    A$main$2060
  0C:065D    A$main$2061
  0C:065F    A$main$2062
  0C:0660    A$main$2063
  0C:0663    A$main$2064
  0C:0665    A$main$2065
  0C:0667    A$main$2066
  0C:0669    A$main$2067
  0C:066A    A$main$2068
  0C:066C    A$main$2069
  0C:066E    A$main$2070
  0C:0670    A$main$2073
  0C:0671    A$main$2074
  0C:0673    A$main$2076
  0C:0674    A$main$2077
  0C:0676    A$main$2079
  0C:0677    A$main$2080
  0C:0679    A$main$2081
  0C:067B    A$main$2082
  0C:067D    A$main$2084
  0C:067F    A$main$2085
  0C:0681    A$main$2086
  0C:0683    A$main$2087
  0C:0684    A$main$2088
  0C:0687    A$main$2089
  0C:0689    A$main$2090
  0C:068B    A$main$2091
  0C:068D    A$main$2092
  0C:068E    A$main$2093
  0C:0690    A$main$2094
  0C:0692    A$main$2095
  0C:0694    A$main$2097
  0C:0696    A$main$2098
  0C:0698    A$main$2099
  0C:069A    A$main$2100
  0C:069B    A$main$2104
  0C:069B    C$main.c$141$1$1
  0C:069B    XG$durationToCm$0$0
  0C:069C    A$main$2119
  0C:069C    C$main.c$143$1$1
  0C:069C    C$main.c$144$1$1
  0C:069C    G$sendPulse$0$0
  0C:069C    _sendPulse
  0C:069E    A$main$2123
  0C:069E    C$main.c$145$1$1
  0C:06A0    A$main$2128
  0C:06A0    C$main.c$146$1$1
  0C:06A3    A$main$2129
  0C:06A6    A$main$2133
  0C:06A6    C$main.c$147$1$1
  0C:06A8    A$main$2137
  0C:06A8    C$main.c$148$1$1
  0C:06A8    XG$sendPulse$0$0
  0C:06A9    A$main$2152
  0C:06A9    C$main.c$149$1$1
  0C:06A9    G$delay$0$0
  0C:06A9    _delay
  0C:06AB    A$main$2153
  0C:06AD    A$main$2154
  0C:06B0    A$main$2155
  0C:06B1    A$main$2156
  0C:06B2    A$main$2157
  0C:06B3    A$main$2158
  0C:06B4    A$main$2162
  0C:06B4    C$main.c$151$1$1
  0C:06B7    A$main$2163
  0C:06B8    A$main$2164
  0C:06B9    A$main$2165
  0C:06BA    A$main$2166
  0C:06BB    A$main$2167
  0C:06BC    A$main$2169
  0C:06BF    A$main$2170
  0C:06C1    A$main$2171
  0C:06C2    A$main$2172
  0C:06C3    A$main$2173
  0C:06C4    A$main$2174
  0C:06C5    A$main$2176
  0C:06C7    A$main$2177
  0C:06C9    A$main$2178
  0C:06CC    A$main$2179
  0C:06CE    A$main$2180
  0C:06D0    A$main$2182
  0C:06D2    A$main$2183
  0C:06D4    A$main$2187
  0C:06D5    A$main$2188
  0C:06D6    A$main$2189
  0C:06D7    A$main$2190
  0C:06D8    A$main$2191
  0C:06DA    A$main$2192
  0C:06DC    A$main$2193
  0C:06DF    A$main$2194
  0C:06E1    A$main$2197
  0C:06E3    A$main$2202
  0C:06E4    A$main$2203
  0C:06E7    A$main$2204
  0C:06E8    A$main$2206
  0C:06EA    A$main$2210
  0C:06EA    C$main.c$152$1$1
  0C:06EA    XG$delay$0$0
  0C:06EB    A$main$2224
  0C:06EB    C$main.c$153$1$1
  0C:06EB    G$WriteData$0$0
  0C:06EB    _WriteData
  0C:06ED    A$main$2225
  0C:06F0    A$main$2226
  0C:06F1    A$main$2230
  0C:06F1    C$main.c$155$1$1
  0C:06F4    A$main$2238
  0C:06F4    C$main.c$156$1$1
  0C:06F4    C$main.c$157$1$1
  0C:06F7    A$main$2242
  0C:06F7    C$main.c$158$1$1
  0C:06FA    A$main$2243
  0C:06FB    A$main$2244
  0C:06FD    A$main$2248
  0C:06FD    C$main.c$159$1$1
  0C:0700    A$main$2252
  0C:0700    C$main.c$160$1$1
  0C:0703    A$main$2257
  0C:0703    C$main.c$161$1$1
  0C:0706    A$main$2261
  0C:0706    C$main.c$162$1$1
  0C:0706    XG$WriteData$0$0
  0C:0709    A$main$2278
  0C:0709    C$main.c$165$1$1
  0C:0709    C$main.c$167$1$1
  0C:0709    G$ReadData$0$0
  0C:0709    _ReadData
  0C:070C    A$main$2279
  0C:070E    A$main$2281
  0C:0710    A$main$2283
  0C:0712    A$main$2288
  0C:0712    C$main.c$168$1$1
  0C:0715    A$main$2296
  0C:0715    C$main.c$169$1$1
  0C:0715    C$main.c$170$1$1
  0C:0718    A$main$2300
  0C:0718    C$main.c$171$1$1
  0C:071B    A$main$2301
  0C:071D    A$main$2302
  0C:071E    A$main$2306
  0C:071E    C$main.c$172$1$1
  0C:0721    A$main$2310
  0C:0721    C$main.c$173$1$1
  0C:0724    A$main$2314
  0C:0724    C$main.c$174$1$1
  0C:0727    A$main$2315
  0C:0728    A$main$2320
  0C:0728    C$main.c$175$1$1
  0C:0728    XG$ReadData$0$0
  0C:072A    A$main$2322
  0C:072B    A$main$2336
  0C:072B    C$main.c$176$1$1
  0C:072B    G$WriteCommand$0$0
  0C:072B    _WriteCommand
  0C:072D    A$main$2337
  0C:0730    A$main$2338
  0C:0731    A$main$2342
  0C:0731    C$main.c$178$1$1
  0C:0734    A$main$2346
  0C:0734    C$main.c$179$1$1
  0C:0737    A$main$2350
  0C:0737    C$main.c$180$1$1
  0C:073A    A$main$2354
  0C:073A    C$main.c$181$1$1
  0C:073D    A$main$2355
  0C:073E    A$main$2356
  0C:0740    A$main$2360
  0C:0740    C$main.c$182$1$1
  0C:0743    A$main$2364
  0C:0743    C$main.c$183$1$1
  0C:0746    A$main$2369
  0C:0746    C$main.c$184$1$1
  0C:0749    A$main$2373
  0C:0749    C$main.c$185$1$1
  0C:0749    XG$WriteCommand$0$0
  0C:074C    A$main$2389
  0C:074C    C$main.c$187$1$1
  0C:074C    C$main.c$189$1$1
  0C:074C    G$CheckStatus$0$0
  0C:074C    _CheckStatus
  0C:074F    A$main$2393
  0C:074F    C$main.c$190$1$1
  0C:0752    A$main$2397
  0C:0752    C$main.c$191$1$1
  0C:0755    A$main$2402
  0C:0755    C$main.c$192$1$1
  0C:0758    A$main$2403
  0C:075B    A$main$2407
  0C:075B    C$main.c$193$1$1
  0C:075E    A$main$2408
  0C:0760    A$main$2409
  0C:0761    A$main$2413
  0C:0761    C$main.c$194$1$1
  0C:0764    A$main$2417
  0C:0764    C$main.c$195$1$1
  0C:0767    A$main$2421
  0C:0767    C$main.c$196$1$1
  0C:076A    A$main$2422
  0C:076B    A$main$2427
  0C:076B    C$main.c$197$1$1
  0C:076B    XG$CheckStatus$0$0
  0C:076D    A$main$2429
  0C:076E    A$main$2443
  0C:076E    C$main.c$201$1$1
  0C:076E    G$WriteDisplayData$0$0
  0C:076E    _WriteDisplayData
  0C:0770    A$main$2444
  0C:0773    A$main$2445
  0C:0774    A$main$2449
  0C:0774    C$main.c$203$1$1
  0C:0777    A$main$2450
  0C:0778    A$main$2453
  0C:0779    A$main$2454
  0C:077B    A$main$2455
  0C:077E    A$main$2459
  0C:077E    C$main.c$204$1$1
  0C:0781    A$main$2463
  0C:0781    C$main.c$205$1$1
  0C:0781    XG$WriteDisplayData$0$0
  0C:0784    A$main$2477
  0C:0784    C$main.c$207$1$1
  0C:0784    G$SetAddressPointer$0$0
  0C:0784    _SetAddressPointer
  0C:0786    A$main$2478
  0C:0788    A$main$2479
  0C:078B    A$main$2480
  0C:078C    A$main$2481
  0C:078D    A$main$2482
  0C:078E    A$main$2483
  0C:078F    A$main$2487
  0C:078F    C$main.c$209$1$1
  0C:0792    A$main$2488
  0C:0793    A$main$2489
  0C:0794    A$main$2490
  0C:0795    A$main$2491
  0C:0796    A$main$2492
  0C:0797    A$main$2494
  0C:0799    A$main$2495
  0C:079B    A$main$2498
  0C:079D    A$main$2499
  0C:079F    A$main$2500
  0C:07A1    A$main$2501
  0C:07A4    A$main$2502
  0C:07A6    A$main$2503
  0C:07A8    A$main$2509
  0C:07A8    C$main.c$210$1$1
  0C:07AA    A$main$2510
  0C:07AC    A$main$2513
  0C:07AE    A$main$2514
  0C:07B1    A$main$2518
  0C:07B1    C$main.c$211$1$1
  0C:07B4    A$main$2522
  0C:07B4    C$main.c$212$1$1
  0C:07B4    XG$SetAddressPointer$0$0
  0C:07B7    A$main$2538
  0C:07B7    C$main.c$213$1$1
  0C:07B7    C$main.c$215$1$1
  0C:07B7    G$clearScreen$0$0
  0C:07B7    _clearScreen
  0C:07BA    A$main$2543
  0C:07BA    C$main.c$216$1$1
  0C:07BD    A$main$2544
  0C:07C0    A$main$2548
  0C:07C0    C$main.c$217$1$1
  0C:07C3    A$main$2549
  0C:07C6    A$main$2553
  0C:07C6    C$main.c$218$1$1
  0C:07C8    A$main$2554
  0C:07CA    A$main$2559
  0C:07CA    C$main.c$220$2$2
  0C:07CD    A$main$2560
  0C:07CF    A$main$2561
  0C:07D1    A$main$2562
  0C:07D4    A$main$2563
  0C:07D6    A$main$2564
  0C:07D8    A$main$2568
  0C:07D9    A$main$2569
  0C:07DC    A$main$2570
  0C:07DD    A$main$2575
  0C:07DD    C$main.c$218$2$2
  0C:07DE    A$main$2576
  0C:07DF    A$main$2579
  0C:07E1    A$main$2584
  0C:07E1    C$main.c$222$1$1
  0C:07E4    A$main$2588
  0C:07E4    C$main.c$224$1$1
  0C:07E4    XG$clearScreen$0$0
  0C:07E7    A$main$2607
  0C:07E7    C$main.c$226$1$1
  0C:07E7    G$SetLCDPixelAXIS$0$0
  0C:07E7    _SetLCDPixelAXIS
  0C:07E9    A$main$2608
  0C:07EB    A$main$2609
  0C:07ED    A$main$2610
  0C:07EE    A$main$2611
  0C:07F1    A$main$2612
  0C:07F2    A$main$2613
  0C:07F3    A$main$2614
  0C:07F4    A$main$2615
  0C:07F5    A$main$2616
  0C:07F6    A$main$2617
  0C:07F7    A$main$2618
  0C:07F8    A$main$2619
  0C:07F9    A$main$2620
  0C:07FA    A$main$2621
  0C:07FB    A$main$2622
  0C:07FC    A$main$2626
  0C:07FC    C$main.c$233$1$1
  0C:07FF    A$main$2627
  0C:0800    A$main$2628
  0C:0801    A$main$2629
  0C:0802    A$main$2630
  0C:0803    A$main$2631
  0C:0804    A$main$2632
  0C:0805    A$main$2633
  0C:0806    A$main$2634
  0C:0807    A$main$2635
  0C:0808    A$main$2636
  0C:0809    A$main$2637
  0C:080A    A$main$2640
  0C:080B    A$main$2641
  0C:080D    A$main$2643
  0C:080E    A$main$2644
  0C:0810    A$main$2645
  0C:0812    A$main$2646
  0C:0814    A$main$2647
  0C:0816    A$main$2648
  0C:0818    A$main$2650
  0C:081A    A$main$2651
  0C:081C    A$main$2652
  0C:081E    A$main$2653
  0C:081F    A$main$2654
  0C:0822    A$main$2655
  0C:0824    A$main$2656
  0C:0826    A$main$2657
  0C:0828    A$main$2658
  0C:0829    A$main$2659
  0C:082B    A$main$2660
  0C:082D    A$main$2661
  0C:082F    A$main$2663
  0C:0831    A$main$2664
  0C:0833    A$main$2665
  0C:0835    A$main$2666
  0C:0836    A$main$2667
  0C:0839    A$main$2668
  0C:083B    A$main$2669
  0C:083D    A$main$2673
  0C:083D    C$main.c$234$1$1
  0C:083F    A$main$2674
  0C:0841    A$main$2675
  0C:0844    A$main$2676
  0C:0845    A$main$2677
  0C:0847    A$main$2678
  0C:0848    A$main$2679
  0C:0849    A$main$2680
  0C:084B    A$main$2681
  0C:084C    A$main$2682
  0C:084D    A$main$2683
  0C:084F    A$main$2684
  0C:0850    A$main$2685
  0C:0851    A$main$2686
  0C:0853    A$main$2689
  0C:0856    A$main$2690
  0C:0859    A$main$2691
  0C:085B    A$main$2692
  0C:085E    A$main$2693
  0C:0860    A$main$2694
  0C:0862    A$main$2695
  0C:0864    A$main$2696
  0C:0865    A$main$2697
  0C:0867    A$main$2698
  0C:0869    A$main$2699
  0C:086B    A$main$2700
  0C:086D    A$main$2701
  0C:086F    A$main$2703
  0C:0871    A$main$2704
  0C:0873    A$main$2705
  0C:0875    A$main$2706
  0C:0876    A$main$2707
  0C:0878    A$main$2708
  0C:087A    A$main$2709
  0C:087D    A$main$2710
  0C:087F    A$main$2711
  0C:0881    A$main$2712
  0C:0883    A$main$2713
  0C:0885    A$main$2717
  0C:0885    C$main.c$236$1$1
  0C:0888    A$main$2718
  0C:088A    A$main$2719
  0C:088B    A$main$2720
  0C:088C    A$main$2721
  0C:088D    A$main$2722
  0C:088E    A$main$2724
  0C:0890    A$main$2725
  0C:0892    A$main$2726
  0C:0894    A$main$2727
  0C:0896    A$main$2728
  0C:0898    A$main$2729
  0C:089A    A$main$2730
  0C:089D    A$main$2731
  0C:089F    A$main$2732
  0C:08A1    A$main$2733
  0C:08A3    A$main$2734
  0C:08A5    A$main$2735
  0C:08A7    A$main$2736
  0C:08A9    A$main$2738
  0C:08AC    A$main$2739
  0C:08AE    A$main$2740
  0C:08AF    A$main$2741
  0C:08B0    A$main$2742
  0C:08B1    A$main$2743
  0C:08B2    A$main$2745
  0C:08B4    A$main$2746
  0C:08B6    A$main$2747
  0C:08B8    A$main$2748
  0C:08BA    A$main$2749
  0C:08BC    A$main$2750
  0C:08BE    A$main$2751
  0C:08C1    A$main$2752
  0C:08C3    A$main$2753
  0C:08C5    A$main$2754
  0C:08C7    A$main$2755
  0C:08C9    A$main$2756
  0C:08CB    A$main$2757
  0C:08CD    A$main$2760
  0C:08CE    A$main$2762
  0C:08CF    A$main$2763
  0C:08D0    A$main$2765
  0C:08D1    A$main$2767
  0C:08D2    A$main$2768
  0C:08D3    A$main$2772
  0C:08D3    C$main.c$237$1$1
  0C:08D5    A$main$2773
  0C:08D7    A$main$2776
  0C:08D9    A$main$2777
  0C:08DB    A$main$2778
  0C:08DD    A$main$2779
  0C:08DF    A$main$2780
  0C:08E1    A$main$2781
  0C:08E4    A$main$2782
  0C:08E6    A$main$2783
  0C:08E8    A$main$2784
  0C:08EA    A$main$2785
  0C:08EC    A$main$2792
  0C:08EC    C$main.c$238$1$1
  0C:08EE    A$main$2793
  0C:08F0    A$main$2796
  0C:08F2    A$main$2797
  0C:08F4    A$main$2798
  0C:08F6    A$main$2799
  0C:08F9    A$main$2800
  0C:08FB    A$main$2801
  0C:08FD    A$main$2805
  0C:08FD    C$main.c$239$1$1
  0C:0900    A$main$2806
  0C:0902    A$main$2807
  0C:0904    A$main$2808
  0C:0907    A$main$2809
  0C:0909    A$main$2810
  0C:090B    A$main$2814
  0C:090B    C$main.c$240$1$1
  0C:090E    A$main$2815
  0C:0910    A$main$2816
  0C:0911    A$main$2817
  0C:0912    A$main$2818
  0C:0913    A$main$2819
  0C:0914    A$main$2821
  0C:0916    A$main$2822
  0C:0918    A$main$2823
  0C:091B    A$main$2824
  0C:091D    A$main$2825
  0C:091F    A$main$2827
  0C:0921    A$main$2828
  0C:0922    A$main$2830
  0C:0923    A$main$2831
  0C:0924    A$main$2833
  0C:0925    A$main$2835
  0C:0926    A$main$2836
  0C:0927    A$main$2838
  0C:0929    A$main$2839
  0C:092B    A$main$2840
  0C:092D    A$main$2841
  0C:092F    A$main$2842
  0C:0931    A$main$2845
  0C:0932    A$main$2846
  0C:0933    A$main$2847
  0C:0934    A$main$2848
  0C:0935    A$main$2849
  0C:0936    A$main$2850
  0C:0937    A$main$2852
  0C:093A    A$main$2857
  0C:093A    C$main.c$241$1$1
  0C:093C    A$main$2858
  0C:093F    A$main$2862
  0C:093F    C$main.c$242$1$1
  0C:0942    A$main$2866
  0C:0942    C$main.c$243$1$1
  0C:0942    XG$SetLCDPixelAXIS$0$0
  0C:0945    A$main$2885
  0C:0945    C$main.c$245$1$1
  0C:0945    G$ClearLCDPixelAXIS$0$0
  0C:0945    _ClearLCDPixelAXIS
  0C:0947    A$main$2886
  0C:0949    A$main$2887
  0C:094B    A$main$2888
  0C:094C    A$main$2889
  0C:094F    A$main$2890
  0C:0950    A$main$2891
  0C:0951    A$main$2892
  0C:0952    A$main$2893
  0C:0953    A$main$2894
  0C:0954    A$main$2895
  0C:0955    A$main$2896
  0C:0956    A$main$2897
  0C:0957    A$main$2898
  0C:0958    A$main$2899
  0C:0959    A$main$2900
  0C:095A    A$main$2904
  0C:095A    C$main.c$251$1$1
  0C:095D    A$main$2905
  0C:095E    A$main$2906
  0C:095F    A$main$2907
  0C:0960    A$main$2908
  0C:0961    A$main$2909
  0C:0962    A$main$2910
  0C:0963    A$main$2911
  0C:0964    A$main$2912
  0C:0965    A$main$2913
  0C:0966    A$main$2914
  0C:0967    A$main$2917
  0C:0968    A$main$2918
  0C:096A    A$main$2919
  0C:096C    A$main$2920
  0C:096E    A$main$2921
  0C:0971    A$main$2922
  0C:0973    A$main$2923
  0C:0975    A$main$2927
  0C:0975    C$main.c$252$1$1
  0C:0978    A$main$2928
  0C:0979    A$main$2929
  0C:097A    A$main$2930
  0C:097B    A$main$2931
  0C:097C    A$main$2932
  0C:097D    A$main$2933
  0C:097E    A$main$2934
  0C:097F    A$main$2935
  0C:0980    A$main$2936
  0C:0981    A$main$2937
  0C:0982    A$main$2940
  0C:0983    A$main$2941
  0C:0985    A$main$2942
  0C:0987    A$main$2943
  0C:0989    A$main$2944
  0C:098B    A$main$2945
  0C:098D    A$main$2946
  0C:0990    A$main$2947
  0C:0992    A$main$2948
  0C:0994    A$main$2949
  0C:0996    A$main$2950
  0C:0998    A$main$2954
  0C:0998    C$main.c$254$1$1
  0C:099A    A$main$2956
  0C:099B    A$main$2957
  0C:099C    A$main$2959
  0C:099D    A$main$2961
  0C:099E    A$main$2962
  0C:099F    A$main$2966
  0C:099F    C$main.c$255$1$1
  0C:09A1    A$main$2967
  0C:09A2    A$main$2969
  0C:09A3    A$main$2970
  0C:09A4    A$main$2972
  0C:09A5    A$main$2974
  0C:09A6    A$main$2975
  0C:09A7    A$main$2981
  0C:09A7    C$main.c$264$1$1
  0C:09A8    A$main$2982
  0C:09A9    A$main$2983
  0C:09AA    A$main$2984
  0C:09AB    A$main$2985
  0C:09AC    A$main$2986
  0C:09AD    A$main$2987
  0C:09AF    A$main$2988
  0C:09B0    A$main$2989
  0C:09B1    A$main$2990
  0C:09B3    A$main$2991
  0C:09B4    A$main$2992
  0C:09B5    A$main$2993
  0C:09B6    A$main$2994
  0C:09B7    A$main$2996
  0C:09BA    A$main$2997
  0C:09BC    A$main$2998
  0C:09BD    A$main$2999
  0C:09BE    A$main$3000
  0C:09BF    A$main$3001
  0C:09C0    A$main$3003
  0C:09C2    A$main$3004
  0C:09C4    A$main$3005
  0C:09C6    A$main$3006
  0C:09C8    A$main$3007
  0C:09CB    A$main$3008
  0C:09CD    A$main$3009
  0C:09CF    A$main$3010
  0C:09D1    A$main$3011
  0C:09D3    A$main$3014
  0C:09D4    A$main$3016
  0C:09D5    A$main$3017
  0C:09D6    A$main$3019
  0C:09D7    A$main$3021
  0C:09D8    A$main$3022
  0C:09D9    A$main$3026
  0C:09D9    C$main.c$265$1$1
  0C:09DB    A$main$3027
  0C:09DD    A$main$3030
  0C:09DF    A$main$3031
  0C:09E1    A$main$3032
  0C:09E3    A$main$3033
  0C:09E6    A$main$3034
  0C:09E8    A$main$3035
  0C:09EA    A$main$3043
  0C:09EA    C$main.c$266$1$1
  0C:09EB    A$main$3044
  0C:09EC    A$main$3045
  0C:09ED    A$main$3046
  0C:09EF    A$main$3047
  0C:09F0    A$main$3050
  0C:09F2    A$main$3051
  0C:09F5    A$main$3055
  0C:09F5    C$main.c$267$1$1
  0C:09F8    A$main$3056
  0C:09FB    A$main$3060
  0C:09FB    C$main.c$269$1$1
  0C:09FE    A$main$3061
  0C:0A01    A$main$3065
  0C:0A01    C$main.c$270$1$1
  0C:0A04    A$main$3069
  0C:0A04    C$main.c$271$1$1
  0C:0A04    XG$ClearLCDPixelAXIS$0$0
  0C:0A07    A$main$3087
  0C:0A07    C$main.c$272$1$1
  0C:0A07    G$setLCDPixel$0$0
  0C:0A07    _setLCDPixel
  0C:0A09    A$main$3088
  0C:0A0B    A$main$3089
  0C:0A0E    A$main$3090
  0C:0A0F    A$main$3091
  0C:0A10    A$main$3092
  0C:0A11    A$main$3093
  0C:0A12    A$main$3097
  0C:0A12    C$main.c$275$1$1
  0C:0A15    A$main$3098
  0C:0A16    A$main$3099
  0C:0A17    A$main$3100
  0C:0A18    A$main$3101
  0C:0A19    A$main$3102
  0C:0A1A    A$main$3104
  0C:0A1D    A$main$3105
  0C:0A1F    A$main$3106
  0C:0A20    A$main$3107
  0C:0A21    A$main$3108
  0C:0A22    A$main$3109
  0C:0A23    A$main$3111
  0C:0A25    A$main$3112
  0C:0A27    A$main$3113
  0C:0A29    A$main$3114
  0C:0A2B    A$main$3115
  0C:0A2E    A$main$3116
  0C:0A30    A$main$3117
  0C:0A32    A$main$3118
  0C:0A34    A$main$3119
  0C:0A36    A$main$3121
  0C:0A39    A$main$3122
  0C:0A3A    A$main$3123
  0C:0A3B    A$main$3124
  0C:0A3C    A$main$3125
  0C:0A3D    A$main$3126
  0C:0A3E    A$main$3128
  0C:0A41    A$main$3129
  0C:0A43    A$main$3130
  0C:0A44    A$main$3131
  0C:0A45    A$main$3132
  0C:0A46    A$main$3133
  0C:0A47    A$main$3135
  0C:0A49    A$main$3136
  0C:0A4B    A$main$3137
  0C:0A4D    A$main$3138
  0C:0A4F    A$main$3139
  0C:0A51    A$main$3140
  0C:0A53    A$main$3141
  0C:0A56    A$main$3142
  0C:0A58    A$main$3143
  0C:0A5A    A$main$3144
  0C:0A5C    A$main$3145
  0C:0A5E    A$main$3146
  0C:0A60    A$main$3147
  0C:0A62    A$main$3150
  0C:0A63    A$main$3152
  0C:0A64    A$main$3153
  0C:0A65    A$main$3155
  0C:0A66    A$main$3157
  0C:0A67    A$main$3158
  0C:0A68    A$main$3162
  0C:0A68    C$main.c$276$1$1
  0C:0A6A    A$main$3163
  0C:0A6C    A$main$3166
  0C:0A6E    A$main$3167
  0C:0A70    A$main$3168
  0C:0A72    A$main$3169
  0C:0A74    A$main$3170
  0C:0A76    A$main$3171
  0C:0A79    A$main$3172
  0C:0A7B    A$main$3173
  0C:0A7D    A$main$3174
  0C:0A7F    A$main$3175
  0C:0A81    A$main$3182
  0C:0A81    C$main.c$277$1$1
  0C:0A82    A$main$3183
  0C:0A83    A$main$3184
  0C:0A84    A$main$3185
  0C:0A86    A$main$3186
  0C:0A87    A$main$3189
  0C:0A89    A$main$3190
  0C:0A8B    A$main$3191
  0C:0A8D    A$main$3192
  0C:0A90    A$main$3193
  0C:0A92    A$main$3194
  0C:0A94    A$main$3198
  0C:0A94    C$main.c$278$1$1
  0C:0A97    A$main$3199
  0C:0A99    A$main$3200
  0C:0A9B    A$main$3201
  0C:0A9E    A$main$3202
  0C:0AA0    A$main$3203
  0C:0AA2    A$main$3207
  0C:0AA2    C$main.c$279$1$1
  0C:0AA5    A$main$3208
  0C:0AA7    A$main$3209
  0C:0AA8    A$main$3210
  0C:0AA9    A$main$3211
  0C:0AAA    A$main$3212
  0C:0AAB    A$main$3214
  0C:0AAD    A$main$3215
  0C:0AAF    A$main$3216
  0C:0AB2    A$main$3217
  0C:0AB4    A$main$3218
  0C:0AB6    A$main$3220
  0C:0AB8    A$main$3221
  0C:0AB9    A$main$3223
  0C:0ABA    A$main$3224
  0C:0ABB    A$main$3226
  0C:0ABC    A$main$3228
  0C:0ABD    A$main$3229
  0C:0ABE    A$main$3231
  0C:0AC0    A$main$3232
  0C:0AC2    A$main$3233
  0C:0AC4    A$main$3234
  0C:0AC6    A$main$3235
  0C:0AC8    A$main$3238
  0C:0AC9    A$main$3239
  0C:0ACA    A$main$3240
  0C:0ACB    A$main$3241
  0C:0ACC    A$main$3242
  0C:0ACD    A$main$3243
  0C:0ACE    A$main$3245
  0C:0AD1    A$main$3248
  0C:0AD4    A$main$3249
  0C:0AD5    A$main$3250
  0C:0AD6    A$main$3254
  0C:0AD6    C$main.c$280$1$1
  0C:0AD9    A$main$3255
  0C:0ADA    A$main$3256
  0C:0ADB    A$main$3257
  0C:0ADC    A$main$3258
  0C:0ADD    A$main$3259
  0C:0ADE    A$main$3263
  0C:0AE1    A$main$3264
  0C:0AE4    A$main$3273
  0C:0AE4    C$main.c$281$2$2
  0C:0AE7    A$main$3274
  0C:0AEA    A$main$3281
  0C:0AEA    C$main.c$282$2$2
  0C:0AED    A$main$3282
  0C:0AEF    A$main$3283
  0C:0AF0    A$main$3284
  0C:0AF1    A$main$3286
  0C:0AF3    A$main$3291
  0C:0AF3    C$main.c$284$2$2
  0C:0AF6    A$main$3292
  0C:0AF8    A$main$3293
  0C:0AF9    A$main$3295
  0C:0AFB    A$main$3302
  0C:0AFB    C$main.c$287$1$1
  0C:0AFE    A$main$3303
  0C:0B01    A$main$3310
  0C:0B01    C$main.c$289$2$3
  0C:0B03    A$main$3311
  0C:0B04    A$main$3313
  0C:0B05    A$main$3314
  0C:0B06    A$main$3316
  0C:0B07    A$main$3318
  0C:0B08    A$main$3319
  0C:0B09    A$main$3321
  0C:0B0B    A$main$3322
  0C:0B0D    A$main$3323
  0C:0B0F    A$main$3324
  0C:0B11    A$main$3325
  0C:0B13    A$main$3328
  0C:0B14    A$main$3329
  0C:0B15    A$main$3330
  0C:0B16    A$main$3331
  0C:0B17    A$main$3332
  0C:0B18    A$main$3333
  0C:0B19    A$main$3335
  0C:0B1C    A$main$3338
  0C:0B1F    A$main$3339
  0C:0B21    A$main$3340
  0C:0B22    A$main$3341
  0C:0B23    A$main$3346
  0C:0B23    C$main.c$291$1$1
  0C:0B26    A$main$3347
  0C:0B27    A$main$3350
  0C:0B28    A$main$3351
  0C:0B2A    A$main$3352
  0C:0B2D    A$main$3356
  0C:0B2D    C$main.c$292$1$1
  0C:0B30    A$main$3360
  0C:0B30    C$main.c$293$1$1
  0C:0B30    XG$setLCDPixel$0$0
  0C:0B33    A$main$3376
  0C:0B33    C$main.c$294$1$1
  0C:0B33    G$CreateAxis$0$0
  0C:0B33    _CreateAxis
  0C:0B35    A$main$3377
  0C:0B37    A$main$3381
  0C:0B38    A$main$3382
  0C:0B39    A$main$3383
  0C:0B3B    A$main$3384
  0C:0B3C    A$main$3385
  0C:0B3E    A$main$3386
  0C:0B40    A$main$3389
  0C:0B42    A$main$3394
  0C:0B42    C$main.c$297$1$1
  0C:0B45    A$main$3395
  0C:0B46    A$main$3396
  0C:0B47    A$main$3397
  0C:0B48    A$main$3398
  0C:0B49    A$main$3399
  0C:0B4A    A$main$3401
  0C:0B4D    A$main$3402
  0C:0B4E    A$main$3403
  0C:0B4F    A$main$3404
  0C:0B50    A$main$3405
  0C:0B51    A$main$3408
  0C:0B54    A$main$3409
  0C:0B56    A$main$3410
  0C:0B58    A$main$3411
  0C:0B5B    A$main$3412
  0C:0B5D    A$main$3413
  0C:0B5F    A$main$3419
  0C:0B5F    C$main.c$296$1$1
  0C:0B60    A$main$3420
  0C:0B63    A$main$3421
  0C:0B64    A$main$3425
  0C:0B66    A$main$3428
  0C:0B68    A$main$3429
  0C:0B6A    A$main$3433
  0C:0B6B    A$main$3434
  0C:0B6C    A$main$3435
  0C:0B6E    A$main$3436
  0C:0B6F    A$main$3437
  0C:0B71    A$main$3438
  0C:0B73    A$main$3441
  0C:0B75    A$main$3446
  0C:0B75    C$main.c$299$1$1
  0C:0B78    A$main$3447
  0C:0B7A    A$main$3448
  0C:0B7B    A$main$3449
  0C:0B7C    A$main$3450
  0C:0B7D    A$main$3451
  0C:0B7E    A$main$3453
  0C:0B81    A$main$3454
  0C:0B83    A$main$3455
  0C:0B84    A$main$3456
  0C:0B85    A$main$3457
  0C:0B86    A$main$3458
  0C:0B87    A$main$3460
  0C:0B89    A$main$3461
  0C:0B8B    A$main$3462
  0C:0B8D    A$main$3463
  0C:0B8F    A$main$3464
  0C:0B92    A$main$3465
  0C:0B94    A$main$3466
  0C:0B96    A$main$3472
  0C:0B96    C$main.c$298$1$1
  0C:0B97    A$main$3473
  0C:0B9A    A$main$3474
  0C:0B9B    A$main$3476
  0C:0B9D    A$main$3481
  0C:0B9D    C$main.c$301$1$1
  0C:0BA0    A$main$3482
  0C:0BA2    A$main$3483
  0C:0BA3    A$main$3484
  0C:0BA4    A$main$3485
  0C:0BA5    A$main$3486
  0C:0BA6    A$main$3488
  0C:0BA9    A$main$3489
  0C:0BAB    A$main$3490
  0C:0BAC    A$main$3491
  0C:0BAD    A$main$3492
  0C:0BAE    A$main$3493
  0C:0BAF    A$main$3496
  0C:0BB2    A$main$3497
  0C:0BB5    A$main$3501
  0C:0BB5    C$main.c$302$1$1
  0C:0BB8    A$main$3502
  0C:0BBA    A$main$3503
  0C:0BBB    A$main$3504
  0C:0BBC    A$main$3505
  0C:0BBD    A$main$3506
  0C:0BBE    A$main$3508
  0C:0BC1    A$main$3509
  0C:0BC3    A$main$3510
  0C:0BC4    A$main$3511
  0C:0BC5    A$main$3512
  0C:0BC6    A$main$3513
  0C:0BC7    A$main$3516
  0C:0BCA    A$main$3517
  0C:0BCD    A$main$3521
  0C:0BCD    C$main.c$303$1$1
  0C:0BD0    A$main$3522
  0C:0BD2    A$main$3523
  0C:0BD3    A$main$3524
  0C:0BD4    A$main$3525
  0C:0BD5    A$main$3526
  0C:0BD6    A$main$3528
  0C:0BD9    A$main$3529
  0C:0BDB    A$main$3530
  0C:0BDC    A$main$3531
  0C:0BDD    A$main$3532
  0C:0BDE    A$main$3533
  0C:0BDF    A$main$3536
  0C:0BE2    A$main$3537
  0C:0BE5    A$main$3541
  0C:0BE5    C$main.c$304$1$1
  0C:0BE8    A$main$3542
  0C:0BEA    A$main$3543
  0C:0BEB    A$main$3544
  0C:0BEC    A$main$3545
  0C:0BED    A$main$3546
  0C:0BEE    A$main$3548
  0C:0BF1    A$main$3549
  0C:0BF3    A$main$3550
  0C:0BF4    A$main$3551
  0C:0BF5    A$main$3552
  0C:0BF6    A$main$3553
  0C:0BF7    A$main$3556
  0C:0BFA    A$main$3557
  0C:0BFD    A$main$3561
  0C:0BFD    C$main.c$306$1$1
  0C:0C00    A$main$3562
  0C:0C02    A$main$3563
  0C:0C03    A$main$3564
  0C:0C04    A$main$3565
  0C:0C05    A$main$3566
  0C:0C06    A$main$3568
  0C:0C09    A$main$3569
  0C:0C0A    A$main$3570
  0C:0C0B    A$main$3571
  0C:0C0C    A$main$3572
  0C:0C0D    A$main$3575
  0C:0C10    A$main$3576
  0C:0C13    A$main$3580
  0C:0C13    C$main.c$307$1$1
  0C:0C16    A$main$3581
  0C:0C18    A$main$3582
  0C:0C19    A$main$3583
  0C:0C1A    A$main$3584
  0C:0C1B    A$main$3585
  0C:0C1C    A$main$3587
  0C:0C1F    A$main$3588
  0C:0C21    A$main$3589
  0C:0C22    A$main$3592
  0C:0C25    A$main$3593
  0C:0C28    A$main$3597
  0C:0C28    C$main.c$308$1$1
  0C:0C2B    A$main$3598
  0C:0C2D    A$main$3599
  0C:0C2E    A$main$3600
  0C:0C2F    A$main$3601
  0C:0C30    A$main$3602
  0C:0C31    A$main$3604
  0C:0C34    A$main$3605
  0C:0C36    A$main$3606
  0C:0C37    A$main$3609
  0C:0C3A    A$main$3610
  0C:0C3D    A$main$3614
  0C:0C3D    C$main.c$309$1$1
  0C:0C40    A$main$3615
  0C:0C42    A$main$3616
  0C:0C43    A$main$3617
  0C:0C44    A$main$3618
  0C:0C45    A$main$3619
  0C:0C46    A$main$3621
  0C:0C49    A$main$3622
  0C:0C4B    A$main$3623
  0C:0C4C    A$main$3626
  0C:0C4F    A$main$3627
  0C:0C52    A$main$3631
  0C:0C52    C$main.c$311$1$1
  0C:0C55    A$main$3632
  0C:0C56    A$main$3633
  0C:0C57    A$main$3634
  0C:0C58    A$main$3635
  0C:0C59    A$main$3637
  0C:0C5C    A$main$3638
  0C:0C5E    A$main$3639
  0C:0C5F    A$main$3640
  0C:0C60    A$main$3641
  0C:0C61    A$main$3642
  0C:0C62    A$main$3645
  0C:0C65    A$main$3646
  0C:0C68    A$main$3650
  0C:0C68    C$main.c$312$1$1
  0C:0C6B    A$main$3651
  0C:0C6D    A$main$3652
  0C:0C6E    A$main$3653
  0C:0C6F    A$main$3654
  0C:0C70    A$main$3655
  0C:0C71    A$main$3657
  0C:0C74    A$main$3658
  0C:0C75    A$main$3659
  0C:0C76    A$main$3660
  0C:0C77    A$main$3661
  0C:0C78    A$main$3664
  0C:0C7B    A$main$3665
  0C:0C7E    A$main$3669
  0C:0C7E    C$main.c$313$1$1
  0C:0C81    A$main$3670
  0C:0C83    A$main$3671
  0C:0C84    A$main$3672
  0C:0C85    A$main$3673
  0C:0C86    A$main$3674
  0C:0C87    A$main$3676
  0C:0C8A    A$main$3677
  0C:0C8B    A$main$3678
  0C:0C8C    A$main$3679
  0C:0C8D    A$main$3680
  0C:0C8E    A$main$3683
  0C:0C91    A$main$3684
  0C:0C94    A$main$3688
  0C:0C94    C$main.c$314$1$1
  0C:0C97    A$main$3689
  0C:0C99    A$main$3690
  0C:0C9A    A$main$3691
  0C:0C9B    A$main$3692
  0C:0C9C    A$main$3693
  0C:0C9D    A$main$3695
  0C:0CA0    A$main$3696
  0C:0CA1    A$main$3697
  0C:0CA2    A$main$3698
  0C:0CA3    A$main$3699
  0C:0CA4    A$main$3702
  0C:0CA7    A$main$3703
  0C:0CAA    A$main$3707
  0C:0CAA    C$main.c$315$1$1
  0C:0CAD    A$main$3708
  0C:0CAF    A$main$3709
  0C:0CB0    A$main$3710
  0C:0CB1    A$main$3711
  0C:0CB2    A$main$3712
  0C:0CB3    A$main$3714
  0C:0CB6    A$main$3715
  0C:0CB8    A$main$3716
  0C:0CB9    A$main$3717
  0C:0CBA    A$main$3718
  0C:0CBB    A$main$3719
  0C:0CBC    A$main$3722
  0C:0CBF    A$main$3723
  0C:0CC2    A$main$3727
  0C:0CC2    C$main.c$316$1$1
  0C:0CC5    A$main$3728
  0C:0CC7    A$main$3729
  0C:0CC8    A$main$3730
  0C:0CC9    A$main$3731
  0C:0CCA    A$main$3732
  0C:0CCB    A$main$3734
  0C:0CCE    A$main$3735
  0C:0CCF    A$main$3736
  0C:0CD0    A$main$3737
  0C:0CD1    A$main$3738
  0C:0CD2    A$main$3741
  0C:0CD5    A$main$3742
  0C:0CD8    A$main$3746
  0C:0CD8    C$main.c$317$1$1
  0C:0CDB    A$main$3747
  0C:0CDD    A$main$3748
  0C:0CDE    A$main$3749
  0C:0CDF    A$main$3750
  0C:0CE0    A$main$3751
  0C:0CE1    A$main$3753
  0C:0CE4    A$main$3754
  0C:0CE5    A$main$3755
  0C:0CE6    A$main$3756
  0C:0CE7    A$main$3757
  0C:0CE8    A$main$3760
  0C:0CEB    A$main$3761
  0C:0CEE    A$main$3765
  0C:0CEE    C$main.c$318$1$1
  0C:0CF1    A$main$3766
  0C:0CF3    A$main$3767
  0C:0CF4    A$main$3768
  0C:0CF5    A$main$3769
  0C:0CF6    A$main$3770
  0C:0CF7    A$main$3772
  0C:0CFA    A$main$3773
  0C:0CFC    A$main$3774
  0C:0CFD    A$main$3775
  0C:0CFE    A$main$3776
  0C:0CFF    A$main$3777
  0C:0D00    A$main$3780
  0C:0D03    A$main$3784
  0C:0D03    C$main.c$321$1$1
  0C:0D03    XG$CreateAxis$0$0
  0C:0D06    A$main$3801
  0C:0D06    C$main.c$323$1$1
  0C:0D06    G$bitMap$0$0
  0C:0D06    _bitMap
  0C:0D08    A$main$3802
  0C:0D0A    A$main$3803
  0C:0D0D    A$main$3804
  0C:0D0E    A$main$3805
  0C:0D0F    A$main$3806
  0C:0D10    A$main$3807
  0C:0D11    A$main$3811
  0C:0D11    C$main.c$325$1$1
  0C:0D14    A$main$3812
  0C:0D15    A$main$3813
  0C:0D16    A$main$3814
  0C:0D17    A$main$3815
  0C:0D18    A$main$3816
  0C:0D19    A$main$3818
  0C:0D1C    A$main$3819
  0C:0D1E    A$main$3820
  0C:0D1F    A$main$3821
  0C:0D20    A$main$3822
  0C:0D21    A$main$3823
  0C:0D22    A$main$3825
  0C:0D24    A$main$3826
  0C:0D26    A$main$3827
  0C:0D29    A$main$3828
  0C:0D2B    A$main$3829
  0C:0D2D    A$main$3831
  0C:0D30    A$main$3832
  0C:0D31    A$main$3833
  0C:0D32    A$main$3834
  0C:0D33    A$main$3835
  0C:0D34    A$main$3836
  0C:0D35    A$main$3838
  0C:0D38    A$main$3839
  0C:0D3A    A$main$3840
  0C:0D3B    A$main$3841
  0C:0D3C    A$main$3842
  0C:0D3D    A$main$3843
  0C:0D3E    A$main$3845
  0C:0D40    A$main$3846
  0C:0D42    A$main$3847
  0C:0D44    A$main$3848
  0C:0D46    A$main$3849
  0C:0D49    A$main$3850
  0C:0D4B    A$main$3851
  0C:0D4D    A$main$3852
  0C:0D4F    A$main$3853
  0C:0D51    A$main$3856
  0C:0D52    A$main$3858
  0C:0D53    A$main$3859
  0C:0D54    A$main$3861
  0C:0D55    A$main$3863
  0C:0D56    A$main$3864
  0C:0D57    A$main$3868
  0C:0D57    C$main.c$326$1$1
  0C:0D59    A$main$3869
  0C:0D5B    A$main$3872
  0C:0D5D    A$main$3873
  0C:0D5F    A$main$3874
  0C:0D61    A$main$3875
  0C:0D64    A$main$3876
  0C:0D66    A$main$3877
  0C:0D68    A$main$3884
  0C:0D68    C$main.c$327$1$1
  0C:0D6A    A$main$3885
  0C:0D6C    A$main$3888
  0C:0D6E    A$main$3889
  0C:0D71    A$main$3893
  0C:0D71    C$main.c$328$1$1
  0C:0D74    A$main$3894
  0C:0D77    A$main$3898
  0C:0D77    C$main.c$329$1$1
  0C:0D7A    A$main$3899
  0C:0D7B    A$main$3902
  0C:0D7C    A$main$3903
  0C:0D7E    A$main$3904
  0C:0D81    A$main$3908
  0C:0D81    C$main.c$330$1$1
  0C:0D84    A$main$3912
  0C:0D84    C$main.c$331$1$1
  0C:0D84    XG$bitMap$0$0
  0C:0D87    ___fssub
  0C:0D92    ___fsmul
  0C:0E18    fsgetargs
  0C:0E46    fs_normalize_a
  0C:0E6F    _cosf
  0C:0ED6    ___slong2fs
  0C:0EDF    slong2fs_doit
  0C:0F03    ___fseq
  0C:0F14    _sinf
  0C:0F77    ___fsgt
  0C:0FA7    _sincosf
  0C:159F    ___fslt
  0C:15CF    __mulint
  0C:15EF    __modsint
  0C:165D    __moduint
  0C:170B    ___fsadd
  0C:170E    fsadd_direct_entry
  0C:1764    __divsint
  0C:17DC    __divuint
  0C:1877    _fabsf
  0C:18B5    fs_compare_uint32
  0C:18D3    fs_check_negative_zeros
  0C:18FE    ___sint2fs
  0C:190B    ___fs2sint
  0C:1933    ___fs2uint
  0C:193E    fs_round_and_return
  0C:1956    fs_zerocheck_return
  0C:195F    fs_return_zero
  0C:1967    fs_direct_return
  0C:1975    fs_return_inf
  0C:1982    fs_return_nan
  0C:198D    fs_swap_a_b
  0C:19A7    ___fsdiv
  0C:1A3F    fs_rshift_a
  0C:1A82    ___fs2slong
  0C:1AD1    __sdcc_external_startup
  0C:1AD5    fsgetarg
  0C:1AE7    ___fs2ulong
  0C:1AE9    fs2ulong_begin

Hexadecimal

Area                               Addr   Size   Decimal Bytes (Attributes)
--------------------------------   ----   ----   ------- ----- ------------
GSINIT0                            1B0E   0003 =      3. bytes (REL,CON,CODE)

      Value  Global
   --------  --------------------------------
  0C:1B0E    __sdcc_gsinit_startup

Hexadecimal

Area                               Addr   Size   Decimal Bytes (Attributes)
--------------------------------   ----   ----   ------- ----- ------------
GSINIT1                            1B11   0000 =      0. bytes (REL,CON,CODE)

Hexadecimal

Area                               Addr   Size   Decimal Bytes (Attributes)
--------------------------------   ----   ----   ------- ----- ------------
GSINIT2                            1B11   000A =     10. bytes (REL,CON,CODE)

Hexadecimal

Area                               Addr   Size   Decimal Bytes (Attributes)
--------------------------------   ----   ----   ------- ----- ------------
GSINIT3                            1B1B   0022 =     34. bytes (REL,CON,CODE)

      Value  Global
   --------  --------------------------------
  0C:1B1B    __mcs51_genXINIT

Hexadecimal

Area                               Addr   Size   Decimal Bytes (Attributes)
--------------------------------   ----   ----   ------- ----- ------------
GSINIT4                            1B3D   002A =     42. bytes (REL,CON,CODE)

      Value  Global
   --------  --------------------------------
  0C:1B3D    __mcs51_genRAMCLEAR
  0C:1B43    __mcs51_genXRAMCLEAR

Hexadecimal

Area                               Addr   Size   Decimal Bytes (Attributes)
--------------------------------   ----   ----   ------- ----- ------------
GSINIT5                            1B67   0000 =      0. bytes (REL,CON,CODE)

Hexadecimal

Area                               Addr   Size   Decimal Bytes (Attributes)
--------------------------------   ----   ----   ------- ----- ------------
GSINIT                             1B67   0000 =      0. bytes (REL,CON,CODE)

Hexadecimal

Area                               Addr   Size   Decimal Bytes (Attributes)
--------------------------------   ----   ----   ------- ----- ------------
GSFINAL                            1B67   0003 =      3. bytes (REL,CON,CODE)

      Value  Global
   --------  --------------------------------
  0C:1B67    A$main$567

Hexadecimal

Area                               Addr   Size   Decimal Bytes (Attributes)
--------------------------------   ----   ----   ------- ----- ------------
HOME                               1B6A   0000 =      0. bytes (REL,CON,CODE)

Hexadecimal

Area                               Addr   Size   Decimal Bytes (Attributes)
--------------------------------   ----   ----   ------- ----- ------------
XINIT                              1B6A   0010 =     16. bytes (REL,CON,CODE)

      Value  Global
   --------  --------------------------------
  0C:1B6A    Fmain$__xinit_duration$0$0
  0C:1B6E    Fmain$__xinit_distances$0$0
  0C:1B72    Fmain$__xinit_angle$0$0
  0C:1B76    Fmain$__xinit_counter$0$0
  0C:1B78    Fmain$__xinit_numberOfScans$0$0
ASxxxx Linker V01.70 + NoICE + SDCC Feb 1999,  page 1.

Files Linked      [ module(s) ]

main.rel        

Libraries Linked            [   object  file   ]

C:\Program Files (x86)\SDCC\bin\..\lib\large/libfloat.lib    [           _fssub ]
C:\Program Files (x86)\SDCC\bin\..\lib\large/libfloat.lib    [           _fsmul ]
C:\Program Files (x86)\SDCC\bin\..\lib\large/libfloat.lib    [      _fsget2args ]
C:\Program Files (x86)\SDCC\bin\..\lib\large/mcs51.lib    [     crtclear.rel ]
C:\Program Files (x86)\SDCC\bin\..\lib\large/libfloat.lib    [     _fsnormalize ]
C:\Program Files (x86)\SDCC\bin\..\lib\large/libfloat.lib    [             cosf ]
C:\Program Files (x86)\SDCC\bin\..\lib\large/libfloat.lib    [        _slong2fs ]
C:\Program Files (x86)\SDCC\bin\..\lib\large/libfloat.lib    [            _fseq ]
C:\Program Files (x86)\SDCC\bin\..\lib\large/mcs51.lib    [     crtxinit.rel ]
C:\Program Files (x86)\SDCC\bin\..\lib\large/libfloat.lib    [             sinf ]
C:\Program Files (x86)\SDCC\bin\..\lib\large/libfloat.lib    [            _fsgt ]
C:\Program Files (x86)\SDCC\bin\..\lib\large/libfloat.lib    [          sincosf ]
C:\Program Files (x86)\SDCC\bin\..\lib\large/libfloat.lib    [            _fslt ]
C:\Program Files (x86)\SDCC\bin\..\lib\large/libint.lib    [          _mulint ]
C:\Program Files (x86)\SDCC\bin\..\lib\large/libint.lib    [         _modsint ]
C:\Program Files (x86)\SDCC\bin\..\lib\large/libint.lib    [         _moduint ]
C:\Program Files (x86)\SDCC\bin\..\lib\large/mcs51.lib    [    crtxclear.rel ]
C:\Program Files (x86)\SDCC\bin\..\lib\large/libfloat.lib    [           _fsadd ]
C:\Program Files (x86)\SDCC\bin\..\lib\large/libint.lib    [         _divsint ]
C:\Program Files (x86)\SDCC\bin\..\lib\large/libint.lib    [         _divuint ]
C:\Program Files (x86)\SDCC\bin\..\lib\large/libfloat.lib    [            fabsf ]
C:\Program Files (x86)\SDCC\bin\..\lib\large/libfloat.lib    [           _fscmp ]
C:\Program Files (x86)\SDCC\bin\..\lib\large/libfloat.lib    [         _sint2fs ]
C:\Program Files (x86)\SDCC\bin\..\lib\large/libfloat.lib    [         _fs2sint ]
C:\Program Files (x86)\SDCC\bin\..\lib\large/libfloat.lib    [         _fs2uint ]
C:\Program Files (x86)\SDCC\bin\..\lib\large/libsdcc.lib    [              _bp ]
C:\Program Files (x86)\SDCC\bin\..\lib\large/libfloat.lib    [     _fsreturnval ]
C:\Program Files (x86)\SDCC\bin\..\lib\large/mcs51.lib    [   crtpagesfr.rel ]
C:\Program Files (x86)\SDCC\bin\..\lib\large/libfloat.lib    [      _fsswapargs ]
C:\Program Files (x86)\SDCC\bin\..\lib\large/libfloat.lib    [           _fsdiv ]
C:\Program Files (x86)\SDCC\bin\..\lib\large/mcs51.lib    [     crtstart.rel ]
C:\Program Files (x86)\SDCC\bin\..\lib\large/libfloat.lib    [            errno ]
C:\Program Files (x86)\SDCC\bin\..\lib\large/libfloat.lib    [        _fsrshift ]
C:\Program Files (x86)\SDCC\bin\..\lib\large/libfloat.lib    [        _fs2slong ]
C:\Program Files (x86)\SDCC\bin\..\lib\large/libsdcc.lib    [         _startup ]
C:\Program Files (x86)\SDCC\bin\..\lib\large/libfloat.lib    [       _fsget1arg ]
C:\Program Files (x86)\SDCC\bin\..\lib\large/libfloat.lib    [        _fs2ulong ]

ASxxxx Linker V01.70 + NoICE + SDCC Feb 1999,  page 2.

User Base Address Definitions

CSEG = 0x0000
ISEG = 0x0080
BSEG = 0x0000

