
Hexadecimal

Area                               Addr   Size   Decimal Bytes (Attributes)
--------------------------------   ----   ----   ------- ----- ------------
.  .ABS.                           0000   0000 =      0. bytes (ABS,OVR)

      Value  Global
   --------  --------------------------------
     0000    l_GSINIT
     0000    l_GSINIT1
     0000    l_GSINIT5
     0000    l_HOME
     0000    l_ISEG
     0000    l_OSEG
     0000    l_PSEG
     0000    l_REG_BANK_1
     0000    l_REG_BANK_2
     0000    l_REG_BANK_3
     0000    l_RSEG
     0000    l__CODE
     0000    s_BSEG
     0000    s_CSEG
     0000    s_DSEG
     0000    s_PSEG
     0000    s_REG_BANK_0
     0000    s_XSEG
     0000    s__CODE
     0001    l_BSEG_BYTES
     0002    l_BSEG
     0003    l_GSFINAL
     0003    l_GSINIT0
     0008    l_REG_BANK_0
     0008    s_REG_BANK_1
     000A    l_GSINIT2
     0010    l_XINIT
     0010    l_XISEG
     0010    s_REG_BANK_2
     0018    s_REG_BANK_3
     0020    s_BSEG_BYTES
     0021    s_SSEG
     0022    l_GSINIT3
     002A    l_GSINIT4
     0056    l_XSEG
     0056    s_XISEG
     0075    l_DSEG
     0080    G$P0$0$0
     0080    G$P0_0$0$0
     0080    _P0
     0080    _P0_0
     0080    s_ISEG
     0080    s_OSEG
     0081    G$P0_1$0$0
     0081    G$SP$0$0
     0081    _P0_1
     0081    _SP
     0082    G$DPL$0$0
     0082    G$P0_2$0$0
     0082    _DPL
     0082    _P0_2
     0083    G$DPH$0$0
     0083    G$P0_3$0$0
     0083    _DPH
     0083    _P0_3
     0084    G$P0_4$0$0
     0084    _P0_4
     0085    G$P0_5$0$0
     0085    _P0_5
     0086    G$P0_6$0$0
     0086    _P0_6
     0087    G$P0_7$0$0
     0087    G$PCON$0$0
     0087    _P0_7
     0087    _PCON
     0088    G$IT0$0$0
     0088    G$TCON$0$0
     0088    _IT0
     0088    _TCON
     0089    G$IE0$0$0
     0089    G$TMOD$0$0
     0089    _IE0
     0089    _TMOD
     008A    G$IT1$0$0
     008A    G$TL0$0$0
     008A    _IT1
     008A    _TL0
     008B    G$IE1$0$0
     008B    G$TL1$0$0
     008B    _IE1
     008B    _TL1
     008C    G$TH0$0$0
     008C    G$TR0$0$0
     008C    _TH0
     008C    _TR0
     008D    G$TF0$0$0
     008D    G$TH1$0$0
     008D    _TF0
     008D    _TH1
     008E    G$TR1$0$0
     008E    _TR1
     008F    G$TF1$0$0
     008F    _TF1
     0090    G$P1$0$0
     0090    G$P1_0$0$0
     0090    G$T2$0$0
     0090    _P1
     0090    _P1_0
     0090    _T2
     0091    G$P1_1$0$0
     0091    G$T2EX$0$0
     0091    _P1_1
     0091    _T2EX
     0092    G$P1_2$0$0
     0092    _P1_2
     0093    G$P1_3$0$0
     0093    _P1_3
     0094    G$P1_4$0$0
     0094    _P1_4
     0095    G$P1_5$0$0
     0095    _P1_5
     0096    G$P1_6$0$0
     0096    _P1_6
     0097    G$P1_7$0$0
     0097    _P1_7
     0098    G$RI$0$0
     0098    G$SCON$0$0
     0098    _RI
     0098    _SCON
     0099    G$SBUF$0$0
     0099    G$TI$0$0
     0099    _SBUF
     0099    _TI
     009A    G$RB8$0$0
     009A    _RB8
     009B    G$TB8$0$0
     009B    _TB8
     009C    G$REN$0$0
     009C    _REN
     009D    G$SM2$0$0
     009D    _SM2
     009E    G$SM1$0$0
     009E    _SM1
     009F    G$SM0$0$0
     009F    _SM0
     00A0    G$P2$0$0
     00A0    G$P2_0$0$0
     00A0    _P2
     00A0    _P2_0
     00A0    __XPAGE
     00A1    G$P2_1$0$0
     00A1    _P2_1
     00A2    G$P2_2$0$0
     00A2    _P2_2
     00A3    G$P2_3$0$0
     00A3    _P2_3
     00A4    G$P2_4$0$0
     00A4    _P2_4
     00A5    G$P2_5$0$0
     00A5    _P2_5
     00A6    G$P2_6$0$0
     00A6    _P2_6
     00A7    G$P2_7$0$0
     00A7    _P2_7
     00A8    G$EX0$0$0
     00A8    G$IE$0$0
     00A8    _EX0
     00A8    _IE
     00A9    G$ET0$0$0
     00A9    _ET0
     00AA    G$EX1$0$0
     00AA    _EX1
     00AB    G$ET1$0$0
     00AB    _ET1
     00AC    G$ES$0$0
     00AC    _ES
     00AD    G$ET2$0$0
     00AD    _ET2
     00AF    G$EA$0$0
     00AF    _EA
     00B0    G$P3$0$0
     00B0    G$P3_0$0$0
     00B0    G$RXD$0$0
     00B0    _P3
     00B0    _P3_0
     00B0    _RXD
     00B1    G$P3_1$0$0
     00B1    G$TXD$0$0
     00B1    _P3_1
     00B1    _TXD
     00B2    G$INT0$0$0
     00B2    G$P3_2$0$0
     00B2    _INT0
     00B2    _P3_2
     00B3    G$INT1$0$0
     00B3    G$P3_3$0$0
     00B3    _INT1
     00B3    _P3_3
     00B4    G$P3_4$0$0
     00B4    G$T0$0$0
     00B4    _P3_4
     00B4    _T0
     00B5    G$P3_5$0$0
     00B5    G$T1$0$0
     00B5    _P3_5
     00B5    _T1
     00B6    G$P3_6$0$0
     00B6    G$WR$0$0
     00B6    _P3_6
     00B6    _WR
     00B7    G$P3_7$0$0
     00B7    G$RD$0$0
     00B7    _P3_7
     00B7    _RD
     00B8    G$IP$0$0
     00B8    G$PX0$0$0
     00B8    _IP
     00B8    _PX0
     00B9    G$PT0$0$0
     00B9    _PT0
     00BA    G$PX1$0$0
     00BA    _PX1
     00BB    G$PT1$0$0
     00BB    _PT1
     00BC    G$PS$0$0
     00BC    _PS
     00BD    G$PT2$0$0
     00BD    _PT2
     00C8    G$CP_RL2$0$0
     00C8    G$T2CON$0$0
     00C8    G$T2CON_0$0$0
     00C8    _CP_RL2
     00C8    _T2CON
     00C8    _T2CON_0
     00C9    G$C_T2$0$0
     00C9    G$T2CON_1$0$0
     00C9    G$T2MOD$0$0
     00C9    _C_T2
     00C9    _T2CON_1
     00C9    _T2MOD
     00CA    G$RCAP2L$0$0
     00CA    G$T2CON_2$0$0
     00CA    G$TR2$0$0
     00CA    _RCAP2L
     00CA    _T2CON_2
     00CA    _TR2
     00CB    G$EXEN2$0$0
     00CB    G$RCAP2H$0$0
     00CB    G$T2CON_3$0$0
     00CB    _EXEN2
     00CB    _RCAP2H
     00CB    _T2CON_3
     00CC    G$T2CON_4$0$0
     00CC    G$TCLK$0$0
     00CC    G$TL2$0$0
     00CC    _T2CON_4
     00CC    _TCLK
     00CC    _TL2
     00CD    G$RCLK$0$0
     00CD    G$T2CON_5$0$0
     00CD    G$TH2$0$0
     00CD    _RCLK
     00CD    _T2CON_5
     00CD    _TH2
     00CE    G$EXF2$0$0
     00CE    G$T2CON_6$0$0
     00CE    _EXF2
     00CE    _T2CON_6
     00CF    G$T2CON_7$0$0
     00CF    G$TF2$0$0
     00CF    _T2CON_7
     00CF    _TF2
     00D0    G$P$0$0
     00D0    G$PSW$0$0
     00D0    _P
     00D0    _PSW
     00D1    G$FL$0$0
     00D1    _FL
     00D2    G$OV$0$0
     00D2    _OV
     00D3    G$RS0$0$0
     00D3    _RS0
     00D4    G$RS1$0$0
     00D4    _RS1
     00D5    G$F0$0$0
     00D5    _F0
     00D6    G$AC$0$0
     00D6    _AC
     00D7    G$CY$0$0
     00D7    _CY
     00DF    l_SSEG
     00E0    G$A$0$0
     00E0    G$ACC$0$0
     00E0    _A
     00E0    _ACC
     00F0    G$B$0$0
     00F0    _B
     0100    l_IRAM
     0100    s_RSEG
     1B15    l_CSEG
     1B15    s_GSINIT0
     1B18    s_GSINIT1
     1B18    s_GSINIT2
     1B22    s_GSINIT3
     1B44    s_GSINIT4
     1B6E    s_GSFINAL
     1B6E    s_GSINIT
     1B6E    s_GSINIT5
     1B71    s_HOME
     1B71    s_XINIT

Hexadecimal

Area                               Addr   Size   Decimal Bytes (Attributes)
--------------------------------   ----   ----   ------- ----- ------------
_CODE                              0000   0000 =      0. bytes (REL,CON)

Hexadecimal

Area                               Addr   Size   Decimal Bytes (Attributes)
--------------------------------   ----   ----   ------- ----- ------------
REG_BANK_0                         0000   0008 =      8. bytes (REL,OVR)

Hexadecimal

Area                               Addr   Size   Decimal Bytes (Attributes)
--------------------------------   ----   ----   ------- ----- ------------
REG_BANK_1                         0008   0000 =      0. bytes (REL,OVR)

Hexadecimal

Area                               Addr   Size   Decimal Bytes (Attributes)
--------------------------------   ----   ----   ------- ----- ------------
REG_BANK_2                         0010   0000 =      0. bytes (REL,OVR)

Hexadecimal

Area                               Addr   Size   Decimal Bytes (Attributes)
--------------------------------   ----   ----   ------- ----- ------------
REG_BANK_3                         0018   0000 =      0. bytes (REL,OVR)

Hexadecimal

Area                               Addr   Size   Decimal Bits  (Attributes)
--------------------------------   ----   ----   ------- ----- ------------
BSEG                               0000   0002 =      2. bits  (REL,CON,BIT)

      Value  Global
   --------  --------------------------------
  0B:0000    _sincosf_sign_1_1
  0B:0001    __divuint_c_1_1

Hexadecimal

Area                               Addr   Size   Decimal Bytes (Attributes)
--------------------------------   ----   ----   ------- ----- ------------
BSEG_BYTES                         0020   0001 =      1. bytes (REL,CON)

Hexadecimal

Area                               Addr   Size   Decimal Bytes (Attributes)
--------------------------------   ----   ----   ------- ----- ------------
DSEG                               0000   0075 =    117. bytes (REL,CON)

      Value  Global
   --------  --------------------------------
     0008    Lmain$sloc0$1$0
     0008    _main_sloc0_1_0
     000C    _sincosf_sloc0_1_0
     0010    _sincosf_sloc1_1_0
     0014    _bp

Hexadecimal

Area                               Addr   Size   Decimal Bytes (Attributes)
--------------------------------   ----   ----   ------- ----- ------------
OSEG                               0080   0000 =      0. bytes (REL,OVR)

Hexadecimal

Area                               Addr   Size   Decimal Bytes (Attributes)
--------------------------------   ----   ----   ------- ----- ------------
ISEG                               0080   0000 =      0. bytes (REL,CON)

Hexadecimal

Area                               Addr   Size   Decimal Bytes (Attributes)
--------------------------------   ----   ----   ------- ----- ------------
SSEG                               0021   00DF =    223. bytes (REL,OVR)

      Value  Global
   --------  --------------------------------
     0021    __start__stack

Hexadecimal

Area                               Addr   Size   Decimal Bytes (Attributes)
--------------------------------   ----   ----   ------- ----- ------------
RSEG                               0100   0000 =      0. bytes (REL,CON)

Hexadecimal

Area                               Addr   Size   Decimal Bytes (Attributes)
--------------------------------   ----   ----   ------- ----- ------------
PSEG                               0000   0000 =      0. bytes (REL,CON,PAG,XDATA)

Hexadecimal

Area                               Addr   Size   Decimal Bytes (Attributes)
--------------------------------   ----   ----   ------- ----- ------------
XSEG                               0000   0056 =     86. bytes (REL,CON,XDATA)

      Value  Global
   --------  --------------------------------
  0D:0000    Lmain$SX$1$1
  0D:0000    _main_SX_1_1
  0D:0004    LdurationToCm$timeInMicro$1$1
  0D:0004    _durationToCm_timeInMicro_1_1
  0D:0008    Ldelay$x$1$1
  0D:0008    _delay_x_1_1
  0D:000A    LWriteData$inputData$1$1
  0D:000A    _WriteData_inputData_1_1
  0D:000B    LReadData$temp$1$1
  0D:000B    _ReadData_temp_1_1
  0D:000C    LWriteCommand$commandD$1$1
  0D:000C    _WriteCommand_commandD_1_1
  0D:000D    LCheckStatus$temp$1$1
  0D:000D    _CheckStatus_temp_1_1
  0D:000E    LWriteDisplayData$x$1$1
  0D:000E    _WriteDisplayData_x_1_1
  0D:000F    LSetAddressPointer$address$1$1
  0D:000F    _SetAddressPointer_address_1_1
  0D:0011    LSetLCDPixelAXIS$y$1$1
  0D:0011    _SetLCDPixelAXIS_PARM_2
  0D:0015    LSetLCDPixelAXIS$x$1$1
  0D:0015    _SetLCDPixelAXIS_x_1_1
  0D:0019    LClearLCDPixelAXIS$y$1$1
  0D:0019    _ClearLCDPixelAXIS_PARM_2
  0D:001D    LClearLCDPixelAXIS$x$1$1
  0D:001D    _ClearLCDPixelAXIS_x_1_1
  0D:0021    LsetLCDPixel$y$1$1
  0D:0021    _setLCDPixel_PARM_2
  0D:0023    LsetLCDPixel$line$1$1
  0D:0023    _setLCDPixel_PARM_3
  0D:0025    LsetLCDPixel$x$1$1
  0D:0025    _setLCDPixel_x_1_1
  0D:0027    LsetLCDPixel$tmp$1$1
  0D:0027    _setLCDPixel_tmp_1_1
  0D:0028    LbitMap$y$1$1
  0D:0028    _bitMap_PARM_2
  0D:002A    LbitMap$tmp$1$1
  0D:002A    _bitMap_PARM_3
  0D:002B    LbitMap$x$1$1
  0D:002B    _bitMap_x_1_1
  0D:002D    _sincosf_PARM_2
  0D:002F    _sincosf_x_1_1
  0D:0033    _sincosf_y_1_1
  0D:0037    _sincosf_f_1_1
  0D:003B    _sincosf_XN_1_1
  0D:003F    __mulint_PARM_2
  0D:0041    __modsint_PARM_2
  0D:0043    __modsint_a_1_1
  0D:0045    __moduint_PARM_2
  0D:0047    __moduint_a_1_1
  0D:0049    __moduint_count_1_1
  0D:004A    __divsint_PARM_2
  0D:004C    __divsint_a_1_1
  0D:004E    __divuint_PARM_2
  0D:0050    __divuint_a_1_1
  0D:0052    __divuint_reste_1_1
  0D:0054    _errno

Hexadecimal

Area                               Addr   Size   Decimal Bytes (Attributes)
--------------------------------   ----   ----   ------- ----- ------------
XISEG                              0056   0010 =     16. bytes (REL,CON,XDATA)

      Value  Global
   --------  --------------------------------
  0D:0056    G$duration$0$0
  0D:0056    _duration
  0D:005A    G$distances$0$0
  0D:005A    _distances
  0D:005E    G$angle$0$0
  0D:005E    _angle
  0D:0062    G$counter$0$0
  0D:0062    _counter
  0D:0064    G$numberOfScans$0$0
  0D:0064    _numberOfScans

Hexadecimal

Area                               Addr   Size   Decimal Bytes (Attributes)
--------------------------------   ----   ----   ------- ----- ------------
CSEG                               0000   1B15 =   6933. bytes (REL,CON,CODE)

      Value  Global
   --------  --------------------------------
  0C:0000    A$main$549
  0C:0003    A$main$550
  0C:000B    A$main$552
  0C:000E    A$main$578
  0C:000E    __sdcc_program_startup
  0C:0011    A$main$580
  0C:0013    A$main$600
  0C:0013    C$main.c$9$0$0
  0C:0013    G$t0$0$0
  0C:0013    _t0
  0C:0015    A$main$601
  0C:0017    A$main$602
  0C:0019    A$main$603
  0C:001B    A$main$604
  0C:001D    A$main$605
  0C:001F    A$main$606
  0C:0022    A$main$610
  0C:0022    C$main.c$10$1$1
  0C:0025    A$main$611
  0C:0026    A$main$612
  0C:0027    A$main$613
  0C:0028    A$main$614
  0C:0029    A$main$615
  0C:002A    A$main$617
  0C:002D    A$main$619
  0C:002F    A$main$621
  0C:0030    A$main$622
  0C:0031    A$main$624
  0C:0032    A$main$626
  0C:0033    A$main$627
  0C:0034    A$main$628
  0C:0035    A$main$632
  0C:0035    C$main.c$11$1$1
  0C:0037    A$main$634
  0C:0039    A$main$635
  0C:003B    A$main$636
  0C:003D    A$main$637
  0C:003F    A$main$638
  0C:0041    A$main$639
  0C:0043    A$main$642
  0C:0043    C$main.c$13$1$1
  0C:0043    XG$t0$0$0
  0C:0044    A$main$661
  0C:0044    C$main.c$14$1$1
  0C:0044    C$main.c$17$1$1
  0C:0044    G$main$0$0
  0C:0044    _main
  0C:0047    A$main$666
  0C:0047    C$main.c$18$1$1
  0C:004A    A$main$667
  0C:004D    A$main$671
  0C:004D    C$main.c$19$1$1
  0C:0050    A$main$675
  0C:0050    C$main.c$20$1$1
  0C:0053    A$main$679
  0C:0053    C$main.c$21$1$1
  0C:0056    A$main$683
  0C:0056    C$main.c$22$1$1
  0C:0058    A$main$687
  0C:0058    C$main.c$23$1$1
  0C:005A    A$main$691
  0C:005A    C$main.c$24$1$1
  0C:005D    A$main$695
  0C:005D    C$main.c$26$1$1
  0C:005F    A$main$699
  0C:005F    C$main.c$27$1$1
  0C:0061    A$main$703
  0C:0061    C$main.c$28$1$1
  0C:0063    A$main$704
  0C:0065    A$main$706
  0C:0067    A$main$707
  0C:0069    A$main$711
  0C:0069    C$main.c$30$1$1
  0C:006C    A$main$715
  0C:006C    C$main.c$31$1$1
  0C:006F    A$main$720
  0C:006F    C$main.c$32$1$1
  0C:0072    A$main$721
  0C:0075    A$main$725
  0C:0075    C$main.c$33$1$1
  0C:0078    A$main$729
  0C:0078    C$main.c$34$1$1
  0C:007B    A$main$733
  0C:007B    C$main.c$35$1$1
  0C:007D    A$main$738
  0C:007D    C$main.c$36$1$1
  0C:0080    A$main$739
  0C:0083    A$main$743
  0C:0083    C$main.c$37$1$1
  0C:0086    A$main$748
  0C:0086    C$main.c$39$1$1
  0C:0089    A$main$749
  0C:008A    A$main$750
  0C:008B    A$main$751
  0C:008C    A$main$752
  0C:008D    A$main$753
  0C:008E    A$main$756
  0C:008F    A$main$757
  0C:0090    A$main$758
  0C:0092    A$main$759
  0C:0093    A$main$760
  0C:0095    A$main$761
  0C:0097    A$main$763
  0C:0099    A$main$764
  0C:009C    A$main$769
  0C:009C    C$main.c$40$2$2
  0C:009F    A$main$770
  0C:00A0    A$main$771
  0C:00A1    A$main$772
  0C:00A2    A$main$773
  0C:00A3    A$main$777
  0C:00A3    C$main.c$41$2$2
  0C:00A6    A$main$781
  0C:00A6    C$main.c$42$2$2
  0C:00A9    A$main$785
  0C:00A9    C$main.c$43$2$2
  0C:00AB    A$main$790
  0C:00AB    C$main.c$46$2$2
  0C:00AE    A$main$791
  0C:00B1    A$main$795
  0C:00B1    C$main.c$47$2$2
  0C:00B4    A$main$802
  0C:00B4    C$main.c$48$2$2
  0C:00B7    A$main$810
  0C:00B7    C$main.c$49$2$2
  0C:00BA    A$main$815
  0C:00BA    C$main.c$50$2$2
  0C:00BC    A$main$820
  0C:00BE    A$main$821
  0C:00C0    A$main$823
  0C:00C2    A$main$824
  0C:00C4    A$main$826
  0C:00C5    A$main$827
  0C:00C7    A$main$828
  0C:00C8    A$main$829
  0C:00CA    A$main$831
  0C:00CD    A$main$832
  0C:00CE    A$main$833
  0C:00CF    A$main$834
  0C:00D0    A$main$835
  0C:00D1    A$main$836
  0C:00D2    A$main$838
  0C:00D4    A$main$843
  0C:00D6    A$main$844
  0C:00D8    A$main$847
  0C:00D9    A$main$848
  0C:00DA    A$main$849
  0C:00DB    A$main$850
  0C:00DC    A$main$851
  0C:00DD    A$main$852
  0C:00DF    A$main$853
  0C:00E0    A$main$854
  0C:00E1    A$main$856
  0C:00E2    A$main$857
  0C:00E4    A$main$858
  0C:00E5    A$main$859
  0C:00E7    A$main$860
  0C:00E8    A$main$861
  0C:00EA    A$main$862
  0C:00EB    A$main$863
  0C:00ED    A$main$865
  0C:00F0    A$main$866
  0C:00F1    A$main$867
  0C:00F2    A$main$868
  0C:00F3    A$main$869
  0C:00F4    A$main$870
  0C:00F5    A$main$871
  0C:00F6    A$main$872
  0C:00F7    A$main$873
  0C:00F8    A$main$874
  0C:00F9    A$main$879
  0C:00F9    C$main.c$51$2$2
  0C:00FA    A$main$880
  0C:00FB    A$main$881
  0C:00FD    A$main$882
  0C:00FF    A$main$883
  0C:0101    A$main$884
  0C:0104    A$main$885
  0C:0106    A$main$886
  0C:0108    A$main$887
  0C:010A    A$main$888
  0C:010B    A$main$893
  0C:010B    C$main.c$52$1$1
  0C:010C    A$main$894
  0C:010E    A$main$896
  0C:010F    A$main$897
  0C:0111    A$main$899
  0C:0112    A$main$900
  0C:0114    A$main$901
  0C:0116    A$main$902
  0C:0118    A$main$906
  0C:0118    C$main.c$53$1$1
  0C:011A    A$main$907
  0C:011C    A$main$908
  0C:011E    A$main$909
  0C:011F    A$main$910
  0C:0122    A$main$911
  0C:0124    A$main$912
  0C:0126    A$main$913
  0C:0128    A$main$914
  0C:0129    A$main$915
  0C:012B    A$main$916
  0C:012D    A$main$917
  0C:012F    A$main$920
  0C:0130    A$main$921
  0C:0132    A$main$923
  0C:0133    A$main$924
  0C:0135    A$main$925
  0C:0137    A$main$926
  0C:0139    A$main$927
  0C:013B    A$main$928
  0C:013D    A$main$930
  0C:013F    A$main$931
  0C:0141    A$main$932
  0C:0143    A$main$933
  0C:0144    A$main$934
  0C:0147    A$main$935
  0C:0149    A$main$936
  0C:014B    A$main$937
  0C:014D    A$main$938
  0C:014E    A$main$939
  0C:0150    A$main$940
  0C:0152    A$main$941
  0C:0154    A$main$943
  0C:0157    A$main$944
  0C:0158    A$main$945
  0C:0159    A$main$946
  0C:015A    A$main$947
  0C:015B    A$main$948
  0C:015C    A$main$949
  0C:015D    A$main$950
  0C:015E    A$main$951
  0C:015F    A$main$952
  0C:0160    A$main$953
  0C:0161    A$main$954
  0C:0162    A$main$958
  0C:0162    C$main.c$54$2$2
  0C:0165    A$main$959
  0C:0166    A$main$960
  0C:0167    A$main$961
  0C:0168    A$main$962
  0C:0169    A$main$963
  0C:016A    A$main$964
  0C:016B    A$main$965
  0C:016C    A$main$966
  0C:016D    A$main$967
  0C:016E    A$main$968
  0C:016F    A$main$969
  0C:0170    A$main$971
  0C:0172    A$main$972
  0C:0174    A$main$973
  0C:0176    A$main$974
  0C:0178    A$main$975
  0C:017A    A$main$976
  0C:017C    A$main$977
  0C:017E    A$main$978
  0C:0180    A$main$980
  0C:0182    A$main$981
  0C:0184    A$main$982
  0C:0186    A$main$983
  0C:0187    A$main$984
  0C:018A    A$main$985
  0C:018C    A$main$986
  0C:018E    A$main$987
  0C:0190    A$main$988
  0C:0191    A$main$989
  0C:0193    A$main$990
  0C:0195    A$main$991
  0C:0197    A$main$994
  0C:0198    A$main$995
  0C:019A    A$main$997
  0C:019B    A$main$998
  0C:019D    A$main$999
  0C:019F    A$main$1000
  0C:01A1    A$main$1001
  0C:01A3    A$main$1002
  0C:01A5    A$main$1004
  0C:01A7    A$main$1005
  0C:01A9    A$main$1006
  0C:01AB    A$main$1007
  0C:01AC    A$main$1008
  0C:01AF    A$main$1009
  0C:01B1    A$main$1010
  0C:01B3    A$main$1011
  0C:01B5    A$main$1012
  0C:01B6    A$main$1013
  0C:01B8    A$main$1014
  0C:01BA    A$main$1015
  0C:01BC    A$main$1017
  0C:01BE    A$main$1018
  0C:01C0    A$main$1019
  0C:01C2    A$main$1020
  0C:01C3    A$main$1021
  0C:01C6    A$main$1022
  0C:01C8    A$main$1023
  0C:01CA    A$main$1024
  0C:01CC    A$main$1025
  0C:01CD    A$main$1027
  0C:01D0    A$main$1028
  0C:01D1    A$main$1029
  0C:01D2    A$main$1030
  0C:01D3    A$main$1031
  0C:01D4    A$main$1032
  0C:01D5    A$main$1033
  0C:01D6    A$main$1034
  0C:01D7    A$main$1035
  0C:01D8    A$main$1036
  0C:01D9    A$main$1037
  0C:01DA    A$main$1038
  0C:01DB    A$main$1040
  0C:01DD    A$main$1041
  0C:01DF    A$main$1042
  0C:01E1    A$main$1043
  0C:01E3    A$main$1045
  0C:01E5    A$main$1046
  0C:01E7    A$main$1047
  0C:01E9    A$main$1048
  0C:01EA    A$main$1049
  0C:01ED    A$main$1050
  0C:01EF    A$main$1051
  0C:01F1    A$main$1052
  0C:01F3    A$main$1053
  0C:01F4    A$main$1054
  0C:01F6    A$main$1055
  0C:01F8    A$main$1056
  0C:01FA    A$main$1058
  0C:01FD    A$main$1059
  0C:01FE    A$main$1060
  0C:01FF    A$main$1061
  0C:0200    A$main$1062
  0C:0201    A$main$1063
  0C:0202    A$main$1064
  0C:0203    A$main$1065
  0C:0204    A$main$1066
  0C:0205    A$main$1067
  0C:0206    A$main$1068
  0C:0207    A$main$1069
  0C:0208    A$main$1073
  0C:0208    C$main.c$55$2$2
  0C:020B    A$main$1074
  0C:020C    A$main$1075
  0C:020D    A$main$1076
  0C:020E    A$main$1077
  0C:020F    A$main$1078
  0C:0210    A$main$1079
  0C:0211    A$main$1080
  0C:0212    A$main$1081
  0C:0213    A$main$1082
  0C:0214    A$main$1083
  0C:0215    A$main$1084
  0C:0216    A$main$1086
  0C:0218    A$main$1087
  0C:021A    A$main$1088
  0C:021C    A$main$1089
  0C:021E    A$main$1090
  0C:0220    A$main$1091
  0C:0222    A$main$1092
  0C:0224    A$main$1093
  0C:0226    A$main$1095
  0C:0228    A$main$1096
  0C:022A    A$main$1097
  0C:022C    A$main$1098
  0C:022D    A$main$1099
  0C:0230    A$main$1100
  0C:0232    A$main$1101
  0C:0234    A$main$1102
  0C:0236    A$main$1103
  0C:0237    A$main$1104
  0C:0239    A$main$1105
  0C:023B    A$main$1106
  0C:023D    A$main$1109
  0C:023E    A$main$1110
  0C:0240    A$main$1112
  0C:0241    A$main$1113
  0C:0243    A$main$1114
  0C:0245    A$main$1115
  0C:0247    A$main$1116
  0C:0249    A$main$1117
  0C:024B    A$main$1119
  0C:024D    A$main$1120
  0C:024F    A$main$1121
  0C:0251    A$main$1122
  0C:0252    A$main$1123
  0C:0255    A$main$1124
  0C:0257    A$main$1125
  0C:0259    A$main$1126
  0C:025B    A$main$1127
  0C:025C    A$main$1128
  0C:025E    A$main$1129
  0C:0260    A$main$1130
  0C:0262    A$main$1132
  0C:0264    A$main$1133
  0C:0266    A$main$1134
  0C:0268    A$main$1135
  0C:0269    A$main$1136
  0C:026C    A$main$1137
  0C:026E    A$main$1138
  0C:0270    A$main$1139
  0C:0272    A$main$1140
  0C:0273    A$main$1142
  0C:0276    A$main$1143
  0C:0277    A$main$1144
  0C:0278    A$main$1145
  0C:0279    A$main$1146
  0C:027A    A$main$1147
  0C:027B    A$main$1148
  0C:027C    A$main$1149
  0C:027D    A$main$1150
  0C:027E    A$main$1151
  0C:027F    A$main$1152
  0C:0280    A$main$1153
  0C:0281    A$main$1155
  0C:0283    A$main$1156
  0C:0285    A$main$1157
  0C:0287    A$main$1158
  0C:0289    A$main$1162
  0C:0289    C$main.c$56$1$1
  0C:028B    A$main$1163
  0C:028D    A$main$1164
  0C:028F    A$main$1165
  0C:0290    A$main$1166
  0C:0293    A$main$1167
  0C:0295    A$main$1168
  0C:0297    A$main$1169
  0C:0299    A$main$1170
  0C:029A    A$main$1171
  0C:029C    A$main$1172
  0C:029E    A$main$1173
  0C:02A0    A$main$1175
  0C:02A3    A$main$1176
  0C:02A4    A$main$1177
  0C:02A6    A$main$1178
  0C:02A7    A$main$1179
  0C:02A8    A$main$1180
  0C:02AA    A$main$1181
  0C:02AB    A$main$1182
  0C:02AC    A$main$1183
  0C:02AE    A$main$1184
  0C:02AF    A$main$1185
  0C:02B0    A$main$1186
  0C:02B2    A$main$1188
  0C:02B4    A$main$1189
  0C:02B6    A$main$1190
  0C:02B8    A$main$1191
  0C:02BA    A$main$1193
  0C:02BB    A$main$1194
  0C:02BD    A$main$1196
  0C:02BE    A$main$1197
  0C:02C0    A$main$1198
  0C:02C2    A$main$1199
  0C:02C4    A$main$1200
  0C:02C6    A$main$1201
  0C:02C8    A$main$1203
  0C:02CB    A$main$1204
  0C:02CE    A$main$1205
  0C:02D1    A$main$1206
  0C:02D3    A$main$1207
  0C:02D6    A$main$1208
  0C:02D8    A$main$1209
  0C:02DA    A$main$1210
  0C:02DC    A$main$1211
  0C:02DE    A$main$1212
  0C:02E0    A$main$1213
  0C:02E2    A$main$1214
  0C:02E4    A$main$1215
  0C:02E6    A$main$1217
  0C:02E7    A$main$1219
  0C:02E9    A$main$1220
  0C:02EC    A$main$1223
  0C:02EE    A$main$1224
  0C:02F0    A$main$1225
  0C:02F2    A$main$1226
  0C:02F4    A$main$1228
  0C:02F5    A$main$1229
  0C:02F7    A$main$1231
  0C:02F8    A$main$1232
  0C:02FA    A$main$1233
  0C:02FC    A$main$1234
  0C:02FE    A$main$1235
  0C:0300    A$main$1236
  0C:0302    A$main$1238
  0C:0305    A$main$1239
  0C:0308    A$main$1240
  0C:030B    A$main$1241
  0C:030D    A$main$1242
  0C:0310    A$main$1243
  0C:0312    A$main$1244
  0C:0314    A$main$1245
  0C:0316    A$main$1246
  0C:0318    A$main$1247
  0C:031A    A$main$1248
  0C:031C    A$main$1249
  0C:031E    A$main$1250
  0C:0320    A$main$1252
  0C:0321    A$main$1254
  0C:0323    A$main$1255
  0C:0326    A$main$1258
  0C:0328    A$main$1259
  0C:032A    A$main$1260
  0C:032C    A$main$1261
  0C:032E    A$main$1263
  0C:032F    A$main$1264
  0C:0331    A$main$1266
  0C:0332    A$main$1267
  0C:0334    A$main$1268
  0C:0336    A$main$1269
  0C:0338    A$main$1270
  0C:033A    A$main$1271
  0C:033C    A$main$1273
  0C:033E    A$main$1274
  0C:0340    A$main$1275
  0C:0342    A$main$1276
  0C:0343    A$main$1277
  0C:0346    A$main$1278
  0C:0348    A$main$1279
  0C:034A    A$main$1280
  0C:034C    A$main$1281
  0C:034E    A$main$1282
  0C:0350    A$main$1283
  0C:0352    A$main$1284
  0C:0354    A$main$1285
  0C:0356    A$main$1287
  0C:0357    A$main$1290
  0C:0359    A$main$1293
  0C:035B    A$main$1294
  0C:035D    A$main$1295
  0C:035F    A$main$1296
  0C:0361    A$main$1298
  0C:0362    A$main$1299
  0C:0364    A$main$1301
  0C:0365    A$main$1302
  0C:0367    A$main$1303
  0C:0369    A$main$1304
  0C:036B    A$main$1305
  0C:036D    A$main$1306
  0C:036F    A$main$1308
  0C:0371    A$main$1309
  0C:0373    A$main$1310
  0C:0375    A$main$1311
  0C:0376    A$main$1312
  0C:0379    A$main$1313
  0C:037B    A$main$1314
  0C:037D    A$main$1315
  0C:037F    A$main$1316
  0C:0381    A$main$1317
  0C:0383    A$main$1318
  0C:0385    A$main$1319
  0C:0387    A$main$1320
  0C:0389    A$main$1322
  0C:038A    A$main$1325
  0C:038C    A$main$1330
  0C:038C    C$main.c$57$2$2
  0C:038F    A$main$1331
  0C:0390    A$main$1332
  0C:0391    A$main$1333
  0C:0392    A$main$1334
  0C:0393    A$main$1335
  0C:0394    A$main$1336
  0C:0395    A$main$1337
  0C:0396    A$main$1338
  0C:0397    A$main$1339
  0C:0398    A$main$1340
  0C:0399    A$main$1341
  0C:039A    A$main$1343
  0C:039D    A$main$1344
  0C:03A0    A$main$1345
  0C:03A3    A$main$1346
  0C:03A5    A$main$1347
  0C:03A8    A$main$1352
  0C:03A8    C$main.c$58$2$2
  0C:03AB    A$main$1353
  0C:03AE    A$main$1358
  0C:03AE    C$main.c$60$1$1
  0C:03B1    A$main$1362
  0C:03B1    C$main.c$62$1$1
  0C:03B4    A$main$1363
  0C:03B5    A$main$1364
  0C:03B6    A$main$1365
  0C:03B7    A$main$1366
  0C:03B8    A$main$1368
  0C:03BB    A$main$1369
  0C:03BD    A$main$1370
  0C:03BE    A$main$1373
  0C:03C1    A$main$1374
  0C:03C4    A$main$1378
  0C:03C4    C$main.c$63$1$1
  0C:03C7    A$main$1379
  0C:03C9    A$main$1380
  0C:03CA    A$main$1381
  0C:03CB    A$main$1382
  0C:03CC    A$main$1383
  0C:03CD    A$main$1385
  0C:03D0    A$main$1386
  0C:03D2    A$main$1387
  0C:03D3    A$main$1390
  0C:03D6    A$main$1391
  0C:03D9    A$main$1395
  0C:03D9    C$main.c$64$1$1
  0C:03DC    A$main$1396
  0C:03DE    A$main$1397
  0C:03DF    A$main$1398
  0C:03E0    A$main$1399
  0C:03E1    A$main$1400
  0C:03E2    A$main$1402
  0C:03E5    A$main$1403
  0C:03E7    A$main$1404
  0C:03E8    A$main$1407
  0C:03EB    A$main$1408
  0C:03EE    A$main$1412
  0C:03EE    C$main.c$65$1$1
  0C:03F1    A$main$1413
  0C:03F3    A$main$1414
  0C:03F4    A$main$1415
  0C:03F5    A$main$1416
  0C:03F6    A$main$1417
  0C:03F7    A$main$1419
  0C:03FA    A$main$1420
  0C:03FC    A$main$1421
  0C:03FD    A$main$1424
  0C:0400    A$main$1425
  0C:0403    A$main$1429
  0C:0403    C$main.c$66$1$1
  0C:0406    A$main$1430
  0C:0408    A$main$1431
  0C:0409    A$main$1432
  0C:040A    A$main$1433
  0C:040B    A$main$1434
  0C:040C    A$main$1436
  0C:040F    A$main$1437
  0C:0411    A$main$1438
  0C:0412    A$main$1441
  0C:0415    A$main$1442
  0C:0418    A$main$1446
  0C:0418    C$main.c$67$1$1
  0C:041B    A$main$1447
  0C:041D    A$main$1448
  0C:041E    A$main$1449
  0C:041F    A$main$1450
  0C:0420    A$main$1451
  0C:0421    A$main$1453
  0C:0424    A$main$1454
  0C:0426    A$main$1455
  0C:0427    A$main$1458
  0C:042A    A$main$1459
  0C:042D    A$main$1463
  0C:042D    C$main.c$68$1$1
  0C:0430    A$main$1464
  0C:0432    A$main$1465
  0C:0433    A$main$1466
  0C:0434    A$main$1467
  0C:0435    A$main$1468
  0C:0436    A$main$1470
  0C:0439    A$main$1471
  0C:043B    A$main$1472
  0C:043C    A$main$1475
  0C:043F    A$main$1476
  0C:0442    A$main$1480
  0C:0442    C$main.c$69$1$1
  0C:0445    A$main$1481
  0C:0447    A$main$1482
  0C:0448    A$main$1483
  0C:0449    A$main$1484
  0C:044A    A$main$1485
  0C:044B    A$main$1487
  0C:044E    A$main$1488
  0C:0450    A$main$1489
  0C:0451    A$main$1492
  0C:0454    A$main$1493
  0C:0457    A$main$1500
  0C:0457    C$main.c$70$1$1
  0C:0457    C$main.c$71$2$3
  0C:0459    A$main$1502
  0C:045B    A$main$1506
  0C:045B    C$main.c$74$1$1
  0C:045B    XG$main$0$0
  0C:045C    A$main$1521
  0C:045C    C$main.c$75$1$1
  0C:045C    C$main.c$76$1$1
  0C:045C    G$clockMotor$0$0
  0C:045C    _clockMotor
  0C:045E    A$main$1526
  0C:045E    C$main.c$77$1$1
  0C:0461    A$main$1527
  0C:0464    A$main$1531
  0C:0464    C$main.c$78$1$1
  0C:0466    A$main$1536
  0C:0466    C$main.c$79$1$1
  0C:0469    A$main$1537
  0C:046C    A$main$1541
  0C:046C    C$main.c$80$1$1
  0C:046E    A$main$1545
  0C:0471    A$main$1550
  0C:0471    C$main.c$82$1$1
  0C:0474    A$main$1551
  0C:0475    A$main$1552
  0C:0476    A$main$1553
  0C:0477    A$main$1554
  0C:0478    A$main$1555
  0C:0479    A$main$1556
  0C:047A    A$main$1557
  0C:047B    A$main$1558
  0C:047C    A$main$1559
  0C:047D    A$main$1560
  0C:047E    A$main$1561
  0C:047F    A$main$1563
  0C:0481    A$main$1564
  0C:0483    A$main$1565
  0C:0485    A$main$1566
  0C:0487    A$main$1567
  0C:0489    A$main$1568
  0C:048B    A$main$1569
  0C:048D    A$main$1570
  0C:048F    A$main$1572
  0C:0491    A$main$1573
  0C:0493    A$main$1574
  0C:0495    A$main$1575
  0C:0496    A$main$1576
  0C:0499    A$main$1577
  0C:049B    A$main$1578
  0C:049D    A$main$1579
  0C:049F    A$main$1580
  0C:04A0    A$main$1581
  0C:04A2    A$main$1582
  0C:04A4    A$main$1583
  0C:04A6    A$main$1585
  0C:04A9    A$main$1586
  0C:04AA    A$main$1587
  0C:04AB    A$main$1588
  0C:04AC    A$main$1589
  0C:04AD    A$main$1590
  0C:04AE    A$main$1591
  0C:04AF    A$main$1592
  0C:04B0    A$main$1593
  0C:04B1    A$main$1594
  0C:04B2    A$main$1595
  0C:04B3    A$main$1596
  0C:04B4    A$main$1598
  0C:04B6    A$main$1603
  0C:04B6    C$main.c$84$1$1
  0C:04B9    A$main$1604
  0C:04BA    A$main$1605
  0C:04BB    A$main$1606
  0C:04BC    A$main$1607
  0C:04BD    A$main$1608
  0C:04BE    A$main$1609
  0C:04BF    A$main$1610
  0C:04C0    A$main$1611
  0C:04C1    A$main$1612
  0C:04C2    A$main$1613
  0C:04C3    A$main$1614
  0C:04C4    A$main$1616
  0C:04C6    A$main$1617
  0C:04C8    A$main$1618
  0C:04CA    A$main$1619
  0C:04CC    A$main$1620
  0C:04CE    A$main$1621
  0C:04D0    A$main$1622
  0C:04D2    A$main$1623
  0C:04D4    A$main$1625
  0C:04D6    A$main$1626
  0C:04D8    A$main$1627
  0C:04DA    A$main$1628
  0C:04DB    A$main$1629
  0C:04DE    A$main$1630
  0C:04E0    A$main$1631
  0C:04E2    A$main$1632
  0C:04E4    A$main$1633
  0C:04E5    A$main$1634
  0C:04E7    A$main$1635
  0C:04E9    A$main$1636
  0C:04EB    A$main$1638
  0C:04EE    A$main$1639
  0C:04EF    A$main$1640
  0C:04F0    A$main$1641
  0C:04F1    A$main$1642
  0C:04F2    A$main$1643
  0C:04F3    A$main$1644
  0C:04F4    A$main$1645
  0C:04F5    A$main$1646
  0C:04F6    A$main$1647
  0C:04F7    A$main$1648
  0C:04F8    A$main$1649
  0C:04F9    A$main$1654
  0C:04F9    C$main.c$86$1$1
  0C:04FC    A$main$1655
  0C:04FD    A$main$1656
  0C:04FE    A$main$1657
  0C:04FF    A$main$1658
  0C:0500    A$main$1659
  0C:0501    A$main$1660
  0C:0502    A$main$1661
  0C:0503    A$main$1662
  0C:0504    A$main$1663
  0C:0505    A$main$1664
  0C:0506    A$main$1665
  0C:0507    A$main$1668
  0C:0508    A$main$1669
  0C:050A    A$main$1671
  0C:050B    A$main$1672
  0C:050D    A$main$1673
  0C:050F    A$main$1674
  0C:0511    A$main$1675
  0C:0513    A$main$1676
  0C:0515    A$main$1678
  0C:0517    A$main$1679
  0C:0519    A$main$1680
  0C:051B    A$main$1681
  0C:051C    A$main$1682
  0C:051F    A$main$1683
  0C:0521    A$main$1684
  0C:0523    A$main$1685
  0C:0525    A$main$1686
  0C:0527    A$main$1688
  0C:0528    A$main$1691
  0C:052A    A$main$1694
  0C:052C    A$main$1695
  0C:052D    A$main$1696
  0C:052E    A$main$1697
  0C:052F    A$main$1700
  0C:0530    A$main$1703
  0C:0532    A$main$1708
  0C:0532    C$main.c$87$2$2
  0C:0534    A$main$1712
  0C:0534    C$main.c$88$2$2
  0C:0537    A$main$1713
  0C:0538    A$main$1714
  0C:0539    A$main$1715
  0C:053A    A$main$1716
  0C:053B    A$main$1717
  0C:053C    A$main$1719
  0C:053F    A$main$1721
  0C:0541    A$main$1723
  0C:0542    A$main$1724
  0C:0543    A$main$1726
  0C:0544    A$main$1728
  0C:0545    A$main$1729
  0C:0546    A$main$1730
  0C:0547    A$main$1732
  0C:0549    A$main$1737
  0C:0549    C$main.c$90$1$1
  0C:054C    A$main$1738
  0C:054D    A$main$1739
  0C:054E    A$main$1740
  0C:054F    A$main$1741
  0C:0550    A$main$1742
  0C:0551    A$main$1743
  0C:0552    A$main$1744
  0C:0553    A$main$1745
  0C:0554    A$main$1746
  0C:0555    A$main$1747
  0C:0556    A$main$1748
  0C:0557    A$main$1751
  0C:0558    A$main$1752
  0C:055A    A$main$1754
  0C:055B    A$main$1755
  0C:055D    A$main$1757
  0C:055E    A$main$1758
  0C:0560    A$main$1760
  0C:0561    A$main$1761
  0C:0563    A$main$1763
  0C:0565    A$main$1764
  0C:0567    A$main$1765
  0C:0569    A$main$1766
  0C:056A    A$main$1767
  0C:056D    A$main$1768
  0C:056F    A$main$1769
  0C:0571    A$main$1770
  0C:0573    A$main$1771
  0C:0575    A$main$1773
  0C:0576    A$main$1776
  0C:0578    A$main$1785
  0C:0578    C$main.c$91$2$3
  0C:057B    A$main$1786
  0C:057D    A$main$1791
  0C:057D    C$main.c$92$2$3
  0C:0580    A$main$1792
  0C:0581    A$main$1793
  0C:0582    A$main$1794
  0C:0583    A$main$1795
  0C:0584    A$main$1796
  0C:0585    A$main$1798
  0C:0588    A$main$1800
  0C:058A    A$main$1802
  0C:058B    A$main$1803
  0C:058C    A$main$1805
  0C:058D    A$main$1807
  0C:058E    A$main$1808
  0C:058F    A$main$1809
  0C:0590    A$main$1815
  0C:0590    C$main.c$94$1$1
  0C:0593    A$main$1819
  0C:0593    C$main.c$96$1$1
  0C:0593    XG$clockMotor$0$0
  0C:0596    A$main$1834
  0C:0596    C$main.c$97$1$1
  0C:0596    C$main.c$98$1$1
  0C:0596    G$InitLCD$0$0
  0C:0596    _InitLCD
  0C:0599    A$main$1839
  0C:0599    C$main.c$99$1$1
  0C:059C    A$main$1840
  0C:059F    A$main$1844
  0C:059F    C$main.c$100$1$1
  0C:05A2    A$main$1849
  0C:05A2    C$main.c$101$1$1
  0C:05A5    A$main$1850
  0C:05A8    A$main$1854
  0C:05A8    C$main.c$102$1$1
  0C:05AB    A$main$1859
  0C:05AB    C$main.c$103$1$1
  0C:05AE    A$main$1860
  0C:05B1    A$main$1865
  0C:05B1    C$main.c$104$1$1
  0C:05B3    A$main$1869
  0C:05B3    C$main.c$106$1$1
  0C:05B6    A$main$1870
  0C:05B9    A$main$1875
  0C:05B9    C$main.c$107$1$1
  0C:05BB    A$main$1879
  0C:05BB    C$main.c$108$1$1
  0C:05BE    A$main$1880
  0C:05C1    A$main$1885
  0C:05C1    C$main.c$109$1$1
  0C:05C3    A$main$1889
  0C:05C3    C$main.c$110$1$1
  0C:05C6    A$main$1890
  0C:05C9    A$main$1895
  0C:05C9    C$main.c$111$1$1
  0C:05CB    A$main$1899
  0C:05CB    C$main.c$113$1$1
  0C:05CE    A$main$1900
  0C:05D1    A$main$1905
  0C:05D1    C$main.c$114$1$1
  0C:05D3    A$main$1909
  0C:05D3    C$main.c$115$1$1
  0C:05D6    A$main$1910
  0C:05D9    A$main$1915
  0C:05D9    C$main.c$116$1$1
  0C:05DB    A$main$1919
  0C:05DB    C$main.c$117$1$1
  0C:05DE    A$main$1920
  0C:05E1    A$main$1925
  0C:05E1    C$main.c$118$1$1
  0C:05E3    A$main$1929
  0C:05E3    C$main.c$120$1$1
  0C:05E6    A$main$1930
  0C:05E9    A$main$1935
  0C:05E9    C$main.c$121$1$1
  0C:05EB    A$main$1939
  0C:05EB    C$main.c$122$1$1
  0C:05EE    A$main$1940
  0C:05F1    A$main$1945
  0C:05F1    C$main.c$123$1$1
  0C:05F3    A$main$1949
  0C:05F3    C$main.c$124$1$1
  0C:05F6    A$main$1950
  0C:05F9    A$main$1954
  0C:05F9    C$main.c$126$1$1
  0C:05FC    A$main$1955
  0C:05FF    A$main$1960
  0C:05FF    C$main.c$127$1$1
  0C:0601    A$main$1964
  0C:0601    C$main.c$128$1$1
  0C:0604    A$main$1965
  0C:0607    A$main$1970
  0C:0607    C$main.c$129$1$1
  0C:0609    A$main$1974
  0C:0609    C$main.c$130$1$1
  0C:060C    A$main$1975
  0C:060F    A$main$1979
  0C:060F    C$main.c$132$1$1
  0C:0612    A$main$1980
  0C:0615    A$main$1985
  0C:0615    C$main.c$133$1$1
  0C:0617    A$main$1989
  0C:0617    C$main.c$135$1$1
  0C:061A    A$main$1990
  0C:061D    A$main$1995
  0C:061D    C$main.c$136$1$1
  0C:061F    A$main$1999
  0C:061F    C$main.c$141$1$1
  0C:061F    XG$InitLCD$0$0
  0C:0620    A$main$2013
  0C:0620    C$main.c$142$1$1
  0C:0620    G$durationToCm$0$0
  0C:0620    _durationToCm
  0C:0622    A$main$2014
  0C:0624    A$main$2015
  0C:0626    A$main$2016
  0C:0627    A$main$2017
  0C:062A    A$main$2018
  0C:062B    A$main$2019
  0C:062C    A$main$2020
  0C:062D    A$main$2021
  0C:062E    A$main$2022
  0C:062F    A$main$2023
  0C:0630    A$main$2024
  0C:0631    A$main$2025
  0C:0632    A$main$2026
  0C:0633    A$main$2027
  0C:0634    A$main$2028
  0C:0635    A$main$2032
  0C:0635    C$main.c$143$1$1
  0C:0638    A$main$2033
  0C:0639    A$main$2034
  0C:063A    A$main$2035
  0C:063B    A$main$2036
  0C:063C    A$main$2037
  0C:063D    A$main$2038
  0C:063E    A$main$2039
  0C:063F    A$main$2040
  0C:0640    A$main$2041
  0C:0641    A$main$2042
  0C:0642    A$main$2045
  0C:0643    A$main$2046
  0C:0645    A$main$2047
  0C:0647    A$main$2048
  0C:0649    A$main$2049
  0C:064C    A$main$2050
  0C:064E    A$main$2051
  0C:0650    A$main$2052
  0C:0652    A$main$2053
  0C:0653    A$main$2055
  0C:0655    A$main$2056
  0C:0657    A$main$2057
  0C:0659    A$main$2058
  0C:065B    A$main$2059
  0C:065D    A$main$2060
  0C:065F    A$main$2061
  0C:0661    A$main$2062
  0C:0663    A$main$2064
  0C:0665    A$main$2065
  0C:0667    A$main$2066
  0C:0669    A$main$2067
  0C:066A    A$main$2068
  0C:066D    A$main$2069
  0C:066F    A$main$2070
  0C:0671    A$main$2071
  0C:0673    A$main$2072
  0C:0674    A$main$2073
  0C:0676    A$main$2074
  0C:0678    A$main$2075
  0C:067A    A$main$2078
  0C:067B    A$main$2079
  0C:067D    A$main$2081
  0C:067E    A$main$2082
  0C:0680    A$main$2084
  0C:0681    A$main$2085
  0C:0683    A$main$2086
  0C:0685    A$main$2087
  0C:0687    A$main$2089
  0C:0689    A$main$2090
  0C:068B    A$main$2091
  0C:068D    A$main$2092
  0C:068E    A$main$2093
  0C:0691    A$main$2094
  0C:0693    A$main$2095
  0C:0695    A$main$2096
  0C:0697    A$main$2097
  0C:0698    A$main$2098
  0C:069A    A$main$2099
  0C:069C    A$main$2100
  0C:069E    A$main$2102
  0C:06A0    A$main$2103
  0C:06A2    A$main$2104
  0C:06A4    A$main$2105
  0C:06A5    A$main$2109
  0C:06A5    C$main.c$144$1$1
  0C:06A5    XG$durationToCm$0$0
  0C:06A6    A$main$2124
  0C:06A6    C$main.c$146$1$1
  0C:06A6    C$main.c$147$1$1
  0C:06A6    G$sendPulse$0$0
  0C:06A6    _sendPulse
  0C:06A8    A$main$2128
  0C:06A8    C$main.c$148$1$1
  0C:06AA    A$main$2133
  0C:06AA    C$main.c$149$1$1
  0C:06AD    A$main$2134
  0C:06B0    A$main$2138
  0C:06B0    C$main.c$150$1$1
  0C:06B2    A$main$2142
  0C:06B2    C$main.c$151$1$1
  0C:06B2    XG$sendPulse$0$0
  0C:06B3    A$main$2157
  0C:06B3    C$main.c$152$1$1
  0C:06B3    G$delay$0$0
  0C:06B3    _delay
  0C:06B5    A$main$2158
  0C:06B7    A$main$2159
  0C:06BA    A$main$2160
  0C:06BB    A$main$2161
  0C:06BC    A$main$2162
  0C:06BD    A$main$2163
  0C:06BE    A$main$2167
  0C:06BE    C$main.c$154$1$1
  0C:06C1    A$main$2168
  0C:06C2    A$main$2169
  0C:06C3    A$main$2170
  0C:06C4    A$main$2171
  0C:06C5    A$main$2172
  0C:06C6    A$main$2174
  0C:06C9    A$main$2175
  0C:06CB    A$main$2176
  0C:06CC    A$main$2177
  0C:06CD    A$main$2178
  0C:06CE    A$main$2179
  0C:06CF    A$main$2181
  0C:06D1    A$main$2182
  0C:06D3    A$main$2183
  0C:06D6    A$main$2184
  0C:06D8    A$main$2185
  0C:06DA    A$main$2187
  0C:06DC    A$main$2188
  0C:06DE    A$main$2192
  0C:06DF    A$main$2193
  0C:06E0    A$main$2194
  0C:06E1    A$main$2195
  0C:06E2    A$main$2196
  0C:06E4    A$main$2197
  0C:06E6    A$main$2198
  0C:06E9    A$main$2199
  0C:06EB    A$main$2202
  0C:06ED    A$main$2207
  0C:06EE    A$main$2208
  0C:06F1    A$main$2209
  0C:06F2    A$main$2211
  0C:06F4    A$main$2215
  0C:06F4    C$main.c$155$1$1
  0C:06F4    XG$delay$0$0
  0C:06F5    A$main$2229
  0C:06F5    C$main.c$156$1$1
  0C:06F5    G$WriteData$0$0
  0C:06F5    _WriteData
  0C:06F7    A$main$2230
  0C:06FA    A$main$2231
  0C:06FB    A$main$2235
  0C:06FB    C$main.c$158$1$1
  0C:06FE    A$main$2243
  0C:06FE    C$main.c$159$1$1
  0C:06FE    C$main.c$160$1$1
  0C:0701    A$main$2247
  0C:0701    C$main.c$161$1$1
  0C:0704    A$main$2248
  0C:0705    A$main$2249
  0C:0707    A$main$2253
  0C:0707    C$main.c$162$1$1
  0C:070A    A$main$2257
  0C:070A    C$main.c$163$1$1
  0C:070D    A$main$2262
  0C:070D    C$main.c$164$1$1
  0C:0710    A$main$2266
  0C:0710    C$main.c$165$1$1
  0C:0710    XG$WriteData$0$0
  0C:0713    A$main$2283
  0C:0713    C$main.c$168$1$1
  0C:0713    C$main.c$170$1$1
  0C:0713    G$ReadData$0$0
  0C:0713    _ReadData
  0C:0716    A$main$2284
  0C:0718    A$main$2286
  0C:071A    A$main$2288
  0C:071C    A$main$2293
  0C:071C    C$main.c$171$1$1
  0C:071F    A$main$2301
  0C:071F    C$main.c$172$1$1
  0C:071F    C$main.c$173$1$1
  0C:0722    A$main$2305
  0C:0722    C$main.c$174$1$1
  0C:0725    A$main$2306
  0C:0727    A$main$2307
  0C:0728    A$main$2311
  0C:0728    C$main.c$175$1$1
  0C:072B    A$main$2315
  0C:072B    C$main.c$176$1$1
  0C:072E    A$main$2319
  0C:072E    C$main.c$177$1$1
  0C:0731    A$main$2320
  0C:0732    A$main$2325
  0C:0732    C$main.c$178$1$1
  0C:0732    XG$ReadData$0$0
  0C:0734    A$main$2327
  0C:0735    A$main$2341
  0C:0735    C$main.c$179$1$1
  0C:0735    G$WriteCommand$0$0
  0C:0735    _WriteCommand
  0C:0737    A$main$2342
  0C:073A    A$main$2343
  0C:073B    A$main$2347
  0C:073B    C$main.c$181$1$1
  0C:073E    A$main$2351
  0C:073E    C$main.c$182$1$1
  0C:0741    A$main$2355
  0C:0741    C$main.c$183$1$1
  0C:0744    A$main$2359
  0C:0744    C$main.c$184$1$1
  0C:0747    A$main$2360
  0C:0748    A$main$2361
  0C:074A    A$main$2365
  0C:074A    C$main.c$185$1$1
  0C:074D    A$main$2369
  0C:074D    C$main.c$186$1$1
  0C:0750    A$main$2374
  0C:0750    C$main.c$187$1$1
  0C:0753    A$main$2378
  0C:0753    C$main.c$188$1$1
  0C:0753    XG$WriteCommand$0$0
  0C:0756    A$main$2394
  0C:0756    C$main.c$190$1$1
  0C:0756    C$main.c$192$1$1
  0C:0756    G$CheckStatus$0$0
  0C:0756    _CheckStatus
  0C:0759    A$main$2398
  0C:0759    C$main.c$193$1$1
  0C:075C    A$main$2402
  0C:075C    C$main.c$194$1$1
  0C:075F    A$main$2407
  0C:075F    C$main.c$195$1$1
  0C:0762    A$main$2408
  0C:0765    A$main$2412
  0C:0765    C$main.c$196$1$1
  0C:0768    A$main$2413
  0C:076A    A$main$2414
  0C:076B    A$main$2418
  0C:076B    C$main.c$197$1$1
  0C:076E    A$main$2422
  0C:076E    C$main.c$198$1$1
  0C:0771    A$main$2426
  0C:0771    C$main.c$199$1$1
  0C:0774    A$main$2427
  0C:0775    A$main$2432
  0C:0775    C$main.c$200$1$1
  0C:0775    XG$CheckStatus$0$0
  0C:0777    A$main$2434
  0C:0778    A$main$2448
  0C:0778    C$main.c$204$1$1
  0C:0778    G$WriteDisplayData$0$0
  0C:0778    _WriteDisplayData
  0C:077A    A$main$2449
  0C:077D    A$main$2450
  0C:077E    A$main$2454
  0C:077E    C$main.c$206$1$1
  0C:0781    A$main$2455
  0C:0782    A$main$2458
  0C:0783    A$main$2459
  0C:0785    A$main$2460
  0C:0788    A$main$2464
  0C:0788    C$main.c$207$1$1
  0C:078B    A$main$2468
  0C:078B    C$main.c$208$1$1
  0C:078B    XG$WriteDisplayData$0$0
  0C:078E    A$main$2482
  0C:078E    C$main.c$210$1$1
  0C:078E    G$SetAddressPointer$0$0
  0C:078E    _SetAddressPointer
  0C:0790    A$main$2483
  0C:0792    A$main$2484
  0C:0795    A$main$2485
  0C:0796    A$main$2486
  0C:0797    A$main$2487
  0C:0798    A$main$2488
  0C:0799    A$main$2492
  0C:0799    C$main.c$212$1$1
  0C:079C    A$main$2493
  0C:079D    A$main$2494
  0C:079E    A$main$2495
  0C:079F    A$main$2496
  0C:07A0    A$main$2497
  0C:07A1    A$main$2499
  0C:07A3    A$main$2500
  0C:07A5    A$main$2503
  0C:07A7    A$main$2504
  0C:07A9    A$main$2505
  0C:07AB    A$main$2506
  0C:07AE    A$main$2507
  0C:07B0    A$main$2508
  0C:07B2    A$main$2514
  0C:07B2    C$main.c$213$1$1
  0C:07B4    A$main$2515
  0C:07B6    A$main$2518
  0C:07B8    A$main$2519
  0C:07BB    A$main$2523
  0C:07BB    C$main.c$214$1$1
  0C:07BE    A$main$2527
  0C:07BE    C$main.c$215$1$1
  0C:07BE    XG$SetAddressPointer$0$0
  0C:07C1    A$main$2543
  0C:07C1    C$main.c$216$1$1
  0C:07C1    C$main.c$218$1$1
  0C:07C1    G$clearScreen$0$0
  0C:07C1    _clearScreen
  0C:07C4    A$main$2548
  0C:07C4    C$main.c$219$1$1
  0C:07C7    A$main$2549
  0C:07CA    A$main$2553
  0C:07CA    C$main.c$220$1$1
  0C:07CD    A$main$2554
  0C:07D0    A$main$2558
  0C:07D0    C$main.c$221$1$1
  0C:07D2    A$main$2559
  0C:07D4    A$main$2564
  0C:07D4    C$main.c$223$2$2
  0C:07D7    A$main$2565
  0C:07D9    A$main$2566
  0C:07DB    A$main$2567
  0C:07DE    A$main$2568
  0C:07E0    A$main$2569
  0C:07E2    A$main$2573
  0C:07E3    A$main$2574
  0C:07E6    A$main$2575
  0C:07E7    A$main$2580
  0C:07E7    C$main.c$221$2$2
  0C:07E8    A$main$2581
  0C:07E9    A$main$2584
  0C:07EB    A$main$2589
  0C:07EB    C$main.c$225$1$1
  0C:07EE    A$main$2593
  0C:07EE    C$main.c$227$1$1
  0C:07EE    XG$clearScreen$0$0
  0C:07F1    A$main$2612
  0C:07F1    C$main.c$229$1$1
  0C:07F1    G$SetLCDPixelAXIS$0$0
  0C:07F1    _SetLCDPixelAXIS
  0C:07F3    A$main$2613
  0C:07F5    A$main$2614
  0C:07F7    A$main$2615
  0C:07F8    A$main$2616
  0C:07FB    A$main$2617
  0C:07FC    A$main$2618
  0C:07FD    A$main$2619
  0C:07FE    A$main$2620
  0C:07FF    A$main$2621
  0C:0800    A$main$2622
  0C:0801    A$main$2623
  0C:0802    A$main$2624
  0C:0803    A$main$2625
  0C:0804    A$main$2626
  0C:0805    A$main$2627
  0C:0806    A$main$2631
  0C:0806    C$main.c$236$1$1
  0C:0809    A$main$2632
  0C:080A    A$main$2633
  0C:080B    A$main$2634
  0C:080C    A$main$2635
  0C:080D    A$main$2636
  0C:080E    A$main$2637
  0C:080F    A$main$2638
  0C:0810    A$main$2639
  0C:0811    A$main$2640
  0C:0812    A$main$2641
  0C:0813    A$main$2642
  0C:0814    A$main$2645
  0C:0815    A$main$2646
  0C:0817    A$main$2648
  0C:0818    A$main$2649
  0C:081A    A$main$2650
  0C:081C    A$main$2651
  0C:081E    A$main$2652
  0C:0820    A$main$2653
  0C:0822    A$main$2655
  0C:0824    A$main$2656
  0C:0826    A$main$2657
  0C:0828    A$main$2658
  0C:0829    A$main$2659
  0C:082C    A$main$2660
  0C:082E    A$main$2661
  0C:0830    A$main$2662
  0C:0832    A$main$2663
  0C:0833    A$main$2664
  0C:0835    A$main$2665
  0C:0837    A$main$2666
  0C:0839    A$main$2668
  0C:083B    A$main$2669
  0C:083D    A$main$2670
  0C:083F    A$main$2671
  0C:0840    A$main$2672
  0C:0843    A$main$2673
  0C:0845    A$main$2674
  0C:0847    A$main$2678
  0C:0847    C$main.c$237$1$1
  0C:0849    A$main$2679
  0C:084B    A$main$2680
  0C:084E    A$main$2681
  0C:084F    A$main$2682
  0C:0851    A$main$2683
  0C:0852    A$main$2684
  0C:0853    A$main$2685
  0C:0855    A$main$2686
  0C:0856    A$main$2687
  0C:0857    A$main$2688
  0C:0859    A$main$2689
  0C:085A    A$main$2690
  0C:085B    A$main$2691
  0C:085D    A$main$2694
  0C:0860    A$main$2695
  0C:0863    A$main$2696
  0C:0865    A$main$2697
  0C:0868    A$main$2698
  0C:086A    A$main$2699
  0C:086C    A$main$2700
  0C:086E    A$main$2701
  0C:086F    A$main$2702
  0C:0871    A$main$2703
  0C:0873    A$main$2704
  0C:0875    A$main$2705
  0C:0877    A$main$2706
  0C:0879    A$main$2708
  0C:087B    A$main$2709
  0C:087D    A$main$2710
  0C:087F    A$main$2711
  0C:0880    A$main$2712
  0C:0882    A$main$2713
  0C:0884    A$main$2714
  0C:0887    A$main$2715
  0C:0889    A$main$2716
  0C:088B    A$main$2717
  0C:088D    A$main$2718
  0C:088F    A$main$2722
  0C:088F    C$main.c$239$1$1
  0C:0892    A$main$2723
  0C:0894    A$main$2724
  0C:0895    A$main$2725
  0C:0896    A$main$2726
  0C:0897    A$main$2727
  0C:0898    A$main$2729
  0C:089A    A$main$2730
  0C:089C    A$main$2731
  0C:089E    A$main$2732
  0C:08A0    A$main$2733
  0C:08A2    A$main$2734
  0C:08A4    A$main$2735
  0C:08A7    A$main$2736
  0C:08A9    A$main$2737
  0C:08AB    A$main$2738
  0C:08AD    A$main$2739
  0C:08AF    A$main$2740
  0C:08B1    A$main$2741
  0C:08B3    A$main$2743
  0C:08B6    A$main$2744
  0C:08B8    A$main$2745
  0C:08B9    A$main$2746
  0C:08BA    A$main$2747
  0C:08BB    A$main$2748
  0C:08BC    A$main$2750
  0C:08BE    A$main$2751
  0C:08C0    A$main$2752
  0C:08C2    A$main$2753
  0C:08C4    A$main$2754
  0C:08C6    A$main$2755
  0C:08C8    A$main$2756
  0C:08CB    A$main$2757
  0C:08CD    A$main$2758
  0C:08CF    A$main$2759
  0C:08D1    A$main$2760
  0C:08D3    A$main$2761
  0C:08D5    A$main$2762
  0C:08D7    A$main$2765
  0C:08D8    A$main$2767
  0C:08D9    A$main$2768
  0C:08DA    A$main$2770
  0C:08DB    A$main$2772
  0C:08DC    A$main$2773
  0C:08DD    A$main$2777
  0C:08DD    C$main.c$240$1$1
  0C:08DF    A$main$2778
  0C:08E1    A$main$2781
  0C:08E3    A$main$2782
  0C:08E5    A$main$2783
  0C:08E7    A$main$2784
  0C:08E9    A$main$2785
  0C:08EB    A$main$2786
  0C:08EE    A$main$2787
  0C:08F0    A$main$2788
  0C:08F2    A$main$2789
  0C:08F4    A$main$2790
  0C:08F6    A$main$2797
  0C:08F6    C$main.c$241$1$1
  0C:08F8    A$main$2798
  0C:08FA    A$main$2801
  0C:08FC    A$main$2802
  0C:08FE    A$main$2803
  0C:0900    A$main$2804
  0C:0903    A$main$2805
  0C:0905    A$main$2806
  0C:0907    A$main$2810
  0C:0907    C$main.c$242$1$1
  0C:090A    A$main$2811
  0C:090C    A$main$2812
  0C:090E    A$main$2813
  0C:0911    A$main$2814
  0C:0913    A$main$2815
  0C:0915    A$main$2819
  0C:0915    C$main.c$243$1$1
  0C:0918    A$main$2820
  0C:091A    A$main$2821
  0C:091B    A$main$2822
  0C:091C    A$main$2823
  0C:091D    A$main$2824
  0C:091E    A$main$2826
  0C:0920    A$main$2827
  0C:0922    A$main$2828
  0C:0925    A$main$2829
  0C:0927    A$main$2830
  0C:0929    A$main$2832
  0C:092B    A$main$2833
  0C:092C    A$main$2835
  0C:092D    A$main$2836
  0C:092E    A$main$2838
  0C:092F    A$main$2840
  0C:0930    A$main$2841
  0C:0931    A$main$2843
  0C:0933    A$main$2844
  0C:0935    A$main$2845
  0C:0937    A$main$2846
  0C:0939    A$main$2847
  0C:093B    A$main$2850
  0C:093C    A$main$2851
  0C:093D    A$main$2852
  0C:093E    A$main$2853
  0C:093F    A$main$2854
  0C:0940    A$main$2855
  0C:0941    A$main$2857
  0C:0944    A$main$2862
  0C:0944    C$main.c$244$1$1
  0C:0946    A$main$2863
  0C:0949    A$main$2867
  0C:0949    C$main.c$245$1$1
  0C:094C    A$main$2871
  0C:094C    C$main.c$246$1$1
  0C:094C    XG$SetLCDPixelAXIS$0$0
  0C:094F    A$main$2890
  0C:094F    C$main.c$248$1$1
  0C:094F    G$ClearLCDPixelAXIS$0$0
  0C:094F    _ClearLCDPixelAXIS
  0C:0951    A$main$2891
  0C:0953    A$main$2892
  0C:0955    A$main$2893
  0C:0956    A$main$2894
  0C:0959    A$main$2895
  0C:095A    A$main$2896
  0C:095B    A$main$2897
  0C:095C    A$main$2898
  0C:095D    A$main$2899
  0C:095E    A$main$2900
  0C:095F    A$main$2901
  0C:0960    A$main$2902
  0C:0961    A$main$2903
  0C:0962    A$main$2904
  0C:0963    A$main$2905
  0C:0964    A$main$2909
  0C:0964    C$main.c$254$1$1
  0C:0967    A$main$2910
  0C:0968    A$main$2911
  0C:0969    A$main$2912
  0C:096A    A$main$2913
  0C:096B    A$main$2914
  0C:096C    A$main$2915
  0C:096D    A$main$2916
  0C:096E    A$main$2917
  0C:096F    A$main$2918
  0C:0970    A$main$2919
  0C:0971    A$main$2922
  0C:0972    A$main$2923
  0C:0974    A$main$2924
  0C:0976    A$main$2925
  0C:0978    A$main$2926
  0C:097B    A$main$2927
  0C:097D    A$main$2928
  0C:097F    A$main$2932
  0C:097F    C$main.c$255$1$1
  0C:0982    A$main$2933
  0C:0983    A$main$2934
  0C:0984    A$main$2935
  0C:0985    A$main$2936
  0C:0986    A$main$2937
  0C:0987    A$main$2938
  0C:0988    A$main$2939
  0C:0989    A$main$2940
  0C:098A    A$main$2941
  0C:098B    A$main$2942
  0C:098C    A$main$2945
  0C:098D    A$main$2946
  0C:098F    A$main$2947
  0C:0991    A$main$2948
  0C:0993    A$main$2949
  0C:0995    A$main$2950
  0C:0997    A$main$2951
  0C:099A    A$main$2952
  0C:099C    A$main$2953
  0C:099E    A$main$2954
  0C:09A0    A$main$2955
  0C:09A2    A$main$2959
  0C:09A2    C$main.c$257$1$1
  0C:09A4    A$main$2961
  0C:09A5    A$main$2962
  0C:09A6    A$main$2964
  0C:09A7    A$main$2966
  0C:09A8    A$main$2967
  0C:09A9    A$main$2971
  0C:09A9    C$main.c$258$1$1
  0C:09AB    A$main$2972
  0C:09AC    A$main$2974
  0C:09AD    A$main$2975
  0C:09AE    A$main$2977
  0C:09AF    A$main$2979
  0C:09B0    A$main$2980
  0C:09B1    A$main$2986
  0C:09B1    C$main.c$267$1$1
  0C:09B2    A$main$2987
  0C:09B3    A$main$2988
  0C:09B4    A$main$2989
  0C:09B5    A$main$2990
  0C:09B6    A$main$2991
  0C:09B7    A$main$2992
  0C:09B9    A$main$2993
  0C:09BA    A$main$2994
  0C:09BB    A$main$2995
  0C:09BD    A$main$2996
  0C:09BE    A$main$2997
  0C:09BF    A$main$2998
  0C:09C0    A$main$2999
  0C:09C1    A$main$3001
  0C:09C4    A$main$3002
  0C:09C6    A$main$3003
  0C:09C7    A$main$3004
  0C:09C8    A$main$3005
  0C:09C9    A$main$3006
  0C:09CA    A$main$3008
  0C:09CC    A$main$3009
  0C:09CE    A$main$3010
  0C:09D0    A$main$3011
  0C:09D2    A$main$3012
  0C:09D5    A$main$3013
  0C:09D7    A$main$3014
  0C:09D9    A$main$3015
  0C:09DB    A$main$3016
  0C:09DD    A$main$3019
  0C:09DE    A$main$3021
  0C:09DF    A$main$3022
  0C:09E0    A$main$3024
  0C:09E1    A$main$3026
  0C:09E2    A$main$3027
  0C:09E3    A$main$3031
  0C:09E3    C$main.c$268$1$1
  0C:09E5    A$main$3032
  0C:09E7    A$main$3035
  0C:09E9    A$main$3036
  0C:09EB    A$main$3037
  0C:09ED    A$main$3038
  0C:09F0    A$main$3039
  0C:09F2    A$main$3040
  0C:09F4    A$main$3048
  0C:09F4    C$main.c$269$1$1
  0C:09F5    A$main$3049
  0C:09F6    A$main$3050
  0C:09F7    A$main$3051
  0C:09F9    A$main$3052
  0C:09FA    A$main$3055
  0C:09FC    A$main$3056
  0C:09FF    A$main$3060
  0C:09FF    C$main.c$270$1$1
  0C:0A02    A$main$3061
  0C:0A05    A$main$3065
  0C:0A05    C$main.c$272$1$1
  0C:0A08    A$main$3066
  0C:0A0B    A$main$3070
  0C:0A0B    C$main.c$273$1$1
  0C:0A0E    A$main$3074
  0C:0A0E    C$main.c$274$1$1
  0C:0A0E    XG$ClearLCDPixelAXIS$0$0
  0C:0A11    A$main$3092
  0C:0A11    C$main.c$275$1$1
  0C:0A11    G$setLCDPixel$0$0
  0C:0A11    _setLCDPixel
  0C:0A13    A$main$3093
  0C:0A15    A$main$3094
  0C:0A18    A$main$3095
  0C:0A19    A$main$3096
  0C:0A1A    A$main$3097
  0C:0A1B    A$main$3098
  0C:0A1C    A$main$3102
  0C:0A1C    C$main.c$278$1$1
  0C:0A1F    A$main$3103
  0C:0A20    A$main$3104
  0C:0A21    A$main$3105
  0C:0A22    A$main$3106
  0C:0A23    A$main$3107
  0C:0A24    A$main$3109
  0C:0A27    A$main$3110
  0C:0A29    A$main$3111
  0C:0A2A    A$main$3112
  0C:0A2B    A$main$3113
  0C:0A2C    A$main$3114
  0C:0A2D    A$main$3116
  0C:0A2F    A$main$3117
  0C:0A31    A$main$3118
  0C:0A33    A$main$3119
  0C:0A35    A$main$3120
  0C:0A38    A$main$3121
  0C:0A3A    A$main$3122
  0C:0A3C    A$main$3123
  0C:0A3E    A$main$3124
  0C:0A40    A$main$3126
  0C:0A43    A$main$3127
  0C:0A44    A$main$3128
  0C:0A45    A$main$3129
  0C:0A46    A$main$3130
  0C:0A47    A$main$3131
  0C:0A48    A$main$3133
  0C:0A4B    A$main$3134
  0C:0A4D    A$main$3135
  0C:0A4E    A$main$3136
  0C:0A4F    A$main$3137
  0C:0A50    A$main$3138
  0C:0A51    A$main$3140
  0C:0A53    A$main$3141
  0C:0A55    A$main$3142
  0C:0A57    A$main$3143
  0C:0A59    A$main$3144
  0C:0A5B    A$main$3145
  0C:0A5D    A$main$3146
  0C:0A60    A$main$3147
  0C:0A62    A$main$3148
  0C:0A64    A$main$3149
  0C:0A66    A$main$3150
  0C:0A68    A$main$3151
  0C:0A6A    A$main$3152
  0C:0A6C    A$main$3155
  0C:0A6D    A$main$3157
  0C:0A6E    A$main$3158
  0C:0A6F    A$main$3160
  0C:0A70    A$main$3162
  0C:0A71    A$main$3163
  0C:0A72    A$main$3167
  0C:0A72    C$main.c$279$1$1
  0C:0A74    A$main$3168
  0C:0A76    A$main$3171
  0C:0A78    A$main$3172
  0C:0A7A    A$main$3173
  0C:0A7C    A$main$3174
  0C:0A7E    A$main$3175
  0C:0A80    A$main$3176
  0C:0A83    A$main$3177
  0C:0A85    A$main$3178
  0C:0A87    A$main$3179
  0C:0A89    A$main$3180
  0C:0A8B    A$main$3187
  0C:0A8B    C$main.c$280$1$1
  0C:0A8C    A$main$3188
  0C:0A8D    A$main$3189
  0C:0A8E    A$main$3190
  0C:0A90    A$main$3191
  0C:0A91    A$main$3194
  0C:0A93    A$main$3195
  0C:0A95    A$main$3196
  0C:0A97    A$main$3197
  0C:0A9A    A$main$3198
  0C:0A9C    A$main$3199
  0C:0A9E    A$main$3203
  0C:0A9E    C$main.c$281$1$1
  0C:0AA1    A$main$3204
  0C:0AA3    A$main$3205
  0C:0AA5    A$main$3206
  0C:0AA8    A$main$3207
  0C:0AAA    A$main$3208
  0C:0AAC    A$main$3212
  0C:0AAC    C$main.c$282$1$1
  0C:0AAF    A$main$3213
  0C:0AB1    A$main$3214
  0C:0AB2    A$main$3215
  0C:0AB3    A$main$3216
  0C:0AB4    A$main$3217
  0C:0AB5    A$main$3219
  0C:0AB7    A$main$3220
  0C:0AB9    A$main$3221
  0C:0ABC    A$main$3222
  0C:0ABE    A$main$3223
  0C:0AC0    A$main$3225
  0C:0AC2    A$main$3226
  0C:0AC3    A$main$3228
  0C:0AC4    A$main$3229
  0C:0AC5    A$main$3231
  0C:0AC6    A$main$3233
  0C:0AC7    A$main$3234
  0C:0AC8    A$main$3236
  0C:0ACA    A$main$3237
  0C:0ACC    A$main$3238
  0C:0ACE    A$main$3239
  0C:0AD0    A$main$3240
  0C:0AD2    A$main$3243
  0C:0AD3    A$main$3244
  0C:0AD4    A$main$3245
  0C:0AD5    A$main$3246
  0C:0AD6    A$main$3247
  0C:0AD7    A$main$3248
  0C:0AD8    A$main$3250
  0C:0ADB    A$main$3253
  0C:0ADE    A$main$3254
  0C:0ADF    A$main$3255
  0C:0AE0    A$main$3259
  0C:0AE0    C$main.c$283$1$1
  0C:0AE3    A$main$3260
  0C:0AE4    A$main$3261
  0C:0AE5    A$main$3262
  0C:0AE6    A$main$3263
  0C:0AE7    A$main$3264
  0C:0AE8    A$main$3268
  0C:0AEB    A$main$3269
  0C:0AEE    A$main$3278
  0C:0AEE    C$main.c$284$2$2
  0C:0AF1    A$main$3279
  0C:0AF4    A$main$3286
  0C:0AF4    C$main.c$285$2$2
  0C:0AF7    A$main$3287
  0C:0AF9    A$main$3288
  0C:0AFA    A$main$3289
  0C:0AFB    A$main$3291
  0C:0AFD    A$main$3296
  0C:0AFD    C$main.c$287$2$2
  0C:0B00    A$main$3297
  0C:0B02    A$main$3298
  0C:0B03    A$main$3300
  0C:0B05    A$main$3307
  0C:0B05    C$main.c$290$1$1
  0C:0B08    A$main$3308
  0C:0B0B    A$main$3315
  0C:0B0B    C$main.c$292$2$3
  0C:0B0D    A$main$3316
  0C:0B0E    A$main$3318
  0C:0B0F    A$main$3319
  0C:0B10    A$main$3321
  0C:0B11    A$main$3323
  0C:0B12    A$main$3324
  0C:0B13    A$main$3326
  0C:0B15    A$main$3327
  0C:0B17    A$main$3328
  0C:0B19    A$main$3329
  0C:0B1B    A$main$3330
  0C:0B1D    A$main$3333
  0C:0B1E    A$main$3334
  0C:0B1F    A$main$3335
  0C:0B20    A$main$3336
  0C:0B21    A$main$3337
  0C:0B22    A$main$3338
  0C:0B23    A$main$3340
  0C:0B26    A$main$3343
  0C:0B29    A$main$3344
  0C:0B2B    A$main$3345
  0C:0B2C    A$main$3346
  0C:0B2D    A$main$3351
  0C:0B2D    C$main.c$294$1$1
  0C:0B30    A$main$3352
  0C:0B31    A$main$3355
  0C:0B32    A$main$3356
  0C:0B34    A$main$3357
  0C:0B37    A$main$3361
  0C:0B37    C$main.c$295$1$1
  0C:0B3A    A$main$3365
  0C:0B3A    C$main.c$296$1$1
  0C:0B3A    XG$setLCDPixel$0$0
  0C:0B3D    A$main$3381
  0C:0B3D    C$main.c$297$1$1
  0C:0B3D    G$CreateAxis$0$0
  0C:0B3D    _CreateAxis
  0C:0B3F    A$main$3382
  0C:0B41    A$main$3386
  0C:0B42    A$main$3387
  0C:0B43    A$main$3388
  0C:0B45    A$main$3389
  0C:0B46    A$main$3390
  0C:0B48    A$main$3391
  0C:0B4A    A$main$3394
  0C:0B4C    A$main$3399
  0C:0B4C    C$main.c$300$1$1
  0C:0B4F    A$main$3400
  0C:0B50    A$main$3401
  0C:0B51    A$main$3402
  0C:0B52    A$main$3403
  0C:0B53    A$main$3404
  0C:0B54    A$main$3406
  0C:0B57    A$main$3407
  0C:0B58    A$main$3408
  0C:0B59    A$main$3409
  0C:0B5A    A$main$3410
  0C:0B5B    A$main$3413
  0C:0B5E    A$main$3414
  0C:0B60    A$main$3415
  0C:0B62    A$main$3416
  0C:0B65    A$main$3417
  0C:0B67    A$main$3418
  0C:0B69    A$main$3424
  0C:0B69    C$main.c$299$1$1
  0C:0B6A    A$main$3425
  0C:0B6D    A$main$3426
  0C:0B6E    A$main$3430
  0C:0B70    A$main$3433
  0C:0B72    A$main$3434
  0C:0B74    A$main$3438
  0C:0B75    A$main$3439
  0C:0B76    A$main$3440
  0C:0B78    A$main$3441
  0C:0B79    A$main$3442
  0C:0B7B    A$main$3443
  0C:0B7D    A$main$3446
  0C:0B7F    A$main$3451
  0C:0B7F    C$main.c$302$1$1
  0C:0B82    A$main$3452
  0C:0B84    A$main$3453
  0C:0B85    A$main$3454
  0C:0B86    A$main$3455
  0C:0B87    A$main$3456
  0C:0B88    A$main$3458
  0C:0B8B    A$main$3459
  0C:0B8D    A$main$3460
  0C:0B8E    A$main$3461
  0C:0B8F    A$main$3462
  0C:0B90    A$main$3463
  0C:0B91    A$main$3465
  0C:0B93    A$main$3466
  0C:0B95    A$main$3467
  0C:0B97    A$main$3468
  0C:0B99    A$main$3469
  0C:0B9C    A$main$3470
  0C:0B9E    A$main$3471
  0C:0BA0    A$main$3477
  0C:0BA0    C$main.c$301$1$1
  0C:0BA1    A$main$3478
  0C:0BA4    A$main$3479
  0C:0BA5    A$main$3481
  0C:0BA7    A$main$3486
  0C:0BA7    C$main.c$304$1$1
  0C:0BAA    A$main$3487
  0C:0BAB    A$main$3488
  0C:0BAC    A$main$3489
  0C:0BAD    A$main$3490
  0C:0BAE    A$main$3492
  0C:0BB1    A$main$3493
  0C:0BB3    A$main$3494
  0C:0BB4    A$main$3495
  0C:0BB5    A$main$3496
  0C:0BB6    A$main$3497
  0C:0BB7    A$main$3500
  0C:0BBA    A$main$3501
  0C:0BBD    A$main$3505
  0C:0BBD    C$main.c$305$1$1
  0C:0BC0    A$main$3506
  0C:0BC2    A$main$3507
  0C:0BC3    A$main$3508
  0C:0BC4    A$main$3509
  0C:0BC5    A$main$3510
  0C:0BC6    A$main$3512
  0C:0BC9    A$main$3513
  0C:0BCB    A$main$3514
  0C:0BCC    A$main$3515
  0C:0BCD    A$main$3516
  0C:0BCE    A$main$3517
  0C:0BCF    A$main$3520
  0C:0BD2    A$main$3521
  0C:0BD5    A$main$3525
  0C:0BD5    C$main.c$306$1$1
  0C:0BD8    A$main$3526
  0C:0BDA    A$main$3527
  0C:0BDB    A$main$3528
  0C:0BDC    A$main$3529
  0C:0BDD    A$main$3530
  0C:0BDE    A$main$3532
  0C:0BE1    A$main$3533
  0C:0BE3    A$main$3534
  0C:0BE4    A$main$3535
  0C:0BE5    A$main$3536
  0C:0BE6    A$main$3537
  0C:0BE7    A$main$3540
  0C:0BEA    A$main$3541
  0C:0BED    A$main$3545
  0C:0BED    C$main.c$307$1$1
  0C:0BF0    A$main$3546
  0C:0BF2    A$main$3547
  0C:0BF3    A$main$3548
  0C:0BF4    A$main$3549
  0C:0BF5    A$main$3550
  0C:0BF6    A$main$3552
  0C:0BF9    A$main$3553
  0C:0BFB    A$main$3554
  0C:0BFC    A$main$3555
  0C:0BFD    A$main$3556
  0C:0BFE    A$main$3557
  0C:0BFF    A$main$3560
  0C:0C02    A$main$3561
  0C:0C05    A$main$3565
  0C:0C05    C$main.c$309$1$1
  0C:0C08    A$main$3566
  0C:0C0A    A$main$3567
  0C:0C0B    A$main$3568
  0C:0C0C    A$main$3569
  0C:0C0D    A$main$3570
  0C:0C0E    A$main$3572
  0C:0C11    A$main$3573
  0C:0C13    A$main$3574
  0C:0C14    A$main$3577
  0C:0C17    A$main$3578
  0C:0C1A    A$main$3582
  0C:0C1A    C$main.c$310$1$1
  0C:0C1D    A$main$3583
  0C:0C1F    A$main$3584
  0C:0C20    A$main$3585
  0C:0C21    A$main$3586
  0C:0C22    A$main$3587
  0C:0C23    A$main$3589
  0C:0C26    A$main$3590
  0C:0C28    A$main$3591
  0C:0C29    A$main$3594
  0C:0C2C    A$main$3595
  0C:0C2F    A$main$3599
  0C:0C2F    C$main.c$311$1$1
  0C:0C32    A$main$3600
  0C:0C34    A$main$3601
  0C:0C35    A$main$3602
  0C:0C36    A$main$3603
  0C:0C37    A$main$3604
  0C:0C38    A$main$3606
  0C:0C3B    A$main$3607
  0C:0C3D    A$main$3608
  0C:0C3E    A$main$3611
  0C:0C41    A$main$3612
  0C:0C44    A$main$3616
  0C:0C44    C$main.c$312$1$1
  0C:0C47    A$main$3617
  0C:0C49    A$main$3618
  0C:0C4A    A$main$3619
  0C:0C4B    A$main$3620
  0C:0C4C    A$main$3621
  0C:0C4D    A$main$3623
  0C:0C50    A$main$3624
  0C:0C52    A$main$3625
  0C:0C53    A$main$3628
  0C:0C56    A$main$3629
  0C:0C59    A$main$3633
  0C:0C59    C$main.c$314$1$1
  0C:0C5C    A$main$3634
  0C:0C5D    A$main$3635
  0C:0C5E    A$main$3636
  0C:0C5F    A$main$3637
  0C:0C60    A$main$3639
  0C:0C63    A$main$3640
  0C:0C65    A$main$3641
  0C:0C66    A$main$3642
  0C:0C67    A$main$3643
  0C:0C68    A$main$3644
  0C:0C69    A$main$3647
  0C:0C6C    A$main$3648
  0C:0C6F    A$main$3652
  0C:0C6F    C$main.c$315$1$1
  0C:0C72    A$main$3653
  0C:0C74    A$main$3654
  0C:0C75    A$main$3655
  0C:0C76    A$main$3656
  0C:0C77    A$main$3657
  0C:0C78    A$main$3659
  0C:0C7B    A$main$3660
  0C:0C7C    A$main$3661
  0C:0C7D    A$main$3662
  0C:0C7E    A$main$3663
  0C:0C7F    A$main$3666
  0C:0C82    A$main$3667
  0C:0C85    A$main$3671
  0C:0C85    C$main.c$316$1$1
  0C:0C88    A$main$3672
  0C:0C8A    A$main$3673
  0C:0C8B    A$main$3674
  0C:0C8C    A$main$3675
  0C:0C8D    A$main$3676
  0C:0C8E    A$main$3678
  0C:0C91    A$main$3679
  0C:0C92    A$main$3680
  0C:0C93    A$main$3681
  0C:0C94    A$main$3682
  0C:0C95    A$main$3685
  0C:0C98    A$main$3686
  0C:0C9B    A$main$3690
  0C:0C9B    C$main.c$317$1$1
  0C:0C9E    A$main$3691
  0C:0CA0    A$main$3692
  0C:0CA1    A$main$3693
  0C:0CA2    A$main$3694
  0C:0CA3    A$main$3695
  0C:0CA4    A$main$3697
  0C:0CA7    A$main$3698
  0C:0CA8    A$main$3699
  0C:0CA9    A$main$3700
  0C:0CAA    A$main$3701
  0C:0CAB    A$main$3704
  0C:0CAE    A$main$3705
  0C:0CB1    A$main$3709
  0C:0CB1    C$main.c$318$1$1
  0C:0CB4    A$main$3710
  0C:0CB6    A$main$3711
  0C:0CB7    A$main$3712
  0C:0CB8    A$main$3713
  0C:0CB9    A$main$3714
  0C:0CBA    A$main$3716
  0C:0CBD    A$main$3717
  0C:0CBF    A$main$3718
  0C:0CC0    A$main$3719
  0C:0CC1    A$main$3720
  0C:0CC2    A$main$3721
  0C:0CC3    A$main$3724
  0C:0CC6    A$main$3725
  0C:0CC9    A$main$3729
  0C:0CC9    C$main.c$319$1$1
  0C:0CCC    A$main$3730
  0C:0CCE    A$main$3731
  0C:0CCF    A$main$3732
  0C:0CD0    A$main$3733
  0C:0CD1    A$main$3734
  0C:0CD2    A$main$3736
  0C:0CD5    A$main$3737
  0C:0CD6    A$main$3738
  0C:0CD7    A$main$3739
  0C:0CD8    A$main$3740
  0C:0CD9    A$main$3743
  0C:0CDC    A$main$3744
  0C:0CDF    A$main$3748
  0C:0CDF    C$main.c$320$1$1
  0C:0CE2    A$main$3749
  0C:0CE4    A$main$3750
  0C:0CE5    A$main$3751
  0C:0CE6    A$main$3752
  0C:0CE7    A$main$3753
  0C:0CE8    A$main$3755
  0C:0CEB    A$main$3756
  0C:0CEC    A$main$3757
  0C:0CED    A$main$3758
  0C:0CEE    A$main$3759
  0C:0CEF    A$main$3762
  0C:0CF2    A$main$3763
  0C:0CF5    A$main$3767
  0C:0CF5    C$main.c$321$1$1
  0C:0CF8    A$main$3768
  0C:0CFA    A$main$3769
  0C:0CFB    A$main$3770
  0C:0CFC    A$main$3771
  0C:0CFD    A$main$3772
  0C:0CFE    A$main$3774
  0C:0D01    A$main$3775
  0C:0D03    A$main$3776
  0C:0D04    A$main$3777
  0C:0D05    A$main$3778
  0C:0D06    A$main$3779
  0C:0D07    A$main$3782
  0C:0D0A    A$main$3786
  0C:0D0A    C$main.c$324$1$1
  0C:0D0A    XG$CreateAxis$0$0
  0C:0D0D    A$main$3803
  0C:0D0D    C$main.c$326$1$1
  0C:0D0D    G$bitMap$0$0
  0C:0D0D    _bitMap
  0C:0D0F    A$main$3804
  0C:0D11    A$main$3805
  0C:0D14    A$main$3806
  0C:0D15    A$main$3807
  0C:0D16    A$main$3808
  0C:0D17    A$main$3809
  0C:0D18    A$main$3813
  0C:0D18    C$main.c$328$1$1
  0C:0D1B    A$main$3814
  0C:0D1C    A$main$3815
  0C:0D1D    A$main$3816
  0C:0D1E    A$main$3817
  0C:0D1F    A$main$3818
  0C:0D20    A$main$3820
  0C:0D23    A$main$3821
  0C:0D25    A$main$3822
  0C:0D26    A$main$3823
  0C:0D27    A$main$3824
  0C:0D28    A$main$3825
  0C:0D29    A$main$3827
  0C:0D2B    A$main$3828
  0C:0D2D    A$main$3829
  0C:0D30    A$main$3830
  0C:0D32    A$main$3831
  0C:0D34    A$main$3833
  0C:0D37    A$main$3834
  0C:0D38    A$main$3835
  0C:0D39    A$main$3836
  0C:0D3A    A$main$3837
  0C:0D3B    A$main$3838
  0C:0D3C    A$main$3840
  0C:0D3F    A$main$3841
  0C:0D41    A$main$3842
  0C:0D42    A$main$3843
  0C:0D43    A$main$3844
  0C:0D44    A$main$3845
  0C:0D45    A$main$3847
  0C:0D47    A$main$3848
  0C:0D49    A$main$3849
  0C:0D4B    A$main$3850
  0C:0D4D    A$main$3851
  0C:0D50    A$main$3852
  0C:0D52    A$main$3853
  0C:0D54    A$main$3854
  0C:0D56    A$main$3855
  0C:0D58    A$main$3858
  0C:0D59    A$main$3860
  0C:0D5A    A$main$3861
  0C:0D5B    A$main$3863
  0C:0D5C    A$main$3865
  0C:0D5D    A$main$3866
  0C:0D5E    A$main$3870
  0C:0D5E    C$main.c$329$1$1
  0C:0D60    A$main$3871
  0C:0D62    A$main$3874
  0C:0D64    A$main$3875
  0C:0D66    A$main$3876
  0C:0D68    A$main$3877
  0C:0D6B    A$main$3878
  0C:0D6D    A$main$3879
  0C:0D6F    A$main$3886
  0C:0D6F    C$main.c$330$1$1
  0C:0D71    A$main$3887
  0C:0D73    A$main$3890
  0C:0D75    A$main$3891
  0C:0D78    A$main$3895
  0C:0D78    C$main.c$331$1$1
  0C:0D7B    A$main$3896
  0C:0D7E    A$main$3900
  0C:0D7E    C$main.c$332$1$1
  0C:0D81    A$main$3901
  0C:0D82    A$main$3904
  0C:0D83    A$main$3905
  0C:0D85    A$main$3906
  0C:0D88    A$main$3910
  0C:0D88    C$main.c$333$1$1
  0C:0D8B    A$main$3914
  0C:0D8B    C$main.c$334$1$1
  0C:0D8B    XG$bitMap$0$0
  0C:0D8E    ___fssub
  0C:0D99    ___fsmul
  0C:0E1F    fsgetargs
  0C:0E4D    fs_normalize_a
  0C:0E76    _cosf
  0C:0EDD    ___slong2fs
  0C:0EE6    slong2fs_doit
  0C:0F0A    ___fseq
  0C:0F1B    _sinf
  0C:0F7E    ___fsgt
  0C:0FAE    _sincosf
  0C:15A6    ___fslt
  0C:15D6    __mulint
  0C:15F6    __modsint
  0C:1664    __moduint
  0C:1712    ___fsadd
  0C:1715    fsadd_direct_entry
  0C:176B    __divsint
  0C:17E3    __divuint
  0C:187E    _fabsf
  0C:18BC    fs_compare_uint32
  0C:18DA    fs_check_negative_zeros
  0C:1905    ___sint2fs
  0C:1912    ___fs2sint
  0C:193A    ___fs2uint
  0C:1945    fs_round_and_return
  0C:195D    fs_zerocheck_return
  0C:1966    fs_return_zero
  0C:196E    fs_direct_return
  0C:197C    fs_return_inf
  0C:1989    fs_return_nan
  0C:1994    fs_swap_a_b
  0C:19AE    ___fsdiv
  0C:1A46    fs_rshift_a
  0C:1A89    ___fs2slong
  0C:1AD8    __sdcc_external_startup
  0C:1ADC    fsgetarg
  0C:1AEE    ___fs2ulong
  0C:1AF0    fs2ulong_begin

Hexadecimal

Area                               Addr   Size   Decimal Bytes (Attributes)
--------------------------------   ----   ----   ------- ----- ------------
GSINIT0                            1B15   0003 =      3. bytes (REL,CON,CODE)

      Value  Global
   --------  --------------------------------
  0C:1B15    __sdcc_gsinit_startup

Hexadecimal

Area                               Addr   Size   Decimal Bytes (Attributes)
--------------------------------   ----   ----   ------- ----- ------------
GSINIT1                            1B18   0000 =      0. bytes (REL,CON,CODE)

Hexadecimal

Area                               Addr   Size   Decimal Bytes (Attributes)
--------------------------------   ----   ----   ------- ----- ------------
GSINIT2                            1B18   000A =     10. bytes (REL,CON,CODE)

Hexadecimal

Area                               Addr   Size   Decimal Bytes (Attributes)
--------------------------------   ----   ----   ------- ----- ------------
GSINIT3                            1B22   0022 =     34. bytes (REL,CON,CODE)

      Value  Global
   --------  --------------------------------
  0C:1B22    __mcs51_genXINIT

Hexadecimal

Area                               Addr   Size   Decimal Bytes (Attributes)
--------------------------------   ----   ----   ------- ----- ------------
GSINIT4                            1B44   002A =     42. bytes (REL,CON,CODE)

      Value  Global
   --------  --------------------------------
  0C:1B44    __mcs51_genRAMCLEAR
  0C:1B4A    __mcs51_genXRAMCLEAR

Hexadecimal

Area                               Addr   Size   Decimal Bytes (Attributes)
--------------------------------   ----   ----   ------- ----- ------------
GSINIT5                            1B6E   0000 =      0. bytes (REL,CON,CODE)

Hexadecimal

Area                               Addr   Size   Decimal Bytes (Attributes)
--------------------------------   ----   ----   ------- ----- ------------
GSINIT                             1B6E   0000 =      0. bytes (REL,CON,CODE)

Hexadecimal

Area                               Addr   Size   Decimal Bytes (Attributes)
--------------------------------   ----   ----   ------- ----- ------------
GSFINAL                            1B6E   0003 =      3. bytes (REL,CON,CODE)

      Value  Global
   --------  --------------------------------
  0C:1B6E    A$main$567

Hexadecimal

Area                               Addr   Size   Decimal Bytes (Attributes)
--------------------------------   ----   ----   ------- ----- ------------
HOME                               1B71   0000 =      0. bytes (REL,CON,CODE)

Hexadecimal

Area                               Addr   Size   Decimal Bytes (Attributes)
--------------------------------   ----   ----   ------- ----- ------------
XINIT                              1B71   0010 =     16. bytes (REL,CON,CODE)

      Value  Global
   --------  --------------------------------
  0C:1B71    Fmain$__xinit_duration$0$0
  0C:1B75    Fmain$__xinit_distances$0$0
  0C:1B79    Fmain$__xinit_angle$0$0
  0C:1B7D    Fmain$__xinit_counter$0$0
  0C:1B7F    Fmain$__xinit_numberOfScans$0$0
ASxxxx Linker V01.70 + NoICE + SDCC Feb 1999,  page 1.

Files Linked      [ module(s) ]

main.rel        

Libraries Linked            [   object  file   ]

C:\Program Files (x86)\SDCC\bin\..\lib\large/libfloat.lib    [           _fssub ]
C:\Program Files (x86)\SDCC\bin\..\lib\large/libfloat.lib    [           _fsmul ]
C:\Program Files (x86)\SDCC\bin\..\lib\large/libfloat.lib    [      _fsget2args ]
C:\Program Files (x86)\SDCC\bin\..\lib\large/mcs51.lib    [     crtclear.rel ]
C:\Program Files (x86)\SDCC\bin\..\lib\large/libfloat.lib    [     _fsnormalize ]
C:\Program Files (x86)\SDCC\bin\..\lib\large/libfloat.lib    [             cosf ]
C:\Program Files (x86)\SDCC\bin\..\lib\large/libfloat.lib    [        _slong2fs ]
C:\Program Files (x86)\SDCC\bin\..\lib\large/libfloat.lib    [            _fseq ]
C:\Program Files (x86)\SDCC\bin\..\lib\large/mcs51.lib    [     crtxinit.rel ]
C:\Program Files (x86)\SDCC\bin\..\lib\large/libfloat.lib    [             sinf ]
C:\Program Files (x86)\SDCC\bin\..\lib\large/libfloat.lib    [            _fsgt ]
C:\Program Files (x86)\SDCC\bin\..\lib\large/libfloat.lib    [          sincosf ]
C:\Program Files (x86)\SDCC\bin\..\lib\large/libfloat.lib    [            _fslt ]
C:\Program Files (x86)\SDCC\bin\..\lib\large/libint.lib    [          _mulint ]
C:\Program Files (x86)\SDCC\bin\..\lib\large/libint.lib    [         _modsint ]
C:\Program Files (x86)\SDCC\bin\..\lib\large/libint.lib    [         _moduint ]
C:\Program Files (x86)\SDCC\bin\..\lib\large/mcs51.lib    [    crtxclear.rel ]
C:\Program Files (x86)\SDCC\bin\..\lib\large/libfloat.lib    [           _fsadd ]
C:\Program Files (x86)\SDCC\bin\..\lib\large/libint.lib    [         _divsint ]
C:\Program Files (x86)\SDCC\bin\..\lib\large/libint.lib    [         _divuint ]
C:\Program Files (x86)\SDCC\bin\..\lib\large/libfloat.lib    [            fabsf ]
C:\Program Files (x86)\SDCC\bin\..\lib\large/libfloat.lib    [           _fscmp ]
C:\Program Files (x86)\SDCC\bin\..\lib\large/libfloat.lib    [         _sint2fs ]
C:\Program Files (x86)\SDCC\bin\..\lib\large/libfloat.lib    [         _fs2sint ]
C:\Program Files (x86)\SDCC\bin\..\lib\large/libfloat.lib    [         _fs2uint ]
C:\Program Files (x86)\SDCC\bin\..\lib\large/libsdcc.lib    [              _bp ]
C:\Program Files (x86)\SDCC\bin\..\lib\large/libfloat.lib    [     _fsreturnval ]
C:\Program Files (x86)\SDCC\bin\..\lib\large/mcs51.lib    [   crtpagesfr.rel ]
C:\Program Files (x86)\SDCC\bin\..\lib\large/libfloat.lib    [      _fsswapargs ]
C:\Program Files (x86)\SDCC\bin\..\lib\large/libfloat.lib    [           _fsdiv ]
C:\Program Files (x86)\SDCC\bin\..\lib\large/mcs51.lib    [     crtstart.rel ]
C:\Program Files (x86)\SDCC\bin\..\lib\large/libfloat.lib    [            errno ]
C:\Program Files (x86)\SDCC\bin\..\lib\large/libfloat.lib    [        _fsrshift ]
C:\Program Files (x86)\SDCC\bin\..\lib\large/libfloat.lib    [        _fs2slong ]
C:\Program Files (x86)\SDCC\bin\..\lib\large/libsdcc.lib    [         _startup ]
C:\Program Files (x86)\SDCC\bin\..\lib\large/libfloat.lib    [       _fsget1arg ]
C:\Program Files (x86)\SDCC\bin\..\lib\large/libfloat.lib    [        _fs2ulong ]

ASxxxx Linker V01.70 + NoICE + SDCC Feb 1999,  page 2.

User Base Address Definitions

CSEG = 0x0000
ISEG = 0x0080
BSEG = 0x0000

